Archive member included to satisfy reference by file (symbol)

libDaisy/build\libdaisy.a(daisy_seed.o)
                              build/Blink.o (daisy::DaisySeed::Configure())
libDaisy/build\libdaisy.a(codec_ak4556.o)
                              libDaisy/build\libdaisy.a(daisy_seed.o) (daisy::Ak4556::Init(dsy_gpio_pin))
libDaisy/build\libdaisy.a(codec_wm8731.o)
                              libDaisy/build\libdaisy.a(daisy_seed.o) (daisy::Wm8731::Init(daisy::Wm8731::Config const&, daisy::I2CHandle))
libDaisy/build\libdaisy.a(sdram.o)
                              libDaisy/build\libdaisy.a(daisy_seed.o) (SdramHandle::Init())
libDaisy/build\libdaisy.a(audio.o)
                              libDaisy/build\libdaisy.a(daisy_seed.o) (daisy::AudioHandle::Init(daisy::AudioHandle::Config const&, daisy::SaiHandle))
libDaisy/build\libdaisy.a(dac.o)
                              build/Blink.o (daisy::DacHandle::Init(daisy::DacHandle::Config const&))
libDaisy/build\libdaisy.a(gpio.o)
                              build/Blink.o (daisy::GPIO::Init(daisy::GPIO::Config const&))
libDaisy/build\libdaisy.a(i2c.o)
                              libDaisy/build\libdaisy.a(daisy_seed.o) (daisy::I2CHandle::Init(daisy::I2CHandle::Config const&))
libDaisy/build\libdaisy.a(qspi.o)
                              libDaisy/build\libdaisy.a(daisy_seed.o) (daisy::QSPIHandle::Init(daisy::QSPIHandle::Config const&))
libDaisy/build\libdaisy.a(sai.o)
                              libDaisy/build\libdaisy.a(daisy_seed.o) (daisy::SaiHandle::Init(daisy::SaiHandle::Config const&))
libDaisy/build\libdaisy.a(system.o)
                              libDaisy/build\libdaisy.a(daisy_seed.o) (daisy::System::DeInit())
libDaisy/build\libdaisy.a(system_stm32h7xx.o)
                              build/startup_stm32h750xx.o (SystemInit)
libDaisy/build\libdaisy.a(usbd_conf.o)
                              libDaisy/build\libdaisy.a(system.o) (hpcd_USB_OTG_HS)
libDaisy/build\libdaisy.a(usbh_conf.o)
                              libDaisy/build\libdaisy.a(system.o) (hhcd_USB_OTG_HS)
libDaisy/build\libdaisy.a(hal_map.o)
                              libDaisy/build\libdaisy.a(gpio.o) (dsy_hal_map_get_port)
libDaisy/build\libdaisy.a(stm32h7xx_hal.o)
                              libDaisy/build\libdaisy.a(system.o) (HAL_Init)
libDaisy/build\libdaisy.a(stm32h7xx_hal_cortex.o)
                              libDaisy/build\libdaisy.a(stm32h7xx_hal.o) (HAL_NVIC_SetPriorityGrouping)
libDaisy/build\libdaisy.a(stm32h7xx_hal_dac.o)
                              libDaisy/build\libdaisy.a(dac.o) (HAL_DAC_Init)
libDaisy/build\libdaisy.a(stm32h7xx_hal_dac_ex.o)
                              libDaisy/build\libdaisy.a(stm32h7xx_hal_dac.o) (HAL_DACEx_DMAUnderrunCallbackCh2)
libDaisy/build\libdaisy.a(stm32h7xx_hal_dma.o)
                              libDaisy/build\libdaisy.a(dac.o) (HAL_DMA_Init)
libDaisy/build\libdaisy.a(stm32h7xx_hal_gpio.o)
                              libDaisy/build\libdaisy.a(sdram.o) (HAL_GPIO_Init)
libDaisy/build\libdaisy.a(stm32h7xx_hal_hcd.o)
                              libDaisy/build\libdaisy.a(usbh_conf.o) (HAL_HCD_HC_Init)
libDaisy/build\libdaisy.a(stm32h7xx_hal_i2c.o)
                              libDaisy/build\libdaisy.a(i2c.o) (HAL_I2C_Init)
libDaisy/build\libdaisy.a(stm32h7xx_hal_i2c_ex.o)
                              libDaisy/build\libdaisy.a(i2c.o) (HAL_I2CEx_ConfigAnalogFilter)
libDaisy/build\libdaisy.a(stm32h7xx_hal_pcd.o)
                              libDaisy/build\libdaisy.a(usbd_conf.o) (HAL_PCD_Init)
libDaisy/build\libdaisy.a(stm32h7xx_hal_pcd_ex.o)
                              libDaisy/build\libdaisy.a(usbd_conf.o) (HAL_PCDEx_SetTxFiFo)
libDaisy/build\libdaisy.a(stm32h7xx_hal_pwr_ex.o)
                              libDaisy/build\libdaisy.a(system.o) (HAL_PWREx_ConfigSupply)
libDaisy/build\libdaisy.a(stm32h7xx_hal_qspi.o)
                              libDaisy/build\libdaisy.a(qspi.o) (HAL_QSPI_Init)
libDaisy/build\libdaisy.a(stm32h7xx_hal_rcc.o)
                              libDaisy/build\libdaisy.a(system.o) (HAL_RCC_OscConfig)
libDaisy/build\libdaisy.a(stm32h7xx_hal_rcc_ex.o)
                              libDaisy/build\libdaisy.a(system.o) (HAL_RCCEx_PeriphCLKConfig)
libDaisy/build\libdaisy.a(stm32h7xx_hal_sai.o)
                              libDaisy/build\libdaisy.a(sai.o) (HAL_SAI_InitProtocol)
libDaisy/build\libdaisy.a(stm32h7xx_hal_sdram.o)
                              libDaisy/build\libdaisy.a(sdram.o) (HAL_SDRAM_Init)
libDaisy/build\libdaisy.a(stm32h7xx_hal_tim.o)
                              libDaisy/build\libdaisy.a(dac.o) (HAL_TIM_Base_Init)
libDaisy/build\libdaisy.a(stm32h7xx_hal_tim_ex.o)
                              libDaisy/build\libdaisy.a(stm32h7xx_hal_tim.o) (TIMEx_DMACommutationCplt)
libDaisy/build\libdaisy.a(stm32h7xx_ll_fmc.o)
                              libDaisy/build\libdaisy.a(stm32h7xx_hal_sdram.o) (FMC_SDRAM_Init)
libDaisy/build\libdaisy.a(stm32h7xx_ll_usb.o)
[...]
Memory Configuration

Name             Origin             Length             Attributes
FLASH            0x08000000         0x00020000         xr
DTCMRAM          0x20000000         0x00020000         xrw
SRAM             0x24000000         0x00080000         xrw
RAM_D2           0x30000000         0x00048000         xrw
RAM_D3           0x38000000         0x00010000         xrw
BACKUP_SRAM      0x38800000         0x00001000         xrw
ITCMRAM          0x00000000         0x00010000         xrw
SDRAM            0xc0000000         0x04000000         xrw
QSPIFLASH        0x90000000         0x00800000         xr
*default*        0x00000000         0xffffffff

Linker script and memory map

LOAD C:/Program Files (x86)/GNU Tools Arm Embedded/version13-3/bin/../lib/gcc/arm-none-eabi/13.3.1/thumb/v7e-m+dp/hard/crti.o
LOAD C:/Program Files (x86)/GNU Tools Arm Embedded/version13-3/bin/../lib/gcc/arm-none-eabi/13.3.1/thumb/v7e-m+dp/hard/crtbegin.o
LOAD C:/Program Files (x86)/GNU Tools Arm Embedded/version13-3/bin/../lib/gcc/arm-none-eabi/13.3.1/thumb/v7e-m+dp/hard/crt0.o
LOAD build/startup_stm32h750xx.o
LOAD build/Blink.o
LOAD build/key.o
LOAD build/keyboard.o
LOAD libDaisy/build\libdaisy.a
LOAD C:/Program Files (x86)/GNU Tools Arm Embedded/version13-3/bin/../lib/gcc/arm-none-eabi/13.3.1/thumb/v7e-m+dp/hard\libnosys.a
LOAD DaisySP/build\libdaisysp.a
LOAD C:/Program Files (x86)/GNU Tools Arm Embedded/version13-3/bin/../lib/gcc/arm-none-eabi/13.3.1/thumb/v7e-m+dp/hard\libstdc++_nano.a
LOAD C:/Program Files (x86)/GNU Tools Arm Embedded/version13-3/bin/../lib/gcc/arm-none-eabi/13.3.1/thumb/v7e-m+dp/hard\libm.a
LOAD C:/Program Files (x86)/GNU Tools Arm Embedded/version13-3/bin/../lib/gcc/arm-none-eabi/13.3.1/thumb/v7e-m+dp/hard\libc_nano.a
START GROUP
LOAD C:/Program Files (x86)/GNU Tools Arm Embedded/version13-3/bin/../lib/gcc/arm-none-eabi/13.3.1/thumb/v7e-m+dp/hard\libgcc.a
LOAD C:/Program Files (x86)/GNU Tools Arm Embedded/version13-3/bin/../lib/gcc/arm-none-eabi/13.3.1/thumb/v7e-m+dp/hard\libc_nano.a
END GROUP
START GROUP
LOAD C:/Program Files (x86)/GNU Tools Arm Embedded/version13-3/bin/../lib/gcc/arm-none-eabi/13.3.1/thumb/v7e-m+dp/hard\libgcc.a
LOAD C:/Program Files (x86)/GNU Tools Arm Embedded/version13-3/bin/../lib/gcc/arm-none-eabi/13.3.1/thumb/v7e-m+dp/hard\libc_nano.a
LOAD C:/Program Files (x86)/GNU Tools Arm Embedded/version13-3/bin/../lib/gcc/arm-none-eabi/13.3.1/thumb/v7e-m+dp/hard\libnosys.a
END GROUP
START GROUP
LOAD C:/Program Files (x86)/GNU Tools Arm Embedded/version13-3/bin/../lib/gcc/arm-none-eabi/13.3.1/thumb/v7e-m+dp/hard\libgcc.a
LOAD C:/Program Files (x86)/GNU Tools Arm Embedded/version13-3/bin/../lib/gcc/arm-none-eabi/13.3.1/thumb/v7e-m+dp/hard\libc_nano.a
LOAD C:/Program Files (x86)/GNU Tools Arm Embedded/version13-3/bin/../lib/gcc/arm-none-eabi/13.3.1/thumb/v7e-m+dp/hard\libnosys.a
END GROUP
LOAD C:/Program Files (x86)/GNU Tools Arm Embedded/version13-3/bin/../lib/gcc/arm-none-eabi/13.3.1/thumb/v7e-m+dp/hard/crtend.o
LOAD C:/Program Files (x86)/GNU Tools Arm Embedded/version13-3/bin/../lib/gcc/arm-none-eabi/13.3.1/thumb/v7e-m+dp/hard/crtn.o
                0x20020000                        _estack = 0x20020000

.isr_vector     0x08000000      0x298
                0x08000000                        . = ALIGN (0x4)
 *(.isr_vector)
 .isr_vector    0x08000000      0x298 build/startup_stm32h750xx.o
                0x08000000                g_pfnVectors
                0x08000298                        . = ALIGN (0x4)

.text           0x08000298    0x13020
                0x08000298                        . = ALIGN (0x4)
                0x08000298                        _stext = .
 *(.text)
 .text          0x08000298       0x30 C:/Program Files (x86)/GNU Tools Arm Embedded/version13-3/bin/../lib/gcc/arm-none-eabi/13.3.1/thumb/v7e-m+dp/hard\libgcc.a(_aeabi_uldivmod.o)
                0x08000298                __aeabi_uldivmod
 .text          0x080002c8        0x4 C:/Program Files (x86)/GNU Tools Arm Embedded/version13-3/bin/../lib/gcc/arm-none-eabi/13.3.1/thumb/v7e-m+dp/hard\libgcc.a(_dvmd_tls.o)
                0x080002c8                __aeabi_idiv0
                0x080002c8                __aeabi_ldiv0
 *(.text*)
 .text.deregister_tm_clones
                0x080002cc       0x1c C:/Program Files (x86)/GNU Tools Arm Embedded/version13-3/bin/../lib/gcc/arm-none-eabi/13.3.1/thumb/v7e-m+dp/hard/crtbegin.o
 .text.register_tm_clones
                0x080002e8       0x24 C:/Program Files (x86)/GNU Tools Arm Embedded/version13-3/bin/../lib/gcc/arm-none-eabi/13.3.1/thumb/v7e-m+dp/hard/crtbegin.o
 .text.__do_global_dtors_aux
                0x0800030c       0x28 C:/Program Files (x86)/GNU Tools Arm Embedded/version13-3/bin/../lib/gcc/arm-none-eabi/13.3.1/thumb/v7e-m+dp/hard/crtbegin.o
 .text.frame_dummy
                0x08000334       0x24 C:/Program Files (x86)/GNU Tools Arm Embedded/version13-3/bin/../lib/gcc/arm-none-eabi/13.3.1/thumb/v7e-m+dp/hard/crtbegin.o
 .text.Default_Handler
                0x08000358        0x4 build/startup_stm32h750xx.o
                0x08000358                RTC_Alarm_IRQHandler
                0x08000358                HASH_RNG_IRQHandler
                0x08000358                EXTI2_IRQHandler
                0x08000358                TIM8_CC_IRQHandler
                0x08000358                HRTIM1_Master_IRQHandler
                0x08000358                DebugMon_Handler
                0x08000358                TIM1_CC_IRQHandler
                0x08000358                BDMA_Channel6_IRQHandler
                0x08000358                DMA2_Stream5_IRQHandler
                0x08000358                HRTIM1_FLT_IRQHandler
                0x08000358                JPEG_IRQHandler
                0x08000358                BDMA_Channel1_IRQHandler
                0x08000358                HRTIM1_TIMD_IRQHandler
                0x08000358                TAMP_STAMP_IRQHandler
                0x08000358                PendSV_Handler
                0x08000358                NMI_Handler
                0x08000358                EXTI3_IRQHandler
                0x08000358                LPTIM4_IRQHandler
                0x08000358                TIM8_TRG_COM_TIM14_IRQHandler
                0x08000358                LPTIM2_IRQHandler
                0x08000358                DFSDM1_FLT1_IRQHandler
                0x08000358                DMAMUX2_OVR_IRQHandler
                0x08000358                TIM8_UP_TIM13_IRQHandler
                0x08000358                I2C3_ER_IRQHandler
                0x08000358                DFSDM1_FLT2_IRQHandler
                0x08000358                MDMA_IRQHandler
                0x08000358                LPTIM3_IRQHandler
                0x08000358                HSEM1_IRQHandler
                0x08000358                EXTI0_IRQHandler
                0x08000358                DMA1_Stream2_IRQHandler
                0x08000358                FPU_IRQHandler
                0x08000358                OTG_HS_WKUP_IRQHandler
                0x08000358                FDCAN1_IT1_IRQHandler
                0x08000358                UsageFault_Handler
                0x08000358                LTDC_ER_IRQHandler
                0x08000358                HRTIM1_TIME_IRQHandler
                0x08000358                DCMI_IRQHandler
                0x08000358                HRTIM1_TIMC_IRQHandler
                0x08000358                SAI2_IRQHandler
                0x08000358                DFSDM1_FLT3_IRQHandler
                0x08000358                TIM17_IRQHandler
                0x08000358                CRYP_IRQHandler
                0x08000358                BDMA_Channel7_IRQHandler
                0x08000358                LPTIM5_IRQHandler
                0x08000358                ADC3_IRQHandler
                0x08000358                BDMA_Channel2_IRQHandler
                0x08000358                DMAMUX1_OVR_IRQHandler
                0x08000358                TIM16_IRQHandler
                0x08000358                BDMA_Channel5_IRQHandler
                0x08000358                RCC_IRQHandler
                0x08000358                TIM8_BRK_TIM12_IRQHandler
                0x08000358                TIM1_TRG_COM_IRQHandler
                0x08000358                Default_Handler
                0x08000358                ECC_IRQHandler
                0x08000358                CEC_IRQHandler
                0x08000358                EXTI15_10_IRQHandler
                0x08000358                BDMA_Channel0_IRQHandler
                0x08000358                ADC_IRQHandler
                0x08000358                DMA1_Stream7_IRQHandler
                0x08000358                HRTIM1_TIMA_IRQHandler
                0x08000358                TIM7_IRQHandler
                0x08000358                SDMMC1_IRQHandler
                0x08000358                DMA2_Stream7_IRQHandler
                0x08000358                TIM15_IRQHandler
                0x08000358                PVD_AVD_IRQHandler
                0x08000358                EXTI9_5_IRQHandler
                0x08000358                RTC_WKUP_IRQHandler
                0x08000358                LTDC_IRQHandler
                0x08000358                SAI3_IRQHandler
                0x08000358                ETH_WKUP_IRQHandler
                0x08000358                SPDIF_RX_IRQHandler
                0x08000358                MemManage_Handler
                0x08000358                SVC_Handler
                0x08000358                CRS_IRQHandler
                0x08000358                EXTI4_IRQHandler
                0x08000358                HRTIM1_TIMB_IRQHandler
                0x08000358                FDCAN2_IT1_IRQHandler
                0x08000358                ETH_IRQHandler
                0x08000358                TIM1_UP_IRQHandler
                0x08000358                BDMA_Channel4_IRQHandler
                0x08000358                WWDG_IRQHandler
                0x08000358                SPI6_IRQHandler
                0x08000358                I2C4_EV_IRQHandler
                0x08000358                MDIOS_IRQHandler
                0x08000358                FDCAN2_IT0_IRQHandler
                0x08000358                FDCAN1_IT0_IRQHandler
                0x08000358                OTG_FS_WKUP_IRQHandler
                0x08000358                DMA2D_IRQHandler
                0x08000358                TIM1_BRK_IRQHandler
                0x08000358                EXTI1_IRQHandler
                0x08000358                SDMMC2_IRQHandler
                0x08000358                OTG_FS_EP1_OUT_IRQHandler
                0x08000358                BDMA_Channel3_IRQHandler
                0x08000358                MDIOS_WKUP_IRQHandler
                0x08000358                DFSDM1_FLT0_IRQHandler
                0x08000358                SAI4_IRQHandler
                0x08000358                I2C2_ER_IRQHandler
                0x08000358                FLASH_IRQHandler
                0x08000358                BusFault_Handler
                0x08000358                OTG_FS_IRQHandler
                0x08000358                WAKEUP_PIN_IRQHandler
                0x08000358                OTG_FS_EP1_IN_IRQHandler
                0x08000358                I2C1_ER_IRQHandler
                0x08000358                FMC_IRQHandler
                0x08000358                FDCAN_CAL_IRQHandler
                0x08000358                SWPMI1_IRQHandler
                0x08000358                COMP1_IRQHandler
                0x08000358                LPTIM1_IRQHandler
                0x08000358                I2C4_ER_IRQHandler
                0x08000358                DMA2_Stream6_IRQHandler
                0x08000358                SAI1_IRQHandler
 .text.Reset_Handler
                0x0800035c       0x44 build/startup_stm32h750xx.o
                0x0800035c                Reset_Handler
 .text._ZN5daisy9DaisySeedD2Ev
                0x080003a0        0x4 build/Blink.o
                0x080003a0                daisy::DaisySeed::~DaisySeed()
                0x080003a0                daisy::DaisySeed::~DaisySeed()
 *fill*         0x080003a4        0x4 
 .text._Z17enclosure_Cf_funcd
                0x080003a8       0x78 build/Blink.o
                0x080003a8                enclosure_Cf_func(double)
 .text._Z18enclosure_Ch1_funcd
                0x08000420       0x78 build/Blink.o
                0x08000420                enclosure_Ch1_func(double)
 .text._Z18enclosure_Ch2_funcd
                0x08000498       0x78 build/Blink.o
                0x08000498                enclosure_Ch2_func(double)
 .text._Z18enclosure_Ch3_funcd
                0x08000510       0x78 build/Blink.o
                0x08000510                enclosure_Ch3_func(double)
 .text._Z18enclosure_Ch4_funcd
                0x08000588       0x78 build/Blink.o
                0x08000588                enclosure_Ch4_func(double)
 .text._Z23enclosure_C_Sharpf_funcd
                0x08000600       0x78 build/Blink.o
                0x08000600                enclosure_C_Sharpf_func(double)
 .text._Z24enclosure_C_sharph1_funcd
                0x08000678       0x78 build/Blink.o
                0x08000678                enclosure_C_sharph1_func(double)
 .text._Z24enclosure_C_sharph2_funcd
                0x080006f0       0x78 build/Blink.o
                0x080006f0                enclosure_C_sharph2_func(double)
 .text._Z24enclosure_C_sharph3_funcd
                0x08000768       0x78 build/Blink.o
                0x08000768                enclosure_C_sharph3_func(double)
 .text._Z24enclosure_C_sharph4_funcd
                0x080007e0       0x78 build/Blink.o
                0x080007e0                enclosure_C_sharph4_func(double)
 .text._ZNSt6vectorIN8Keyboard6note_tESaIS1_EE7reserveEj
                0x08000858       0x64 build/Blink.o
                0x08000858                std::vector<Keyboard::note_t, std::allocator<Keyboard::note_t> >::reserve(unsigned int)
 .text._ZNSt6vectorIN8Keyboard6note_tESaIS1_EE17_M_realloc_insertIJS1_EEEvN9__gnu_cxx17__normal_iteratorIPS1_S3_EEDpOT_
                0x080008bc       0xcc build/Blink.o
                0x080008bc                void std::vector<Keyboard::note_t, std::allocator<Keyboard::note_t> >::_M_realloc_insert<Keyboard::note_t>(__gnu_cxx::__normal_iterator<Keyboard::note_t*, std::vector<Keyboard::note_t, std::allocator<Keyboard::note_t> > >, Keyboard::note_t&&)
 .text.startup.main
                0x08000988      0x520 build/Blink.o
                0x08000988                main
 .text.startup._GLOBAL__sub_I__Z17enclosure_Cf_funcd
                0x08000ea8       0x20 build/Blink.o
 .text._Z5dummyd
                0x08000ec8        0x8 build/key.o
                0x08000ec8                dummy(double)
 .text._ZN3KeyC2Eddddd
                0x08000ed0       0x28 build/key.o
                0x08000ed0                Key::Key(double, double, double, double, double)
                0x08000ed0                Key::Key(double, double, double, double, double)
 .text._ZN3Key14get_curr_valueEd
                0x08000ef8       0xe8 build/key.o
                0x08000ef8                Key::get_curr_value(double)
 .text._ZN3Key13set_enclosureEPFddENS_21enclosure_selection_tE
                0x08000fe0       0x24 build/key.o
                0x08000fe0                Key::set_enclosure(double (*)(double), Key::enclosure_selection_t)
 .text._ZN8KeyboardC2EPNS_7freqs_tEPNS_17note_enclosures_tE
                0x08001004      0x644 build/keyboard.o
                0x08001004                Keyboard::Keyboard(Keyboard::freqs_t*, Keyboard::note_enclosures_t*)
                0x08001004                Keyboard::Keyboard(Keyboard::freqs_t*, Keyboard::note_enclosures_t*)
 .text._ZN8Keyboard5pressERKSt6vectorINS_6note_tESaIS1_EE
                0x08001648      0x278 build/keyboard.o
                0x08001648                Keyboard::press(std::vector<Keyboard::note_t, std::allocator<Keyboard::note_t> > const&)
 .text._ZN8Keyboard7depressERKSt6vectorINS_6note_tESaIS1_EE
                0x080018c0      0x10c build/keyboard.o
                0x080018c0                Keyboard::depress(std::vector<Keyboard::note_t, std::allocator<Keyboard::note_t> > const&)
 *fill*         0x080019cc        0x4 
 .text._ZN8Keyboard9get_soundEv
                0x080019d0       0xcc build/keyboard.o
                0x080019d0                Keyboard::get_sound()
 .text._ZN5daisy9DaisySeed9ConfigureEv
                0x08001a9c        0x4 libDaisy/build\libdaisy.a(daisy_seed.o)
                0x08001a9c                daisy::DaisySeed::Configure()
 .text._ZN5daisy9DaisySeed17CheckBoardVersionEv
                0x08001aa0       0x6c libDaisy/build\libdaisy.a(daisy_seed.o)
                0x08001aa0                daisy::DaisySeed::CheckBoardVersion()
 .text._ZN5daisy9DaisySeed14ConfigureAudioEv
                0x08001b0c      0x108 libDaisy/build\libdaisy.a(daisy_seed.o)
                0x08001b0c                daisy::DaisySeed::ConfigureAudio()
 .text._ZN5daisy9DaisySeed4InitEb
                0x08001c14       0xf4 libDaisy/build\libdaisy.a(daisy_seed.o)
                0x08001c14                daisy::DaisySeed::Init(bool)
 .text._ZN5daisy6Ak45564InitE12dsy_gpio_pin
                0x08001d08       0x40 libDaisy/build\libdaisy.a(codec_ak4556.o)
                0x08001d08                daisy::Ak4556::Init(dsy_gpio_pin)
 .text._ZN5daisy6Wm873120WriteControlRegisterEht
                0x08001d48       0x3c libDaisy/build\libdaisy.a(codec_wm8731.o)
                0x08001d48                daisy::Wm8731::WriteControlRegister(unsigned char, unsigned short)
 .text._ZN5daisy6Wm87314InitERKNS0_6ConfigENS_9I2CHandleE
                0x08001d84      0x1b4 libDaisy/build\libdaisy.a(codec_wm8731.o)
                0x08001d84                daisy::Wm8731::Init(daisy::Wm8731::Config const&, daisy::I2CHandle)
 .text._ZN11SdramHandle10DeviceInitEv
                0x08001f38       0x8c libDaisy/build\libdaisy.a(sdram.o)
                0x08001f38                SdramHandle::DeviceInit()
 *fill*         0x08001fc4        0x4 
 .text._ZN11SdramHandle4InitEv
                0x08001fc8       0x88 libDaisy/build\libdaisy.a(sdram.o)
                0x08001fc8                SdramHandle::Init()
 .text.HAL_SDRAM_MspInit
                0x08002050      0x19c libDaisy/build\libdaisy.a(sdram.o)
                0x08002050                HAL_SDRAM_MspInit
 .text._ZN5daisy11AudioHandle4InitERKNS0_6ConfigENS_9SaiHandleE
                0x080021ec       0x70 libDaisy/build\libdaisy.a(audio.o)
                0x080021ec                daisy::AudioHandle::Init(daisy::AudioHandle::Config const&, daisy::SaiHandle)
 .text._ZNK5daisy11AudioHandle9GetConfigEv
                0x0800225c        0x8 libDaisy/build\libdaisy.a(audio.o)
                0x0800225c                daisy::AudioHandle::GetConfig() const
 .text._ZN5daisy11AudioHandle13GetSampleRateEv
                0x08002264        0x8 libDaisy/build\libdaisy.a(audio.o)
                0x08002264                daisy::AudioHandle::GetSampleRate()
 .text.startup._GLOBAL__sub_I__ZN5daisy11AudioHandle4Impl4InitENS0_6ConfigENS_9SaiHandleE
                0x0800226c       0x20 libDaisy/build\libdaisy.a(audio.o)
 .text.HAL_DAC_MspInit
                0x0800228c      0x15c libDaisy/build\libdaisy.a(dac.o)
                0x0800228c                HAL_DAC_MspInit
 .text.DMA2_Stream0_IRQHandler
                0x080023e8        0xc libDaisy/build\libdaisy.a(dac.o)
                0x080023e8                DMA2_Stream0_IRQHandler
 .text.DMA2_Stream1_IRQHandler
                0x080023f4        0xc libDaisy/build\libdaisy.a(dac.o)
                0x080023f4                DMA2_Stream1_IRQHandler
 .text.TIM6_DAC_IRQHandler
                0x08002400       0x1c libDaisy/build\libdaisy.a(dac.o)
                0x08002400                TIM6_DAC_IRQHandler
 .text._ZN5daisy9DacHandle4InitERKNS0_6ConfigE
                0x0800241c       0xfc libDaisy/build\libdaisy.a(dac.o)
                0x0800241c                daisy::DacHandle::Init(daisy::DacHandle::Config const&)
 .text._ZN5daisy9DacHandle10WriteValueENS0_7ChannelEt
                0x08002518       0x70 libDaisy/build\libdaisy.a(dac.o)
                0x08002518                daisy::DacHandle::WriteValue(daisy::DacHandle::Channel, unsigned short)
 .text._ZN5daisy4GPIO4InitERKNS0_6ConfigE
                0x08002588      0x220 libDaisy/build\libdaisy.a(gpio.o)
                0x08002588                daisy::GPIO::Init(daisy::GPIO::Config const&)
 .text._ZN5daisy4GPIO4InitENS_3PinENS0_4ModeENS0_4PullENS0_5SpeedE
                0x080027a8      0x21c libDaisy/build\libdaisy.a(gpio.o)
                0x080027a8                daisy::GPIO::Init(daisy::Pin, daisy::GPIO::Mode, daisy::GPIO::Pull, daisy::GPIO::Speed)
 .text._ZN5daisy4GPIO4ReadEv
                0x080029c4       0x18 libDaisy/build\libdaisy.a(gpio.o)
                0x080029c4                daisy::GPIO::Read()
 .text._ZN5daisy4GPIO5WriteEb
                0x080029dc       0x14 libDaisy/build\libdaisy.a(gpio.o)
                0x080029dc                daisy::GPIO::Write(bool)
 .text.dsy_gpio_init
                0x080029f0      0x1bc libDaisy/build\libdaisy.a(gpio.o)
                0x080029f0                dsy_gpio_init
 .text.dsy_gpio_write
                0x08002bac       0x24 libDaisy/build\libdaisy.a(gpio.o)
                0x08002bac                dsy_gpio_write
 .text._ZN5daisy9I2CHandle4Impl8InitPinsEv
                0x08002bd0       0x58 libDaisy/build\libdaisy.a(i2c.o)
                0x08002bd0                daisy::I2CHandle::Impl::InitPins()
 .text.HAL_I2C_MspInit
                0x08002c28      0x1b4 libDaisy/build\libdaisy.a(i2c.o)
                0x08002c28                HAL_I2C_MspInit
 .text.dsy_i2c_global_init
                0x08002ddc       0x70 libDaisy/build\libdaisy.a(i2c.o)
                0x08002ddc                dsy_i2c_global_init
 .text.DMA1_Stream6_IRQHandler
                0x08002e4c       0x30 libDaisy/build\libdaisy.a(i2c.o)
                0x08002e4c                DMA1_Stream6_IRQHandler
 .text.I2C1_EV_IRQHandler
                0x08002e7c        0xc libDaisy/build\libdaisy.a(i2c.o)
                0x08002e7c                I2C1_EV_IRQHandler
 .text.I2C2_EV_IRQHandler
                0x08002e88        0xc libDaisy/build\libdaisy.a(i2c.o)
                0x08002e88                I2C2_EV_IRQHandler
 .text.I2C3_EV_IRQHandler
                0x08002e94        0xc libDaisy/build\libdaisy.a(i2c.o)
                0x08002e94                I2C3_EV_IRQHandler
 .text._ZN5daisy9I2CHandle4InitERKNS0_6ConfigE
                0x08002ea0      0x120 libDaisy/build\libdaisy.a(i2c.o)
                0x08002ea0                daisy::I2CHandle::Init(daisy::I2CHandle::Config const&)
 .text._ZN5daisy9I2CHandle16TransmitBlockingEtPhtm
                0x08002fc0       0x50 libDaisy/build\libdaisy.a(i2c.o)
                0x08002fc0                daisy::I2CHandle::TransmitBlocking(unsigned short, unsigned char*, unsigned short, unsigned long)
 .text.startup._GLOBAL__sub_I__ZN5daisy9I2CHandle4Impl10GlobalInitEv
                0x08003010       0x18 libDaisy/build\libdaisy.a(i2c.o)
 .text._ZN5daisy10QSPIHandle4Impl11WriteEnableEv
                0x08003028       0x88 libDaisy/build\libdaisy.a(qspi.o)
                0x08003028                daisy::QSPIHandle::Impl::WriteEnable()
 .text._ZN5daisy10QSPIHandle4Impl17DummyCyclesConfigENS0_6Config6DeviceE
                0x080030b0      0x108 libDaisy/build\libdaisy.a(qspi.o)
                0x080030b0                daisy::QSPIHandle::Impl::DummyCyclesConfig(daisy::QSPIHandle::Config::Device)
 .text._ZN5daisy10QSPIHandle4Impl10QuadEnableEv
                0x080031b8      0x140 libDaisy/build\libdaisy.a(qspi.o)
                0x080031b8                daisy::QSPIHandle::Impl::QuadEnable()
 .text._ZN5daisy10QSPIHandle4InitERKNS0_6ConfigE
                0x080032f8      0x180 libDaisy/build\libdaisy.a(qspi.o)
                0x080032f8                daisy::QSPIHandle::Init(daisy::QSPIHandle::Config const&)
 .text.HAL_QSPI_MspInit
                0x08003478      0x11c libDaisy/build\libdaisy.a(qspi.o)
                0x08003478                HAL_QSPI_MspInit
 .text.HAL_QSPI_MspDeInit
                0x08003594       0x54 libDaisy/build\libdaisy.a(qspi.o)
                0x08003594                HAL_QSPI_MspDeInit
 .text.QUADSPI_IRQHandler
                0x080035e8        0xc libDaisy/build\libdaisy.a(qspi.o)
                0x080035e8                QUADSPI_IRQHandler
 .text.startup._GLOBAL__sub_I__ZN5daisy10QSPIHandle4Impl4InitERKNS0_6ConfigE
                0x080035f4       0x28 libDaisy/build\libdaisy.a(qspi.o)
 .text._ZN5daisy9SaiHandle4Impl8InitPinsEv
                0x0800361c       0xac libDaisy/build\libdaisy.a(sai.o)
                0x0800361c                daisy::SaiHandle::Impl::InitPins()
 .text.HAL_SAI_MspInit
                0x080036c8      0x2a8 libDaisy/build\libdaisy.a(sai.o)
                0x080036c8                HAL_SAI_MspInit
 .text.DMA1_Stream0_IRQHandler
                0x08003970        0xc libDaisy/build\libdaisy.a(sai.o)
                0x08003970                DMA1_Stream0_IRQHandler
 .text.DMA1_Stream1_IRQHandler
                0x0800397c        0xc libDaisy/build\libdaisy.a(sai.o)
                0x0800397c                DMA1_Stream1_IRQHandler
 .text.DMA1_Stream3_IRQHandler
                0x08003988        0xc libDaisy/build\libdaisy.a(sai.o)
                0x08003988                DMA1_Stream3_IRQHandler
 .text.DMA1_Stream4_IRQHandler
                0x08003994        0xc libDaisy/build\libdaisy.a(sai.o)
                0x08003994                DMA1_Stream4_IRQHandler
 .text._ZN5daisy9SaiHandle4InitERKNS0_6ConfigE
                0x080039a0      0x204 libDaisy/build\libdaisy.a(sai.o)
                0x080039a0                daisy::SaiHandle::Init(daisy::SaiHandle::Config const&)
 .text._ZNK5daisy9SaiHandle9GetConfigEv
                0x08003ba4        0x4 libDaisy/build\libdaisy.a(sai.o)
                0x08003ba4                daisy::SaiHandle::GetConfig() const
 .text._ZN5daisy9SaiHandle13GetSampleRateEv
                0x08003ba8       0x24 libDaisy/build\libdaisy.a(sai.o)
                0x08003ba8                daisy::SaiHandle::GetSampleRate()
 .text._ZN5daisy11TimerHandleD2Ev
                0x08003bcc        0x4 libDaisy/build\libdaisy.a(system.o)
                0x08003bcc                daisy::TimerHandle::~TimerHandle()
                0x08003bcc                daisy::TimerHandle::~TimerHandle()
 .text.SysTick_Handler
                0x08003bd0       0x10 libDaisy/build\libdaisy.a(system.o)
                0x08003bd0                SysTick_Handler
 .text.OTG_HS_EP1_OUT_IRQHandler
                0x08003be0       0x24 libDaisy/build\libdaisy.a(system.o)
                0x08003be0                OTG_HS_EP1_OUT_IRQHandler
 .text.OTG_HS_EP1_IN_IRQHandler
                0x08003c04       0x24 libDaisy/build\libdaisy.a(system.o)
                0x08003c04                OTG_HS_EP1_IN_IRQHandler
 .text.OTG_HS_IRQHandler
                0x08003c28       0x24 libDaisy/build\libdaisy.a(system.o)
                0x08003c28                OTG_HS_IRQHandler
 .text.HardFault_Handler
                0x08003c4c       0xe0 libDaisy/build\libdaisy.a(system.o)
                0x08003c4c                HardFault_Handler
 .text._ZN5daisy6System5GetUsEv
                0x08003d2c        0xc libDaisy/build\libdaisy.a(system.o)
                0x08003d2c                daisy::System::GetUs()
 .text._ZN5daisy6System5DelayEm
                0x08003d38        0x4 libDaisy/build\libdaisy.a(system.o)
                0x08003d38                daisy::System::Delay(unsigned long)
 .text._ZN5daisy6System20GetBootloaderVersionEv
                0x08003d3c       0x34 libDaisy/build\libdaisy.a(system.o)
                0x08003d3c                daisy::System::GetBootloaderVersion()
 .text._ZN5daisy6System15ConfigureClocksEv
                0x08003d70      0x188 libDaisy/build\libdaisy.a(system.o)
                0x08003d70                daisy::System::ConfigureClocks()
 .text._ZN5daisy6System12ConfigureMpuEv
                0x08003ef8       0x7c libDaisy/build\libdaisy.a(system.o)
                0x08003ef8                daisy::System::ConfigureMpu()
 .text._ZN5daisy6System4InitERKNS0_6ConfigE
                0x08003f74       0xec libDaisy/build\libdaisy.a(system.o)
                0x08003f74                daisy::System::Init(daisy::System::Config const&)
 .text._ZN5daisy6System12GetPClk1FreqEv
                0x08004060        0x4 libDaisy/build\libdaisy.a(system.o)
                0x08004060                daisy::System::GetPClk1Freq()
 .text._ZN5daisy6System12GetPClk2FreqEv
                0x08004064        0x4 libDaisy/build\libdaisy.a(system.o)
                0x08004064                daisy::System::GetPClk2Freq()
 .text._ZN5daisy6System22GetProgramMemoryRegionEv
                0x08004068       0x78 libDaisy/build\libdaisy.a(system.o)
                0x08004068                daisy::System::GetProgramMemoryRegion()
 .text.startup._GLOBAL__sub_I__ZN5daisy9boot_infoE
                0x080040e0       0x1c libDaisy/build\libdaisy.a(system.o)
 .text.SystemInit
                0x080040fc       0x98 libDaisy/build\libdaisy.a(system_stm32h7xx.o)
                0x080040fc                SystemInit
 .text.HAL_PCD_SetupStageCallback
                0x08004194        0xc libDaisy/build\libdaisy.a(usbd_conf.o)
                0x08004194                HAL_PCD_SetupStageCallback
 .text.HAL_PCD_DataOutStageCallback
                0x080041a0       0x14 libDaisy/build\libdaisy.a(usbd_conf.o)
                0x080041a0                HAL_PCD_DataOutStageCallback
 .text.HAL_PCD_DataInStageCallback
                0x080041b4       0x14 libDaisy/build\libdaisy.a(usbd_conf.o)
                0x080041b4                HAL_PCD_DataInStageCallback
 .text.HAL_PCD_SOFCallback
                0x080041c8        0x8 libDaisy/build\libdaisy.a(usbd_conf.o)
                0x080041c8                HAL_PCD_SOFCallback
 .text.HAL_PCD_ResetCallback
                0x080041d0       0x24 libDaisy/build\libdaisy.a(usbd_conf.o)
                0x080041d0                HAL_PCD_ResetCallback
 .text.HAL_PCD_SuspendCallback
                0x080041f4       0x30 libDaisy/build\libdaisy.a(usbd_conf.o)
                0x080041f4                HAL_PCD_SuspendCallback
 .text.HAL_PCD_ResumeCallback
                0x08004224        0x8 libDaisy/build\libdaisy.a(usbd_conf.o)
                0x08004224                HAL_PCD_ResumeCallback
 .text.HAL_PCD_ISOOUTIncompleteCallback
                0x0800422c        0x8 libDaisy/build\libdaisy.a(usbd_conf.o)
                0x0800422c                HAL_PCD_ISOOUTIncompleteCallback
 .text.HAL_PCD_ISOINIncompleteCallback
                0x08004234        0x8 libDaisy/build\libdaisy.a(usbd_conf.o)
                0x08004234                HAL_PCD_ISOINIncompleteCallback
 .text.HAL_PCD_ConnectCallback
                0x0800423c        0x8 libDaisy/build\libdaisy.a(usbd_conf.o)
                0x0800423c                HAL_PCD_ConnectCallback
 .text.HAL_PCD_DisconnectCallback
                0x08004244        0x8 libDaisy/build\libdaisy.a(usbd_conf.o)
                0x08004244                HAL_PCD_DisconnectCallback
 .text.USBD_LL_OpenEP
                0x0800424c       0x1c libDaisy/build\libdaisy.a(usbd_conf.o)
                0x0800424c                USBD_LL_OpenEP
 .text.USBD_LL_StallEP
                0x08004268       0x18 libDaisy/build\libdaisy.a(usbd_conf.o)
                0x08004268                USBD_LL_StallEP
 .text.USBD_LL_ClearStallEP
                0x08004280       0x18 libDaisy/build\libdaisy.a(usbd_conf.o)
                0x08004280                USBD_LL_ClearStallEP
 .text.USBD_LL_IsStallEP
                0x08004298       0x28 libDaisy/build\libdaisy.a(usbd_conf.o)
                0x08004298                USBD_LL_IsStallEP
 .text.USBD_LL_SetUSBAddress
                0x080042c0       0x18 libDaisy/build\libdaisy.a(usbd_conf.o)
                0x080042c0                USBD_LL_SetUSBAddress
 .text.USBD_LL_Transmit
                0x080042d8       0x18 libDaisy/build\libdaisy.a(usbd_conf.o)
                0x080042d8                USBD_LL_Transmit
 .text.USBD_LL_PrepareReceive
                0x080042f0       0x18 libDaisy/build\libdaisy.a(usbd_conf.o)
                0x080042f0                USBD_LL_PrepareReceive
 .text.HAL_HCD_SOF_Callback
                0x08004308        0x8 libDaisy/build\libdaisy.a(usbh_conf.o)
                0x08004308                HAL_HCD_SOF_Callback
 .text.HAL_HCD_Connect_Callback
                0x08004310        0x8 libDaisy/build\libdaisy.a(usbh_conf.o)
                0x08004310                HAL_HCD_Connect_Callback
 .text.HAL_HCD_Disconnect_Callback
                0x08004318        0x8 libDaisy/build\libdaisy.a(usbh_conf.o)
                0x08004318                HAL_HCD_Disconnect_Callback
 .text.HAL_HCD_HC_NotifyURBChange_Callback
                0x08004320        0x4 libDaisy/build\libdaisy.a(usbh_conf.o)
                0x08004320                HAL_HCD_HC_NotifyURBChange_Callback
 .text.HAL_HCD_PortEnabled_Callback
                0x08004324        0x8 libDaisy/build\libdaisy.a(usbh_conf.o)
                0x08004324                HAL_HCD_PortEnabled_Callback
 .text.HAL_HCD_PortDisabled_Callback
                0x0800432c        0x8 libDaisy/build\libdaisy.a(usbh_conf.o)
                0x0800432c                HAL_HCD_PortDisabled_Callback
 .text.USBH_LL_Stop
                0x08004334       0x18 libDaisy/build\libdaisy.a(usbh_conf.o)
                0x08004334                USBH_LL_Stop
 .text.dsy_hal_map_get_port
                0x0800434c       0x10 libDaisy/build\libdaisy.a(hal_map.o)
                0x0800434c                dsy_hal_map_get_port
 .text.dsy_hal_map_get_pin
                0x0800435c       0x10 libDaisy/build\libdaisy.a(hal_map.o)
                0x0800435c                dsy_hal_map_get_pin
 .text.dsy_hal_map_gpio_clk_enable
                0x0800436c      0x150 libDaisy/build\libdaisy.a(hal_map.o)
                0x0800436c                dsy_hal_map_gpio_clk_enable
 .text.HAL_MspInit
                0x080044bc        0x4 libDaisy/build\libdaisy.a(stm32h7xx_hal.o)
                0x080044bc                HAL_MspInit
 .text.HAL_InitTick
                0x080044c0       0x4c libDaisy/build\libdaisy.a(stm32h7xx_hal.o)
                0x080044c0                HAL_InitTick
 .text.HAL_Init
                0x0800450c       0x60 libDaisy/build\libdaisy.a(stm32h7xx_hal.o)
                0x0800450c                HAL_Init
 .text.HAL_IncTick
                0x0800456c       0x18 libDaisy/build\libdaisy.a(stm32h7xx_hal.o)
                0x0800456c                HAL_IncTick
 .text.HAL_GetTick
                0x08004584        0xc libDaisy/build\libdaisy.a(stm32h7xx_hal.o)
                0x08004584                HAL_GetTick
 .text.HAL_Delay
                0x08004590       0x24 libDaisy/build\libdaisy.a(stm32h7xx_hal.o)
                0x08004590                HAL_Delay
 .text.HAL_GetREVID
                0x080045b4        0xc libDaisy/build\libdaisy.a(stm32h7xx_hal.o)
                0x080045b4                HAL_GetREVID
 .text.HAL_NVIC_SetPriorityGrouping
                0x080045c0       0x24 libDaisy/build\libdaisy.a(stm32h7xx_hal_cortex.o)
                0x080045c0                HAL_NVIC_SetPriorityGrouping
 .text.HAL_NVIC_SetPriority
                0x080045e4       0x78 libDaisy/build\libdaisy.a(stm32h7xx_hal_cortex.o)
                0x080045e4                HAL_NVIC_SetPriority
 .text.HAL_NVIC_EnableIRQ
                0x0800465c       0x1c libDaisy/build\libdaisy.a(stm32h7xx_hal_cortex.o)
                0x0800465c                HAL_NVIC_EnableIRQ
 .text.HAL_NVIC_DisableIRQ
                0x08004678       0x24 libDaisy/build\libdaisy.a(stm32h7xx_hal_cortex.o)
                0x08004678                HAL_NVIC_DisableIRQ
 .text.HAL_SYSTICK_Config
                0x0800469c       0x2c libDaisy/build\libdaisy.a(stm32h7xx_hal_cortex.o)
                0x0800469c                HAL_SYSTICK_Config
 .text.HAL_MPU_Disable
                0x080046c8       0x1c libDaisy/build\libdaisy.a(stm32h7xx_hal_cortex.o)
                0x080046c8                HAL_MPU_Disable
 .text.HAL_MPU_Enable
                0x080046e4       0x20 libDaisy/build\libdaisy.a(stm32h7xx_hal_cortex.o)
                0x080046e4                HAL_MPU_Enable
 .text.HAL_MPU_ConfigRegion
                0x08004704       0x64 libDaisy/build\libdaisy.a(stm32h7xx_hal_cortex.o)
                0x08004704                HAL_MPU_ConfigRegion
 .text.HAL_SYSTICK_Callback
                0x08004768        0x4 libDaisy/build\libdaisy.a(stm32h7xx_hal_cortex.o)
                0x08004768                HAL_SYSTICK_Callback
 .text.HAL_SYSTICK_IRQHandler
                0x0800476c        0x8 libDaisy/build\libdaisy.a(stm32h7xx_hal_cortex.o)
                0x0800476c                HAL_SYSTICK_IRQHandler
 .text.HAL_DAC_Init
                0x08004774       0x2c libDaisy/build\libdaisy.a(stm32h7xx_hal_dac.o)
                0x08004774                HAL_DAC_Init
 .text.HAL_DAC_Start
                0x080047a0       0x5c libDaisy/build\libdaisy.a(stm32h7xx_hal_dac.o)
                0x080047a0                HAL_DAC_Start
 .text.HAL_DAC_SetValue
                0x080047fc       0x30 libDaisy/build\libdaisy.a(stm32h7xx_hal_dac.o)
                0x080047fc                HAL_DAC_SetValue
 .text.HAL_DAC_DMAUnderrunCallbackCh1
                0x0800482c        0x4 libDaisy/build\libdaisy.a(stm32h7xx_hal_dac.o)
                0x0800482c                HAL_DAC_DMAUnderrunCallbackCh1
 .text.HAL_DAC_IRQHandler
                0x08004830       0x68 libDaisy/build\libdaisy.a(stm32h7xx_hal_dac.o)
                0x08004830                HAL_DAC_IRQHandler
 .text.HAL_DAC_ConfigChannel
                0x08004898      0x128 libDaisy/build\libdaisy.a(stm32h7xx_hal_dac.o)
                0x08004898                HAL_DAC_ConfigChannel
 .text.HAL_DACEx_DMAUnderrunCallbackCh2
                0x080049c0        0x4 libDaisy/build\libdaisy.a(stm32h7xx_hal_dac_ex.o)
                0x080049c0                HAL_DACEx_DMAUnderrunCallbackCh2
 .text.DMA_CalcBaseAndBitshift
                0x080049c4      0x100 libDaisy/build\libdaisy.a(stm32h7xx_hal_dma.o)
 .text.DMA_CalcDMAMUXChannelBaseAndMask
                0x08004ac4       0xd4 libDaisy/build\libdaisy.a(stm32h7xx_hal_dma.o)
 .text.HAL_DMA_Init
                0x08004b98      0x368 libDaisy/build\libdaisy.a(stm32h7xx_hal_dma.o)
                0x08004b98                HAL_DMA_Init
 .text.HAL_DMA_Start_IT
                0x08004f00      0x288 libDaisy/build\libdaisy.a(stm32h7xx_hal_dma.o)
                0x08004f00                HAL_DMA_Start_IT
 .text.HAL_DMA_Abort_IT
                0x08005188      0x134 libDaisy/build\libdaisy.a(stm32h7xx_hal_dma.o)
                0x08005188                HAL_DMA_Abort_IT
 .text.HAL_DMA_IRQHandler
                0x080052bc      0x424 libDaisy/build\libdaisy.a(stm32h7xx_hal_dma.o)
                0x080052bc                HAL_DMA_IRQHandler
 .text.HAL_DMA_GetError
                0x080056e0        0x4 libDaisy/build\libdaisy.a(stm32h7xx_hal_dma.o)
                0x080056e0                HAL_DMA_GetError
 .text.HAL_GPIO_Init
                0x080056e4      0x41c libDaisy/build\libdaisy.a(stm32h7xx_hal_gpio.o)
                0x080056e4                HAL_GPIO_Init
 .text.HAL_GPIO_DeInit
                0x08005b00      0x258 libDaisy/build\libdaisy.a(stm32h7xx_hal_gpio.o)
                0x08005b00                HAL_GPIO_DeInit
 .text.HAL_GPIO_ReadPin
                0x08005d58        0xc libDaisy/build\libdaisy.a(stm32h7xx_hal_gpio.o)
                0x08005d58                HAL_GPIO_ReadPin
 .text.HAL_GPIO_WritePin
                0x08005d64        0x8 libDaisy/build\libdaisy.a(stm32h7xx_hal_gpio.o)
                0x08005d64                HAL_GPIO_WritePin
 .text.HAL_HCD_IRQHandler
                0x08005d6c      0x764 libDaisy/build\libdaisy.a(stm32h7xx_hal_hcd.o)
                0x08005d6c                HAL_HCD_IRQHandler
 .text.HAL_HCD_Stop
                0x080064d0       0x28 libDaisy/build\libdaisy.a(stm32h7xx_hal_hcd.o)
                0x080064d0                HAL_HCD_Stop
 .text.I2C_WaitOnTXISFlagUntilTimeout
                0x080064f8       0xbc libDaisy/build\libdaisy.a(stm32h7xx_hal_i2c.o)
 .text.I2C_WaitOnSTOPFlagUntilTimeout
                0x080065b4       0xa8 libDaisy/build\libdaisy.a(stm32h7xx_hal_i2c.o)
 .text.HAL_I2C_Init
                0x0800665c       0xac libDaisy/build\libdaisy.a(stm32h7xx_hal_i2c.o)
                0x0800665c                HAL_I2C_Init
 .text.HAL_I2C_Master_Transmit
                0x08006708      0x198 libDaisy/build\libdaisy.a(stm32h7xx_hal_i2c.o)
                0x08006708                HAL_I2C_Master_Transmit
 .text.HAL_I2C_Slave_Transmit
                0x080068a0      0x1cc libDaisy/build\libdaisy.a(stm32h7xx_hal_i2c.o)
                0x080068a0                HAL_I2C_Slave_Transmit
 .text.HAL_I2C_EV_IRQHandler
                0x08006a6c       0x10 libDaisy/build\libdaisy.a(stm32h7xx_hal_i2c.o)
                0x08006a6c                HAL_I2C_EV_IRQHandler
 .text.HAL_I2C_GetState
                0x08006a7c        0x8 libDaisy/build\libdaisy.a(stm32h7xx_hal_i2c.o)
                0x08006a7c                HAL_I2C_GetState
 .text.HAL_I2CEx_ConfigAnalogFilter
                0x08006a84       0x54 libDaisy/build\libdaisy.a(stm32h7xx_hal_i2c_ex.o)
                0x08006a84                HAL_I2CEx_ConfigAnalogFilter
 .text.HAL_I2CEx_ConfigDigitalFilter
                0x08006ad8       0x58 libDaisy/build\libdaisy.a(stm32h7xx_hal_i2c_ex.o)
                0x08006ad8                HAL_I2CEx_ConfigDigitalFilter
 .text.HAL_PCD_IRQHandler
                0x08006b30      0x6c4 libDaisy/build\libdaisy.a(stm32h7xx_hal_pcd.o)
                0x08006b30                HAL_PCD_IRQHandler
 .text.HAL_PCD_SetAddress
                0x080071f4       0x2c libDaisy/build\libdaisy.a(stm32h7xx_hal_pcd.o)
                0x080071f4                HAL_PCD_SetAddress
 .text.HAL_PCD_EP_Open
                0x08007220       0x7c libDaisy/build\libdaisy.a(stm32h7xx_hal_pcd.o)
                0x08007220                HAL_PCD_EP_Open
 .text.HAL_PCD_EP_Receive
                0x0800729c       0x50 libDaisy/build\libdaisy.a(stm32h7xx_hal_pcd.o)
                0x0800729c                HAL_PCD_EP_Receive
 .text.HAL_PCD_EP_Transmit
                0x080072ec       0x50 libDaisy/build\libdaisy.a(stm32h7xx_hal_pcd.o)
                0x080072ec                HAL_PCD_EP_Transmit
 .text.HAL_PCD_EP_SetStall
                0x0800733c       0x88 libDaisy/build\libdaisy.a(stm32h7xx_hal_pcd.o)
                0x0800733c                HAL_PCD_EP_SetStall
 .text.HAL_PCD_EP_ClrStall
                0x080073c4       0x78 libDaisy/build\libdaisy.a(stm32h7xx_hal_pcd.o)
                0x080073c4                HAL_PCD_EP_ClrStall
 .text.HAL_PCDEx_LPM_Callback
                0x0800743c        0x4 libDaisy/build\libdaisy.a(stm32h7xx_hal_pcd_ex.o)
                0x0800743c                HAL_PCDEx_LPM_Callback
 .text.HAL_PWREx_ConfigSupply
                0x08007440       0x4c libDaisy/build\libdaisy.a(stm32h7xx_hal_pwr_ex.o)
                0x08007440                HAL_PWREx_ConfigSupply
 .text.HAL_PWREx_EnableUSBVoltageDetector
                0x0800748c       0x10 libDaisy/build\libdaisy.a(stm32h7xx_hal_pwr_ex.o)
                0x0800748c                HAL_PWREx_EnableUSBVoltageDetector
 .text.QSPI_Config
                0x0800749c      0x188 libDaisy/build\libdaisy.a(stm32h7xx_hal_qspi.o)
 .text.HAL_QSPI_Init
                0x08007624       0xdc libDaisy/build\libdaisy.a(stm32h7xx_hal_qspi.o)
                0x08007624                HAL_QSPI_Init
 .text.HAL_QSPI_DeInit
                0x08007700       0x3c libDaisy/build\libdaisy.a(stm32h7xx_hal_qspi.o)
                0x08007700                HAL_QSPI_DeInit
 .text.HAL_QSPI_Command
                0x0800773c       0xdc libDaisy/build\libdaisy.a(stm32h7xx_hal_qspi.o)
                0x0800773c                HAL_QSPI_Command
 .text.HAL_QSPI_Transmit
                0x08007818      0x11c libDaisy/build\libdaisy.a(stm32h7xx_hal_qspi.o)
                0x08007818                HAL_QSPI_Transmit
 .text.HAL_QSPI_Receive
                0x08007934      0x128 libDaisy/build\libdaisy.a(stm32h7xx_hal_qspi.o)
                0x08007934                HAL_QSPI_Receive
 .text.HAL_QSPI_AutoPolling
                0x08007a5c      0x11c libDaisy/build\libdaisy.a(stm32h7xx_hal_qspi.o)
                0x08007a5c                HAL_QSPI_AutoPolling
 .text.HAL_QSPI_MemoryMapped
                0x08007b78       0xc4 libDaisy/build\libdaisy.a(stm32h7xx_hal_qspi.o)
                0x08007b78                HAL_QSPI_MemoryMapped
 .text.HAL_QSPI_ErrorCallback
                0x08007c3c        0x4 libDaisy/build\libdaisy.a(stm32h7xx_hal_qspi.o)
                0x08007c3c                HAL_QSPI_ErrorCallback
 .text.QSPI_DMAAbortCplt
                0x08007c40       0x38 libDaisy/build\libdaisy.a(stm32h7xx_hal_qspi.o)
 .text.HAL_QSPI_AbortCpltCallback
                0x08007c78        0x4 libDaisy/build\libdaisy.a(stm32h7xx_hal_qspi.o)
                0x08007c78                HAL_QSPI_AbortCpltCallback
 .text.HAL_QSPI_CmdCpltCallback
                0x08007c7c        0x4 libDaisy/build\libdaisy.a(stm32h7xx_hal_qspi.o)
                0x08007c7c                HAL_QSPI_CmdCpltCallback
 .text.HAL_QSPI_RxCpltCallback
                0x08007c80        0x4 libDaisy/build\libdaisy.a(stm32h7xx_hal_qspi.o)
                0x08007c80                HAL_QSPI_RxCpltCallback
 .text.HAL_QSPI_TxCpltCallback
                0x08007c84        0x4 libDaisy/build\libdaisy.a(stm32h7xx_hal_qspi.o)
                0x08007c84                HAL_QSPI_TxCpltCallback
 .text.HAL_QSPI_FifoThresholdCallback
                0x08007c88        0x4 libDaisy/build\libdaisy.a(stm32h7xx_hal_qspi.o)
                0x08007c88                HAL_QSPI_FifoThresholdCallback
 .text.HAL_QSPI_StatusMatchCallback
                0x08007c8c        0x4 libDaisy/build\libdaisy.a(stm32h7xx_hal_qspi.o)
                0x08007c8c                HAL_QSPI_StatusMatchCallback
 .text.HAL_QSPI_TimeOutCallback
                0x08007c90        0x4 libDaisy/build\libdaisy.a(stm32h7xx_hal_qspi.o)
                0x08007c90                HAL_QSPI_TimeOutCallback
 .text.HAL_QSPI_IRQHandler
                0x08007c94      0x210 libDaisy/build\libdaisy.a(stm32h7xx_hal_qspi.o)
                0x08007c94                HAL_QSPI_IRQHandler
 .text.HAL_RCC_OscConfig
                0x08007ea4      0x518 libDaisy/build\libdaisy.a(stm32h7xx_hal_rcc.o)
                0x08007ea4                HAL_RCC_OscConfig
 .text.HAL_RCC_GetSysClockFreq
                0x080083bc      0x11c libDaisy/build\libdaisy.a(stm32h7xx_hal_rcc.o)
                0x080083bc                HAL_RCC_GetSysClockFreq
 .text.HAL_RCC_ClockConfig
                0x080084d8      0x238 libDaisy/build\libdaisy.a(stm32h7xx_hal_rcc.o)
                0x080084d8                HAL_RCC_ClockConfig
 .text.HAL_RCC_GetHCLKFreq
                0x08008710       0x2c libDaisy/build\libdaisy.a(stm32h7xx_hal_rcc.o)
                0x08008710                HAL_RCC_GetHCLKFreq
 .text.HAL_RCC_GetPCLK1Freq
                0x0800873c       0x38 libDaisy/build\libdaisy.a(stm32h7xx_hal_rcc.o)
                0x0800873c                HAL_RCC_GetPCLK1Freq
 .text.HAL_RCC_GetPCLK2Freq
                0x08008774       0x38 libDaisy/build\libdaisy.a(stm32h7xx_hal_rcc.o)
                0x08008774                HAL_RCC_GetPCLK2Freq
 .text.RCCEx_PLL2_Config.part.0
                0x080087ac       0xe0 libDaisy/build\libdaisy.a(stm32h7xx_hal_rcc_ex.o)
 .text.RCCEx_PLL3_Config.part.0
                0x0800888c       0xe0 libDaisy/build\libdaisy.a(stm32h7xx_hal_rcc_ex.o)
 .text.HAL_RCCEx_PeriphCLKConfig
                0x0800896c      0xcc4 libDaisy/build\libdaisy.a(stm32h7xx_hal_rcc_ex.o)
                0x0800896c                HAL_RCCEx_PeriphCLKConfig
 .text.HAL_RCCEx_GetD3PCLK1Freq
                0x08009630       0x24 libDaisy/build\libdaisy.a(stm32h7xx_hal_rcc_ex.o)
                0x08009630                HAL_RCCEx_GetD3PCLK1Freq
 .text.HAL_RCCEx_GetPLL2ClockFreq
                0x08009654      0x134 libDaisy/build\libdaisy.a(stm32h7xx_hal_rcc_ex.o)
                0x08009654                HAL_RCCEx_GetPLL2ClockFreq
 .text.HAL_RCCEx_GetPLL3ClockFreq
                0x08009788      0x134 libDaisy/build\libdaisy.a(stm32h7xx_hal_rcc_ex.o)
                0x08009788                HAL_RCCEx_GetPLL3ClockFreq
 .text.HAL_RCCEx_GetPLL1ClockFreq
                0x080098bc      0x134 libDaisy/build\libdaisy.a(stm32h7xx_hal_rcc_ex.o)
                0x080098bc                HAL_RCCEx_GetPLL1ClockFreq
 .text.HAL_RCCEx_GetPeriphCLKFreq
                0x080099f0      0x150 libDaisy/build\libdaisy.a(stm32h7xx_hal_rcc_ex.o)
                0x080099f0                HAL_RCCEx_GetPeriphCLKFreq
 .text.HAL_RCCEx_GetD1SysClockFreq
                0x08009b40       0x2c libDaisy/build\libdaisy.a(stm32h7xx_hal_rcc_ex.o)
                0x08009b40                HAL_RCCEx_GetD1SysClockFreq
 .text.HAL_SAI_Init
                0x08009b6c      0x380 libDaisy/build\libdaisy.a(stm32h7xx_hal_sai.o)
                0x08009b6c                HAL_SAI_Init
 .text.HAL_SAI_InitProtocol
                0x08009eec      0x15c libDaisy/build\libdaisy.a(stm32h7xx_hal_sai.o)
                0x08009eec                HAL_SAI_InitProtocol
 .text.HAL_SDRAM_Init
                0x0800a048       0x54 libDaisy/build\libdaisy.a(stm32h7xx_hal_sdram.o)
                0x0800a048                HAL_SDRAM_Init
 .text.HAL_SDRAM_SendCommand
                0x0800a09c       0x40 libDaisy/build\libdaisy.a(stm32h7xx_hal_sdram.o)
                0x0800a09c                HAL_SDRAM_SendCommand
 .text.HAL_SDRAM_ProgramRefreshRate
                0x0800a0dc       0x30 libDaisy/build\libdaisy.a(stm32h7xx_hal_sdram.o)
                0x0800a0dc                HAL_SDRAM_ProgramRefreshRate
 .text.HAL_TIM_Base_Init
                0x0800a10c      0x114 libDaisy/build\libdaisy.a(stm32h7xx_hal_tim.o)
                0x0800a10c                HAL_TIM_Base_Init
 .text.HAL_TIM_Base_Start
                0x0800a220       0x34 libDaisy/build\libdaisy.a(stm32h7xx_hal_tim.o)
                0x0800a220                HAL_TIM_Base_Start
 .text.HAL_TIM_Base_Start_IT
                0x0800a254       0x2c libDaisy/build\libdaisy.a(stm32h7xx_hal_tim.o)
                0x0800a254                HAL_TIM_Base_Start_IT
 .text.HAL_TIM_ConfigClockSource
                0x0800a280      0x17c libDaisy/build\libdaisy.a(stm32h7xx_hal_tim.o)
                0x0800a280                HAL_TIM_ConfigClockSource
 .text.HAL_TIM_OC_DelayElapsedCallback
                0x0800a3fc        0x4 libDaisy/build\libdaisy.a(stm32h7xx_hal_tim.o)
                0x0800a3fc                HAL_TIM_OC_DelayElapsedCallback
 .text.HAL_TIM_IC_CaptureCallback
                0x0800a400        0x4 libDaisy/build\libdaisy.a(stm32h7xx_hal_tim.o)
                0x0800a400                HAL_TIM_IC_CaptureCallback
 .text.HAL_TIM_PWM_PulseFinishedCallback
                0x0800a404        0x4 libDaisy/build\libdaisy.a(stm32h7xx_hal_tim.o)
                0x0800a404                HAL_TIM_PWM_PulseFinishedCallback
 .text.HAL_TIM_TriggerCallback
                0x0800a408        0x4 libDaisy/build\libdaisy.a(stm32h7xx_hal_tim.o)
                0x0800a408                HAL_TIM_TriggerCallback
 .text.HAL_TIM_IRQHandler
                0x0800a40c      0x170 libDaisy/build\libdaisy.a(stm32h7xx_hal_tim.o)
                0x0800a40c                HAL_TIM_IRQHandler
 .text.HAL_TIMEx_MasterConfigSynchronization
                0x0800a57c       0x64 libDaisy/build\libdaisy.a(stm32h7xx_hal_tim_ex.o)
                0x0800a57c                HAL_TIMEx_MasterConfigSynchronization
 .text.HAL_TIMEx_CommutCallback
                0x0800a5e0        0x4 libDaisy/build\libdaisy.a(stm32h7xx_hal_tim_ex.o)
                0x0800a5e0                HAL_TIMEx_CommutCallback
 .text.HAL_TIMEx_BreakCallback
                0x0800a5e4        0x4 libDaisy/build\libdaisy.a(stm32h7xx_hal_tim_ex.o)
                0x0800a5e4                HAL_TIMEx_BreakCallback
 .text.HAL_TIMEx_Break2Callback
                0x0800a5e8        0x4 libDaisy/build\libdaisy.a(stm32h7xx_hal_tim_ex.o)
                0x0800a5e8                HAL_TIMEx_Break2Callback
 .text.FMC_SDRAM_Init
                0x0800a5ec       0x6c libDaisy/build\libdaisy.a(stm32h7xx_ll_fmc.o)
                0x0800a5ec                FMC_SDRAM_Init
 .text.FMC_SDRAM_Timing_Init
                0x0800a658       0x7c libDaisy/build\libdaisy.a(stm32h7xx_ll_fmc.o)
                0x0800a658                FMC_SDRAM_Timing_Init
 .text.FMC_SDRAM_SendCommand
                0x0800a6d4       0x28 libDaisy/build\libdaisy.a(stm32h7xx_ll_fmc.o)
                0x0800a6d4                FMC_SDRAM_SendCommand
 .text.FMC_SDRAM_ProgramRefreshRate
                0x0800a6fc       0x14 libDaisy/build\libdaisy.a(stm32h7xx_ll_fmc.o)
                0x0800a6fc                FMC_SDRAM_ProgramRefreshRate
 .text.USB_SetTurnaroundTime
                0x0800a710      0x104 libDaisy/build\libdaisy.a(stm32h7xx_ll_usb.o)
                0x0800a710                USB_SetTurnaroundTime
 .text.USB_FlushTxFifo
                0x0800a814       0x34 libDaisy/build\libdaisy.a(stm32h7xx_ll_usb.o)
                0x0800a814                USB_FlushTxFifo
 .text.USB_GetDevSpeed
                0x0800a848       0x24 libDaisy/build\libdaisy.a(stm32h7xx_ll_usb.o)
                0x0800a848                USB_GetDevSpeed
 .text.USB_ActivateEndpoint
                0x0800a86c       0x8c libDaisy/build\libdaisy.a(stm32h7xx_ll_usb.o)
                0x0800a86c                USB_ActivateEndpoint
 .text.USB_EPStartXfer
                0x0800a8f8      0x214 libDaisy/build\libdaisy.a(stm32h7xx_ll_usb.o)
                0x0800a8f8                USB_EPStartXfer
 .text.USB_EP0StartXfer
                0x0800ab0c       0xf8 libDaisy/build\libdaisy.a(stm32h7xx_ll_usb.o)
                0x0800ab0c                USB_EP0StartXfer
 .text.USB_WritePacket
                0x0800ac04       0x2c libDaisy/build\libdaisy.a(stm32h7xx_ll_usb.o)
                0x0800ac04                USB_WritePacket
 .text.USB_ReadPacket
                0x0800ac30       0x20 libDaisy/build\libdaisy.a(stm32h7xx_ll_usb.o)
                0x0800ac30                USB_ReadPacket
 .text.USB_EPSetStall
                0x0800ac50       0x70 libDaisy/build\libdaisy.a(stm32h7xx_ll_usb.o)
                0x0800ac50                USB_EPSetStall
 .text.USB_EPClearStall
                0x0800acc0       0x58 libDaisy/build\libdaisy.a(stm32h7xx_ll_usb.o)
                0x0800acc0                USB_EPClearStall
 .text.USB_SetDevAddress
                0x0800ad18       0x24 libDaisy/build\libdaisy.a(stm32h7xx_ll_usb.o)
                0x0800ad18                USB_SetDevAddress
 .text.USB_ReadInterrupts
                0x0800ad3c       0x14 libDaisy/build\libdaisy.a(stm32h7xx_ll_usb.o)
                0x0800ad3c                USB_ReadInterrupts
 .text.USB_ReadDevAllOutEpInterrupt
                0x0800ad50       0x1c libDaisy/build\libdaisy.a(stm32h7xx_ll_usb.o)
                0x0800ad50                USB_ReadDevAllOutEpInterrupt
 .text.USB_ReadDevAllInEpInterrupt
                0x0800ad6c       0x1c libDaisy/build\libdaisy.a(stm32h7xx_ll_usb.o)
                0x0800ad6c                USB_ReadDevAllInEpInterrupt
 .text.USB_ReadDevOutEPInterrupt
                0x0800ad88       0x1c libDaisy/build\libdaisy.a(stm32h7xx_ll_usb.o)
                0x0800ad88                USB_ReadDevOutEPInterrupt
 .text.USB_ReadDevInEPInterrupt
                0x0800ada4       0x38 libDaisy/build\libdaisy.a(stm32h7xx_ll_usb.o)
                0x0800ada4                USB_ReadDevInEPInterrupt
 .text.USB_GetMode
                0x0800addc        0x8 libDaisy/build\libdaisy.a(stm32h7xx_ll_usb.o)
                0x0800addc                USB_GetMode
 .text.USB_ActivateSetup
                0x0800ade4       0x34 libDaisy/build\libdaisy.a(stm32h7xx_ll_usb.o)
                0x0800ade4                USB_ActivateSetup
 .text.USB_EP0_OutStart
                0x0800ae18       0x50 libDaisy/build\libdaisy.a(stm32h7xx_ll_usb.o)
                0x0800ae18                USB_EP0_OutStart
 .text.USB_InitFSLSPClkSel
                0x0800ae68       0x44 libDaisy/build\libdaisy.a(stm32h7xx_ll_usb.o)
                0x0800ae68                USB_InitFSLSPClkSel
 .text.USB_HC_ReadInterrupt
                0x0800aeac        0x8 libDaisy/build\libdaisy.a(stm32h7xx_ll_usb.o)
                0x0800aeac                USB_HC_ReadInterrupt
 .text.USB_HC_Halt
                0x0800aeb4       0xc0 libDaisy/build\libdaisy.a(stm32h7xx_ll_usb.o)
                0x0800aeb4                USB_HC_Halt
 .text.USB_StopHost
                0x0800af74      0x2ec libDaisy/build\libdaisy.a(stm32h7xx_ll_usb.o)
                0x0800af74                USB_StopHost
 .text.USBD_SetClassConfig
                0x0800b260       0x1c libDaisy/build\libdaisy.a(usbd_core.o)
                0x0800b260                USBD_SetClassConfig
 .text.USBD_ClrClassConfig
                0x0800b27c       0x10 libDaisy/build\libdaisy.a(usbd_core.o)
                0x0800b27c                USBD_ClrClassConfig
 .text.USBD_LL_SetupStage
                0x0800b28c       0x5c libDaisy/build\libdaisy.a(usbd_core.o)
                0x0800b28c                USBD_LL_SetupStage
 .text.USBD_LL_DataOutStage
                0x0800b2e8       0x74 libDaisy/build\libdaisy.a(usbd_core.o)
                0x0800b2e8                USBD_LL_DataOutStage
 .text.USBD_LL_DataInStage
                0x0800b35c       0xc4 libDaisy/build\libdaisy.a(usbd_core.o)
                0x0800b35c                USBD_LL_DataInStage
 .text.USBD_LL_Reset
                0x0800b420       0x50 libDaisy/build\libdaisy.a(usbd_core.o)
                0x0800b420                USBD_LL_Reset
 .text.USBD_LL_SetSpeed
                0x0800b470        0x8 libDaisy/build\libdaisy.a(usbd_core.o)
                0x0800b470                USBD_LL_SetSpeed
 .text.USBD_LL_Suspend
                0x0800b478       0x14 libDaisy/build\libdaisy.a(usbd_core.o)
                0x0800b478                USBD_LL_Suspend
 .text.USBD_LL_Resume
                0x0800b48c       0x10 libDaisy/build\libdaisy.a(usbd_core.o)
                0x0800b48c                USBD_LL_Resume
 .text.USBD_LL_SOF
                0x0800b49c       0x1c libDaisy/build\libdaisy.a(usbd_core.o)
                0x0800b49c                USBD_LL_SOF
 .text.USBD_LL_IsoINIncomplete
                0x0800b4b8        0x4 libDaisy/build\libdaisy.a(usbd_core.o)
                0x0800b4b8                USBD_LL_IsoINIncomplete
 .text.USBD_LL_IsoOUTIncomplete
                0x0800b4bc        0x4 libDaisy/build\libdaisy.a(usbd_core.o)
                0x0800b4bc                USBD_LL_IsoOUTIncomplete
 .text.USBD_LL_DevConnected
                0x0800b4c0        0x4 libDaisy/build\libdaisy.a(usbd_core.o)
                0x0800b4c0                USBD_LL_DevConnected
 .text.USBD_LL_DevDisconnected
                0x0800b4c4       0x18 libDaisy/build\libdaisy.a(usbd_core.o)
                0x0800b4c4                USBD_LL_DevDisconnected
 .text.USBD_StdDevReq
                0x0800b4dc      0x300 libDaisy/build\libdaisy.a(usbd_ctlreq.o)
                0x0800b4dc                USBD_StdDevReq
 .text.USBD_StdItfReq
                0x0800b7dc       0x68 libDaisy/build\libdaisy.a(usbd_ctlreq.o)
                0x0800b7dc                USBD_StdItfReq
 .text.USBD_StdEPReq
                0x0800b844      0x134 libDaisy/build\libdaisy.a(usbd_ctlreq.o)
                0x0800b844                USBD_StdEPReq
 .text.USBD_ParseSetupRequest
                0x0800b978       0x18 libDaisy/build\libdaisy.a(usbd_ctlreq.o)
                0x0800b978                USBD_ParseSetupRequest
 .text.USBD_CtlSendData
                0x0800b990       0x1c libDaisy/build\libdaisy.a(usbd_ioreq.o)
                0x0800b990                USBD_CtlSendData
 .text.USBD_CtlContinueSendData
                0x0800b9ac       0x14 libDaisy/build\libdaisy.a(usbd_ioreq.o)
                0x0800b9ac                USBD_CtlContinueSendData
 .text.USBD_CtlContinueRx
                0x0800b9c0       0x14 libDaisy/build\libdaisy.a(usbd_ioreq.o)
                0x0800b9c0                USBD_CtlContinueRx
 .text.USBD_CtlSendStatus
                0x0800b9d4       0x18 libDaisy/build\libdaisy.a(usbd_ioreq.o)
                0x0800b9d4                USBD_CtlSendStatus
 .text.USBD_CtlReceiveStatus
                0x0800b9ec       0x18 libDaisy/build\libdaisy.a(usbd_ioreq.o)
                0x0800b9ec                USBD_CtlReceiveStatus
 .text.USBH_LL_IncTimer
                0x0800ba04       0x20 libDaisy/build\libdaisy.a(usbh_core.o)
                0x0800ba04                USBH_LL_IncTimer
 .text.USBH_LL_PortEnabled
                0x0800ba24        0x8 libDaisy/build\libdaisy.a(usbh_core.o)
                0x0800ba24                USBH_LL_PortEnabled
 .text.USBH_LL_PortDisabled
                0x0800ba2c        0x8 libDaisy/build\libdaisy.a(usbh_core.o)
                0x0800ba2c                USBH_LL_PortDisabled
 .text.USBH_LL_Connect
                0x0800ba34       0x18 libDaisy/build\libdaisy.a(usbh_core.o)
                0x0800ba34                USBH_LL_Connect
 .text.USBH_LL_Disconnect
                0x0800ba4c       0x2c libDaisy/build\libdaisy.a(usbh_core.o)
                0x0800ba4c                USBH_LL_Disconnect
 .text.USBH_FreePipe
                0x0800ba78       0x18 libDaisy/build\libdaisy.a(usbh_pipes.o)
                0x0800ba78                USBH_FreePipe
 .text._ZN5daisy6Random4InitEv
                0x0800ba90       0x3c libDaisy/build\libdaisy.a(rng.o)
                0x0800ba90                daisy::Random::Init()
 .text._ZN5daisy9SpiHandle4Impl7InitDmaEv
                0x0800bacc       0xec libDaisy/build\libdaisy.a(spi.o)
                0x0800bacc                daisy::SpiHandle::Impl::InitDma()
 .text._ZN5daisy9SpiHandle4Impl10StartDmaTxEPhjPFvPvEPFvS3_NS0_6ResultEES3_
                0x0800bbb8       0xbc libDaisy/build\libdaisy.a(spi.o)
                0x0800bbb8                daisy::SpiHandle::Impl::StartDmaTx(unsigned char*, unsigned int, void (*)(void*), void (*)(void*, daisy::SpiHandle::Result), void*)
 .text._ZN5daisy9SpiHandle4Impl10StartDmaRxEPhjPFvPvEPFvS3_NS0_6ResultEES3_
                0x0800bc74       0xbc libDaisy/build\libdaisy.a(spi.o)
                0x0800bc74                daisy::SpiHandle::Impl::StartDmaRx(unsigned char*, unsigned int, void (*)(void*), void (*)(void*, daisy::SpiHandle::Result), void*)
 .text._ZN5daisy9SpiHandle4Impl12StartDmaRxTxEPhS2_jPFvPvEPFvS3_NS0_6ResultEES3_
                0x0800bd30       0xbc libDaisy/build\libdaisy.a(spi.o)
                0x0800bd30                daisy::SpiHandle::Impl::StartDmaRxTx(unsigned char*, unsigned char*, unsigned int, void (*)(void*), void (*)(void*, daisy::SpiHandle::Result), void*)
 .text._ZN5daisy9SpiHandle4Impl8InitPinsEv
                0x0800bdec      0x214 libDaisy/build\libdaisy.a(spi.o)
                0x0800bdec                daisy::SpiHandle::Impl::InitPins()
 .text.HAL_SPI_MspInit
                0x0800c000      0x1a8 libDaisy/build\libdaisy.a(spi.o)
                0x0800c000                HAL_SPI_MspInit
 .text.dsy_spi_global_init
                0x0800c1a8       0x80 libDaisy/build\libdaisy.a(spi.o)
                0x0800c1a8                dsy_spi_global_init
 .text.SPI1_IRQHandler
                0x0800c228        0xc libDaisy/build\libdaisy.a(spi.o)
                0x0800c228                SPI1_IRQHandler
 .text.SPI2_IRQHandler
                0x0800c234        0xc libDaisy/build\libdaisy.a(spi.o)
                0x0800c234                SPI2_IRQHandler
 .text.SPI3_IRQHandler
                0x0800c240        0xc libDaisy/build\libdaisy.a(spi.o)
                0x0800c240                SPI3_IRQHandler
 .text.SPI4_IRQHandler
                0x0800c24c        0xc libDaisy/build\libdaisy.a(spi.o)
                0x0800c24c                SPI4_IRQHandler
 .text.SPI5_IRQHandler
                0x0800c258        0xc libDaisy/build\libdaisy.a(spi.o)
                0x0800c258                SPI5_IRQHandler
 .text.DMA2_Stream2_IRQHandler
                0x0800c264       0x34 libDaisy/build\libdaisy.a(spi.o)
                0x0800c264                DMA2_Stream2_IRQHandler
 .text.DMA2_Stream3_IRQHandler
                0x0800c298       0x34 libDaisy/build\libdaisy.a(spi.o)
                0x0800c298                DMA2_Stream3_IRQHandler
 .text.HAL_SPI_TxCpltCallback
                0x0800c2cc       0xc0 libDaisy/build\libdaisy.a(spi.o)
                0x0800c2cc                HAL_SPI_TxCpltCallback
 .text.HAL_SPI_RxCpltCallback
                0x0800c38c       0xc0 libDaisy/build\libdaisy.a(spi.o)
                0x0800c38c                HAL_SPI_RxCpltCallback
 .text.HAL_SPI_TxRxCpltCallback
                0x0800c44c       0xc0 libDaisy/build\libdaisy.a(spi.o)
                0x0800c44c                HAL_SPI_TxRxCpltCallback
 .text.HAL_SPI_ErrorCallback
                0x0800c50c       0xc4 libDaisy/build\libdaisy.a(spi.o)
                0x0800c50c                HAL_SPI_ErrorCallback
 .text.startup._GLOBAL__sub_I__Z19MapInstanceToHandleP11SPI_TypeDef
                0x0800c5d0      0x1bc libDaisy/build\libdaisy.a(spi.o)
 .text.HAL_TIM_Base_MspInit
                0x0800c78c      0x19c libDaisy/build\libdaisy.a(tim.o)
                0x0800c78c                HAL_TIM_Base_MspInit
 .text.HAL_TIM_PeriodElapsedCallback
                0x0800c928       0x44 libDaisy/build\libdaisy.a(tim.o)
                0x0800c928                HAL_TIM_PeriodElapsedCallback
 .text.TIM2_IRQHandler
                0x0800c96c        0xc libDaisy/build\libdaisy.a(tim.o)
                0x0800c96c                TIM2_IRQHandler
 .text.TIM3_IRQHandler
                0x0800c978        0xc libDaisy/build\libdaisy.a(tim.o)
                0x0800c978                TIM3_IRQHandler
 .text.TIM4_IRQHandler
                0x0800c984        0xc libDaisy/build\libdaisy.a(tim.o)
                0x0800c984                TIM4_IRQHandler
 .text.TIM5_IRQHandler
                0x0800c990        0xc libDaisy/build\libdaisy.a(tim.o)
                0x0800c990                TIM5_IRQHandler
 .text._ZN5daisy11TimerHandle4InitERKNS0_6ConfigE
                0x0800c99c       0xd0 libDaisy/build\libdaisy.a(tim.o)
                0x0800c99c                daisy::TimerHandle::Init(daisy::TimerHandle::Config const&)
 .text._ZN5daisy11TimerHandle5StartEv
                0x0800ca6c       0x24 libDaisy/build\libdaisy.a(tim.o)
                0x0800ca6c                daisy::TimerHandle::Start()
 .text._ZN5daisy11TimerHandle5GetUsEv
                0x0800ca90       0x2c libDaisy/build\libdaisy.a(tim.o)
                0x0800ca90                daisy::TimerHandle::GetUs()
 *fill*         0x0800cabc        0x4 
 .text.startup._GLOBAL__sub_I__ZN5daisy11TimerHandle4Impl4InitERKNS0_6ConfigE
                0x0800cac0       0x44 libDaisy/build\libdaisy.a(tim.o)
 .text._ZL20UART_CheckRxListenerPN5daisy11UartHandler4ImplE
                0x0800cb04       0x84 libDaisy/build\libdaisy.a(uart.o)
 .text._ZN5daisy11UartHandler4Impl10StartDmaTxEPhjPFvPvEPFvS3_NS0_6ResultEES3_
                0x0800cb88      0x174 libDaisy/build\libdaisy.a(uart.o)
                0x0800cb88                daisy::UartHandler::Impl::StartDmaTx(unsigned char*, unsigned int, void (*)(void*), void (*)(void*, daisy::UartHandler::Result), void*)
 .text._ZN5daisy11UartHandler4Impl10StartDmaRxEPhjPFvPvEPFvS3_NS0_6ResultEES3_
                0x0800ccfc      0x174 libDaisy/build\libdaisy.a(uart.o)
                0x0800ccfc                daisy::UartHandler::Impl::StartDmaRx(unsigned char*, unsigned int, void (*)(void*), void (*)(void*, daisy::UartHandler::Result), void*)
 .text._ZN5daisy11UartHandler4Impl19DmaTransferFinishedEP20__UART_HandleTypeDefNS0_6ResultE
                0x0800ce70       0xc0 libDaisy/build\libdaisy.a(uart.o)
                0x0800ce70                daisy::UartHandler::Impl::DmaTransferFinished(__UART_HandleTypeDef*, daisy::UartHandler::Result)
 .text._ZN5daisy11UartHandler4Impl8InitPinsEv
                0x0800cf30      0x154 libDaisy/build\libdaisy.a(uart.o)
                0x0800cf30                daisy::UartHandler::Impl::InitPins()
 .text.HAL_UART_MspInit
                0x0800d084      0x210 libDaisy/build\libdaisy.a(uart.o)
                0x0800d084                HAL_UART_MspInit
 .text.dsy_uart_global_init
                0x0800d294       0xfc libDaisy/build\libdaisy.a(uart.o)
                0x0800d294                dsy_uart_global_init
 .text.USART1_IRQHandler
                0x0800d390       0x30 libDaisy/build\libdaisy.a(uart.o)
                0x0800d390                USART1_IRQHandler
 .text.USART2_IRQHandler
                0x0800d3c0       0x38 libDaisy/build\libdaisy.a(uart.o)
                0x0800d3c0                USART2_IRQHandler
 .text.USART3_IRQHandler
                0x0800d3f8       0x38 libDaisy/build\libdaisy.a(uart.o)
                0x0800d3f8                USART3_IRQHandler
 .text.UART4_IRQHandler
                0x0800d430       0x38 libDaisy/build\libdaisy.a(uart.o)
                0x0800d430                UART4_IRQHandler
 .text.UART5_IRQHandler
                0x0800d468       0x38 libDaisy/build\libdaisy.a(uart.o)
                0x0800d468                UART5_IRQHandler
 .text.USART6_IRQHandler
                0x0800d4a0       0x38 libDaisy/build\libdaisy.a(uart.o)
                0x0800d4a0                USART6_IRQHandler
 .text.UART7_IRQHandler
                0x0800d4d8       0x38 libDaisy/build\libdaisy.a(uart.o)
                0x0800d4d8                UART7_IRQHandler
 .text.UART8_IRQHandler
                0x0800d510       0x38 libDaisy/build\libdaisy.a(uart.o)
                0x0800d510                UART8_IRQHandler
 .text.LPUART1_IRQHandler
                0x0800d548       0x38 libDaisy/build\libdaisy.a(uart.o)
                0x0800d548                LPUART1_IRQHandler
 .text.DMA1_Stream5_IRQHandler
                0x0800d580       0x34 libDaisy/build\libdaisy.a(uart.o)
                0x0800d580                DMA1_Stream5_IRQHandler
 .text.DMA2_Stream4_IRQHandler
                0x0800d5b4       0x34 libDaisy/build\libdaisy.a(uart.o)
                0x0800d5b4                DMA2_Stream4_IRQHandler
 .text.HAL_UART_TxCpltCallback
                0x0800d5e8        0x8 libDaisy/build\libdaisy.a(uart.o)
                0x0800d5e8                HAL_UART_TxCpltCallback
 .text.HAL_UART_RxCpltCallback
                0x0800d5f0       0x94 libDaisy/build\libdaisy.a(uart.o)
                0x0800d5f0                HAL_UART_RxCpltCallback
 .text.HAL_UART_RxHalfCpltCallback
                0x0800d684       0x90 libDaisy/build\libdaisy.a(uart.o)
                0x0800d684                HAL_UART_RxHalfCpltCallback
 .text.HAL_UART_ErrorCallback
                0x0800d714        0x8 libDaisy/build\libdaisy.a(uart.o)
                0x0800d714                HAL_UART_ErrorCallback
 *fill*         0x0800d71c        0x4 
 .text.startup._GLOBAL__sub_I__Z19MapInstanceToHandleP13USART_TypeDef
                0x0800d720      0x19c libDaisy/build\libdaisy.a(uart.o)
 .text.dsy_dma_init
                0x0800d8bc      0x100 libDaisy/build\libdaisy.a(dma.o)
                0x0800d8bc                dsy_dma_init
 .text.dsy_dma_invalidate_cache_for_buffer
                0x0800d9bc       0x2c libDaisy/build\libdaisy.a(dma.o)
                0x0800d9bc                dsy_dma_invalidate_cache_for_buffer
 .text.HAL_MDMA_Abort_IT
                0x0800d9e8       0x28 libDaisy/build\libdaisy.a(stm32h7xx_hal_mdma.o)
                0x0800d9e8                HAL_MDMA_Abort_IT
 .text.SPI_CloseTransfer
                0x0800da10       0xb8 libDaisy/build\libdaisy.a(stm32h7xx_hal_spi.o)
 .text.HAL_SPI_Init
                0x0800dac8      0x154 libDaisy/build\libdaisy.a(stm32h7xx_hal_spi.o)
                0x0800dac8                HAL_SPI_Init
 .text.HAL_SPI_Transmit_DMA
                0x0800dc1c      0x160 libDaisy/build\libdaisy.a(stm32h7xx_hal_spi.o)
                0x0800dc1c                HAL_SPI_Transmit_DMA
 .text.HAL_SPI_TransmitReceive_DMA
                0x0800dd7c      0x1fc libDaisy/build\libdaisy.a(stm32h7xx_hal_spi.o)
                0x0800dd7c                HAL_SPI_TransmitReceive_DMA
 .text.HAL_SPI_Receive_DMA
                0x0800df78      0x198 libDaisy/build\libdaisy.a(stm32h7xx_hal_spi.o)
                0x0800df78                HAL_SPI_Receive_DMA
 .text.SPI_DMATransmitCplt
                0x0800e110       0x28 libDaisy/build\libdaisy.a(stm32h7xx_hal_spi.o)
 .text.SPI_DMAReceiveCplt
                0x0800e138       0x28 libDaisy/build\libdaisy.a(stm32h7xx_hal_spi.o)
 .text.SPI_DMATransmitReceiveCplt
                0x0800e160       0x28 libDaisy/build\libdaisy.a(stm32h7xx_hal_spi.o)
 .text.HAL_SPI_TxHalfCpltCallback
                0x0800e188        0x4 libDaisy/build\libdaisy.a(stm32h7xx_hal_spi.o)
                0x0800e188                HAL_SPI_TxHalfCpltCallback
 .text.SPI_DMAHalfTransmitCplt
                0x0800e18c        0xc libDaisy/build\libdaisy.a(stm32h7xx_hal_spi.o)
 .text.HAL_SPI_RxHalfCpltCallback
                0x0800e198        0x4 libDaisy/build\libdaisy.a(stm32h7xx_hal_spi.o)
                0x0800e198                HAL_SPI_RxHalfCpltCallback
 .text.SPI_DMAHalfReceiveCplt
                0x0800e19c        0xc libDaisy/build\libdaisy.a(stm32h7xx_hal_spi.o)
 .text.HAL_SPI_TxRxHalfCpltCallback
                0x0800e1a8        0x4 libDaisy/build\libdaisy.a(stm32h7xx_hal_spi.o)
                0x0800e1a8                HAL_SPI_TxRxHalfCpltCallback
 .text.SPI_DMAHalfTransmitReceiveCplt
                0x0800e1ac        0xc libDaisy/build\libdaisy.a(stm32h7xx_hal_spi.o)
 .text.SPI_DMAError
                0x0800e1b8       0xd8 libDaisy/build\libdaisy.a(stm32h7xx_hal_spi.o)
 .text.HAL_SPI_IRQHandler
                0x0800e290      0x238 libDaisy/build\libdaisy.a(stm32h7xx_hal_spi.o)
                0x0800e290                HAL_SPI_IRQHandler
 .text.SPI_DMAAbortOnError
                0x0800e4c8       0x1c libDaisy/build\libdaisy.a(stm32h7xx_hal_spi.o)
 .text.HAL_SPI_GetState
                0x0800e4e4        0x8 libDaisy/build\libdaisy.a(stm32h7xx_hal_spi.o)
                0x0800e4e4                HAL_SPI_GetState
 .text.HAL_UART_Transmit_DMA
                0x0800e4ec       0x90 libDaisy/build\libdaisy.a(stm32h7xx_hal_uart.o)
                0x0800e4ec                HAL_UART_Transmit_DMA
 .text.HAL_UART_Receive_DMA
                0x0800e57c       0x9c libDaisy/build\libdaisy.a(stm32h7xx_hal_uart.o)
                0x0800e57c                HAL_UART_Receive_DMA
 .text.UART_DMATransmitCplt
                0x0800e618       0x2c libDaisy/build\libdaisy.a(stm32h7xx_hal_uart.o)
 .text.HAL_UART_TxHalfCpltCallback
                0x0800e644        0x4 libDaisy/build\libdaisy.a(stm32h7xx_hal_uart.o)
                0x0800e644                HAL_UART_TxHalfCpltCallback
 .text.UART_DMATxHalfCplt
                0x0800e648        0xc libDaisy/build\libdaisy.a(stm32h7xx_hal_uart.o)
 .text.UART_DMAReceiveCplt
                0x0800e654       0x38 libDaisy/build\libdaisy.a(stm32h7xx_hal_uart.o)
 .text.UART_DMARxHalfCplt
                0x0800e68c        0xc libDaisy/build\libdaisy.a(stm32h7xx_hal_uart.o)
 .text.UART_DMAError
                0x0800e698       0x78 libDaisy/build\libdaisy.a(stm32h7xx_hal_uart.o)
 .text.HAL_UART_IRQHandler
                0x0800e710      0x1e4 libDaisy/build\libdaisy.a(stm32h7xx_hal_uart.o)
                0x0800e710                HAL_UART_IRQHandler
 .text.UART_DMAAbortOnError
                0x0800e8f4       0x14 libDaisy/build\libdaisy.a(stm32h7xx_hal_uart.o)
 .text.HAL_UART_GetState
                0x0800e908        0xc libDaisy/build\libdaisy.a(stm32h7xx_hal_uart.o)
                0x0800e908                HAL_UART_GetState
 .text.UART_SetConfig
                0x0800e914      0x82c libDaisy/build\libdaisy.a(stm32h7xx_hal_uart.o)
                0x0800e914                UART_SetConfig
 .text.UART_AdvFeatureConfig
                0x0800f140       0xb0 libDaisy/build\libdaisy.a(stm32h7xx_hal_uart.o)
                0x0800f140                UART_AdvFeatureConfig
 .text.UART_CheckIdleState
                0x0800f1f0       0x80 libDaisy/build\libdaisy.a(stm32h7xx_hal_uart.o)
                0x0800f1f0                UART_CheckIdleState
 .text.HAL_UART_Init
                0x0800f270       0x68 libDaisy/build\libdaisy.a(stm32h7xx_hal_uart.o)
                0x0800f270                HAL_UART_Init
 .text.HAL_UARTEx_WakeupCallback
                0x0800f2d8        0x4 libDaisy/build\libdaisy.a(stm32h7xx_hal_uart_ex.o)
                0x0800f2d8                HAL_UARTEx_WakeupCallback
 .text.HAL_UARTEx_RxFifoFullCallback
                0x0800f2dc        0x4 libDaisy/build\libdaisy.a(stm32h7xx_hal_uart_ex.o)
                0x0800f2dc                HAL_UARTEx_RxFifoFullCallback
 .text.HAL_UARTEx_TxFifoEmptyCallback
                0x0800f2e0        0x4 libDaisy/build\libdaisy.a(stm32h7xx_hal_uart_ex.o)
                0x0800f2e0                HAL_UARTEx_TxFifoEmptyCallback
 .text.__aeabi_atexit
                0x0800f2e4        0xa C:/Program Files (x86)/GNU Tools Arm Embedded/version13-3/bin/../lib/gcc/arm-none-eabi/13.3.1/thumb/v7e-m+dp/hard\libstdc++_nano.a(atexit_arm.o)
                0x0800f2e4                __aeabi_atexit
 .text._ZdlPvj  0x0800f2ee        0x4 C:/Program Files (x86)/GNU Tools Arm Embedded/version13-3/bin/../lib/gcc/arm-none-eabi/13.3.1/thumb/v7e-m+dp/hard\libstdc++_nano.a(del_ops.o)
                0x0800f2ee                operator delete(void*, unsigned int)
 .text._Znwj    0x0800f2f2       0x22 C:/Program Files (x86)/GNU Tools Arm Embedded/version13-3/bin/../lib/gcc/arm-none-eabi/13.3.1/thumb/v7e-m+dp/hard\libstdc++_nano.a(new_op.o)
                0x0800f2f2                operator new(unsigned int)
 .text.unlikely._ZSt17__throw_bad_allocv
                0x0800f314        0x6 C:/Program Files (x86)/GNU Tools Arm Embedded/version13-3/bin/../lib/gcc/arm-none-eabi/13.3.1/thumb/v7e-m+dp/hard\libstdc++_nano.a(functexcept.o)
                0x0800f314                std::__throw_bad_alloc()
 .text.unlikely._ZSt28__throw_bad_array_new_lengthv
                0x0800f31a        0x6 C:/Program Files (x86)/GNU Tools Arm Embedded/version13-3/bin/../lib/gcc/arm-none-eabi/13.3.1/thumb/v7e-m+dp/hard\libstdc++_nano.a(functexcept.o)
                0x0800f31a                std::__throw_bad_array_new_length()
 .text.unlikely._ZSt20__throw_length_errorPKc
                0x0800f320        0x6 C:/Program Files (x86)/GNU Tools Arm Embedded/version13-3/bin/../lib/gcc/arm-none-eabi/13.3.1/thumb/v7e-m+dp/hard\libstdc++_nano.a(functexcept.o)
                0x0800f320                std::__throw_length_error(char const*)
 .text.unlikely._ZSt20__throw_out_of_rangePKc
                0x0800f326        0x6 C:/Program Files (x86)/GNU Tools Arm Embedded/version13-3/bin/../lib/gcc/arm-none-eabi/13.3.1/thumb/v7e-m+dp/hard\libstdc++_nano.a(functexcept.o)
                0x0800f326                std::__throw_out_of_range(char const*)
 .text._ZNKSt8__detail20_Prime_rehash_policy11_M_next_bktEj
                0x0800f32c       0x98 C:/Program Files (x86)/GNU Tools Arm Embedded/version13-3/bin/../lib/gcc/arm-none-eabi/13.3.1/thumb/v7e-m+dp/hard\libstdc++_nano.a(hashtable_c++0x.o)
                0x0800f32c                std::__detail::_Prime_rehash_policy::_M_next_bkt(unsigned int) const
 .text._ZNKSt8__detail20_Prime_rehash_policy14_M_need_rehashEjjj
                0x0800f3c4       0x82 C:/Program Files (x86)/GNU Tools Arm Embedded/version13-3/bin/../lib/gcc/arm-none-eabi/13.3.1/thumb/v7e-m+dp/hard\libstdc++_nano.a(hashtable_c++0x.o)
                0x0800f3c4                std::__detail::_Prime_rehash_policy::_M_need_rehash(unsigned int, unsigned int, unsigned int) const
 .text._ZdlPv   0x0800f446        0x4 C:/Program Files (x86)/GNU Tools Arm Embedded/version13-3/bin/../lib/gcc/arm-none-eabi/13.3.1/thumb/v7e-m+dp/hard\libstdc++_nano.a(del_op.o)
                0x0800f446                operator delete(void*)
 *fill*         0x0800f44a        0x2 
 .text._ZSt15get_new_handlerv
                0x0800f44c       0x10 C:/Program Files (x86)/GNU Tools Arm Embedded/version13-3/bin/../lib/gcc/arm-none-eabi/13.3.1/thumb/v7e-m+dp/hard\libstdc++_nano.a(new_handler.o)
                0x0800f44c                std::get_new_handler()
 *fill*         0x0800f45c        0x4 
 .text.cos      0x0800f460       0x80 C:/Program Files (x86)/GNU Tools Arm Embedded/version13-3/bin/../lib/gcc/arm-none-eabi/13.3.1/thumb/v7e-m+dp/hard\libm.a(libm_a-s_cos.o)
                0x0800f460                cos
 .text.exp      0x0800f4e0      0x1b4 C:/Program Files (x86)/GNU Tools Arm Embedded/version13-3/bin/../lib/gcc/arm-none-eabi/13.3.1/thumb/v7e-m+dp/hard\libm.a(libm_a-exp.o)
                0x0800f4e0                exp
 .text.with_errno
                0x0800f694       0x1c C:/Program Files (x86)/GNU Tools Arm Embedded/version13-3/bin/../lib/gcc/arm-none-eabi/13.3.1/thumb/v7e-m+dp/hard\libm.a(libm_a-math_err.o)
 .text.xflow    0x0800f6b0       0x24 C:/Program Files (x86)/GNU Tools Arm Embedded/version13-3/bin/../lib/gcc/arm-none-eabi/13.3.1/thumb/v7e-m+dp/hard\libm.a(libm_a-math_err.o)
 *fill*         0x0800f6d4        0x4 
 .text.__math_uflow
                0x0800f6d8       0x10 C:/Program Files (x86)/GNU Tools Arm Embedded/version13-3/bin/../lib/gcc/arm-none-eabi/13.3.1/thumb/v7e-m+dp/hard\libm.a(libm_a-math_err.o)
                0x0800f6d8                __math_uflow
 .text.__math_oflow
                0x0800f6e8       0x10 C:/Program Files (x86)/GNU Tools Arm Embedded/version13-3/bin/../lib/gcc/arm-none-eabi/13.3.1/thumb/v7e-m+dp/hard\libm.a(libm_a-math_err.o)
                0x0800f6e8                __math_oflow
 .text.__math_divzero
                0x0800f6f8       0x30 C:/Program Files (x86)/GNU Tools Arm Embedded/version13-3/bin/../lib/gcc/arm-none-eabi/13.3.1/thumb/v7e-m+dp/hard\libm.a(libm_a-math_err.o)
                0x0800f6f8                __math_divzero
 .text.__math_invalid
                0x0800f728       0x20 C:/Program Files (x86)/GNU Tools Arm Embedded/version13-3/bin/../lib/gcc/arm-none-eabi/13.3.1/thumb/v7e-m+dp/hard\libm.a(libm_a-math_err.o)
                0x0800f728                __math_invalid
 .text.__math_check_uflow
                0x0800f748       0x14 C:/Program Files (x86)/GNU Tools Arm Embedded/version13-3/bin/../lib/gcc/arm-none-eabi/13.3.1/thumb/v7e-m+dp/hard\libm.a(libm_a-math_err.o)
                0x0800f748                __math_check_uflow
 *fill*         0x0800f75c        0x4 
 .text.__math_check_oflow
                0x0800f760       0x28 C:/Program Files (x86)/GNU Tools Arm Embedded/version13-3/bin/../lib/gcc/arm-none-eabi/13.3.1/thumb/v7e-m+dp/hard\libm.a(libm_a-math_err.o)
                0x0800f760                __math_check_oflow
 .text.pow      0x0800f788      0x5d8 C:/Program Files (x86)/GNU Tools Arm Embedded/version13-3/bin/../lib/gcc/arm-none-eabi/13.3.1/thumb/v7e-m+dp/hard\libm.a(libm_a-pow.o)
                0x0800f788                pow
 .text.__kernel_cos
                0x0800fd60      0x130 C:/Program Files (x86)/GNU Tools Arm Embedded/version13-3/bin/../lib/gcc/arm-none-eabi/13.3.1/thumb/v7e-m+dp/hard\libm.a(libm_a-k_cos.o)
                0x0800fd60                __kernel_cos
 .text.__kernel_sin
                0x0800fe90       0xb0 C:/Program Files (x86)/GNU Tools Arm Embedded/version13-3/bin/../lib/gcc/arm-none-eabi/13.3.1/thumb/v7e-m+dp/hard\libm.a(libm_a-k_sin.o)
                0x0800fe90                __kernel_sin
 .text.__ieee754_rem_pio2
                0x0800ff40      0x29c C:/Program Files (x86)/GNU Tools Arm Embedded/version13-3/bin/../lib/gcc/arm-none-eabi/13.3.1/thumb/v7e-m+dp/hard\libm.a(libm_a-e_rem_pio2.o)
                0x0800ff40                __ieee754_rem_pio2
 .text.fabs     0x080101dc       0x10 C:/Program Files (x86)/GNU Tools Arm Embedded/version13-3/bin/../lib/gcc/arm-none-eabi/13.3.1/thumb/v7e-m+dp/hard\libm.a(libm_a-s_fabs.o)
                0x080101dc                fabs
 *fill*         0x080101ec        0x4 
 .text.__kernel_rem_pio2
                0x080101f0      0x678 C:/Program Files (x86)/GNU Tools Arm Embedded/version13-3/bin/../lib/gcc/arm-none-eabi/13.3.1/thumb/v7e-m+dp/hard\libm.a(libm_a-k_rem_pio2.o)
                0x080101f0                __kernel_rem_pio2
 .text.scalbn   0x08010868      0x104 C:/Program Files (x86)/GNU Tools Arm Embedded/version13-3/bin/../lib/gcc/arm-none-eabi/13.3.1/thumb/v7e-m+dp/hard\libm.a(libm_a-s_scalbn.o)
                0x08010868                scalbn
 *fill*         0x0801096c        0x4 
 .text.floor    0x08010970      0x118 C:/Program Files (x86)/GNU Tools Arm Embedded/version13-3/bin/../lib/gcc/arm-none-eabi/13.3.1/thumb/v7e-m+dp/hard\libm.a(libm_a-s_floor.o)
                0x08010970                floor
 .text.abort    0x08010a88        0xe C:/Program Files (x86)/GNU Tools Arm Embedded/version13-3/bin/../lib/gcc/arm-none-eabi/13.3.1/thumb/v7e-m+dp/hard\libc_nano.a(libc_a-abort.o)
                0x08010a88                abort
 *fill*         0x08010a96        0x2 
 .text.malloc   0x08010a98       0x10 C:/Program Files (x86)/GNU Tools Arm Embedded/version13-3/bin/../lib/gcc/arm-none-eabi/13.3.1/thumb/v7e-m+dp/hard\libc_nano.a(libc_a-malloc.o)
                0x08010a98                malloc
 .text.free     0x08010aa8       0x10 C:/Program Files (x86)/GNU Tools Arm Embedded/version13-3/bin/../lib/gcc/arm-none-eabi/13.3.1/thumb/v7e-m+dp/hard\libc_nano.a(libc_a-malloc.o)
                0x08010aa8                free
 .text.sbrk_aligned
                0x08010ab8       0x44 C:/Program Files (x86)/GNU Tools Arm Embedded/version13-3/bin/../lib/gcc/arm-none-eabi/13.3.1/thumb/v7e-m+dp/hard\libc_nano.a(libc_a-mallocr.o)
 .text._malloc_r
                0x08010afc      0x100 C:/Program Files (x86)/GNU Tools Arm Embedded/version13-3/bin/../lib/gcc/arm-none-eabi/13.3.1/thumb/v7e-m+dp/hard\libc_nano.a(libc_a-mallocr.o)
                0x08010afc                _malloc_r
 .text.__malloc_lock
                0x08010bfc        0xc C:/Program Files (x86)/GNU Tools Arm Embedded/version13-3/bin/../lib/gcc/arm-none-eabi/13.3.1/thumb/v7e-m+dp/hard\libc_nano.a(libc_a-mlock.o)
                0x08010bfc                __malloc_lock
 .text.__malloc_unlock
                0x08010c08        0xc C:/Program Files (x86)/GNU Tools Arm Embedded/version13-3/bin/../lib/gcc/arm-none-eabi/13.3.1/thumb/v7e-m+dp/hard\libc_nano.a(libc_a-mlock.o)
                0x08010c08                __malloc_unlock
 .text.__cxa_atexit
                0x08010c14       0x1c C:/Program Files (x86)/GNU Tools Arm Embedded/version13-3/bin/../lib/gcc/arm-none-eabi/13.3.1/thumb/v7e-m+dp/hard\libc_nano.a(libc_a-cxa_atexit.o)
                0x08010c14                __cxa_atexit
 .text.memmove  0x08010c30       0x34 C:/Program Files (x86)/GNU Tools Arm Embedded/version13-3/bin/../lib/gcc/arm-none-eabi/13.3.1/thumb/v7e-m+dp/hard\libc_nano.a(libc_a-memmove.o)
                0x08010c30                memmove
 .text.memset   0x08010c64       0x10 C:/Program Files (x86)/GNU Tools Arm Embedded/version13-3/bin/../lib/gcc/arm-none-eabi/13.3.1/thumb/v7e-m+dp/hard\libc_nano.a(libc_a-memset.o)
                0x08010c64                memset
 .text._raise_r
                0x08010c74       0x50 C:/Program Files (x86)/GNU Tools Arm Embedded/version13-3/bin/../lib/gcc/arm-none-eabi/13.3.1/thumb/v7e-m+dp/hard\libc_nano.a(libc_a-signal.o)
                0x08010c74                _raise_r
 .text.raise    0x08010cc4       0x10 C:/Program Files (x86)/GNU Tools Arm Embedded/version13-3/bin/../lib/gcc/arm-none-eabi/13.3.1/thumb/v7e-m+dp/hard\libc_nano.a(libc_a-signal.o)
                0x08010cc4                raise
 .text._kill_r  0x08010cd4       0x24 C:/Program Files (x86)/GNU Tools Arm Embedded/version13-3/bin/../lib/gcc/arm-none-eabi/13.3.1/thumb/v7e-m+dp/hard\libc_nano.a(libc_a-signalr.o)
                0x08010cd4                _kill_r
 .text._getpid_r
                0x08010cf8        0x4 C:/Program Files (x86)/GNU Tools Arm Embedded/version13-3/bin/../lib/gcc/arm-none-eabi/13.3.1/thumb/v7e-m+dp/hard\libc_nano.a(libc_a-signalr.o)
                0x08010cf8                _getpid_r
 .text._sbrk_r  0x08010cfc       0x20 C:/Program Files (x86)/GNU Tools Arm Embedded/version13-3/bin/../lib/gcc/arm-none-eabi/13.3.1/thumb/v7e-m+dp/hard\libc_nano.a(libc_a-sbrkr.o)
                0x08010cfc                _sbrk_r
 .text.__errno  0x08010d1c        0xc C:/Program Files (x86)/GNU Tools Arm Embedded/version13-3/bin/../lib/gcc/arm-none-eabi/13.3.1/thumb/v7e-m+dp/hard\libc_nano.a(libc_a-errno.o)
                0x08010d1c                __errno
 .text.__libc_init_array
                0x08010d28       0x48 C:/Program Files (x86)/GNU Tools Arm Embedded/version13-3/bin/../lib/gcc/arm-none-eabi/13.3.1/thumb/v7e-m+dp/hard\libc_nano.a(libc_a-init.o)
                0x08010d28                __libc_init_array
 .text.__retarget_lock_acquire_recursive
                0x08010d70        0x2 C:/Program Files (x86)/GNU Tools Arm Embedded/version13-3/bin/../lib/gcc/arm-none-eabi/13.3.1/thumb/v7e-m+dp/hard\libc_nano.a(libc_a-lock.o)
                0x08010d70                __retarget_lock_acquire_recursive
 .text.__retarget_lock_release_recursive
                0x08010d72        0x2 C:/Program Files (x86)/GNU Tools Arm Embedded/version13-3/bin/../lib/gcc/arm-none-eabi/13.3.1/thumb/v7e-m+dp/hard\libc_nano.a(libc_a-lock.o)
                0x08010d72                __retarget_lock_release_recursive
 .text.memcpy   0x08010d74       0x1c C:/Program Files (x86)/GNU Tools Arm Embedded/version13-3/bin/../lib/gcc/arm-none-eabi/13.3.1/thumb/v7e-m+dp/hard\libc_nano.a(libc_a-memcpy-stub.o)
                0x08010d74                memcpy
 .text._free_r  0x08010d90       0x94 C:/Program Files (x86)/GNU Tools Arm Embedded/version13-3/bin/../lib/gcc/arm-none-eabi/13.3.1/thumb/v7e-m+dp/hard\libc_nano.a(libc_a-freer.o)
                0x08010d90                _free_r
 .text.__udivmoddi4
                0x08010e24      0x2bc C:/Program Files (x86)/GNU Tools Arm Embedded/version13-3/bin/../lib/gcc/arm-none-eabi/13.3.1/thumb/v7e-m+dp/hard\libgcc.a(_udivmoddi4.o)
                0x08010e24                __udivmoddi4
 .text._getpid  0x080110e0       0x10 C:/Program Files (x86)/GNU Tools Arm Embedded/version13-3/bin/../lib/gcc/arm-none-eabi/13.3.1/thumb/v7e-m+dp/hard\libnosys.a(getpid.o)
                0x080110e0                _getpid
 .text._kill    0x080110f0       0x10 C:/Program Files (x86)/GNU Tools Arm Embedded/version13-3/bin/../lib/gcc/arm-none-eabi/13.3.1/thumb/v7e-m+dp/hard\libnosys.a(kill.o)
                0x080110f0                _kill
 .text._sbrk    0x08011100       0x1c C:/Program Files (x86)/GNU Tools Arm Embedded/version13-3/bin/../lib/gcc/arm-none-eabi/13.3.1/thumb/v7e-m+dp/hard\libnosys.a(sbrk.o)
                0x08011100                _sbrk
 .text._exit    0x0801111c        0x4 C:/Program Files (x86)/GNU Tools Arm Embedded/version13-3/bin/../lib/gcc/arm-none-eabi/13.3.1/thumb/v7e-m+dp/hard\libnosys.a(_exit.o)
                0x0801111c                _exit
 *(.rodata)
 .rodata        0x08011120       0xf0 build/Blink.o
 .rodata        0x08011210       0x10 libDaisy/build\libdaisy.a(i2c.o)
 .rodata        0x08011220       0x10 libDaisy/build\libdaisy.a(tim.o)
 .rodata        0x08011230       0x12 libDaisy/build\libdaisy.a(uart.o)
 *(.rodata*)
 *fill*         0x08011242        0x2 
 .rodata._ZNSt6vectorIN8Keyboard6note_tESaIS1_EE7reserveEj.str1.4
                0x08011244       0x3e build/Blink.o
                                 0x10 (size before relaxing)
 .rodata._ZNSt6vectorIN8Keyboard6note_tESaIS1_EE17_M_realloc_insertIJS1_EEEvN9__gnu_cxx17__normal_iteratorIPS1_S3_EEDpOT_.str1.4
                0x08011282       0x1a build/Blink.o
 .rodata._ZN8KeyboardC2EPNS_7freqs_tEPNS_17note_enclosures_tE.str1.4
                0x08011282       0x12 build/keyboard.o
 *fill*         0x08011282        0x2 
 .rodata.CSWTCH.44
                0x08011284       0x14 libDaisy/build\libdaisy.a(sai.o)
 .rodata.CSWTCH.36
                0x08011298        0xc libDaisy/build\libdaisy.a(sai.o)
 .rodata.CSWTCH.35
                0x080112a4        0x3 libDaisy/build\libdaisy.a(sai.o)
 *fill*         0x080112a7        0x1 
 .rodata.D1CorePrescTable
                0x080112a8       0x10 libDaisy/build\libdaisy.a(system_stm32h7xx.o)
                0x080112a8                D1CorePrescTable
 .rodata.gpio_hal_pin_map
                0x080112b8       0x20 libDaisy/build\libdaisy.a(hal_map.o)
 .rodata.gpio_hal_port_map
                0x080112d8       0x30 libDaisy/build\libdaisy.a(hal_map.o)
 .rodata.flagBitshiftOffset.0
                0x08011308        0x8 libDaisy/build\libdaisy.a(stm32h7xx_hal_dma.o)
 .rodata._ZL16pins_periphs_spi
                0x08011310       0x60 libDaisy/build\libdaisy.a(spi.o)
 .rodata._ZL13pins_none_spi
                0x08011370        0x3 libDaisy/build\libdaisy.a(spi.o)
 *fill*         0x08011373        0x5 
 .rodata.CSWTCH.425
                0x08011378       0x58 libDaisy/build\libdaisy.a(stm32h7xx_hal_uart.o)
 .rodata.CSWTCH.418
                0x080113d0       0x2c libDaisy/build\libdaisy.a(stm32h7xx_hal_uart.o)
 .rodata._ZZNKSt8__detail20_Prime_rehash_policy11_M_next_bktEjE10__fast_bkt
                0x080113fc        0xe C:/Program Files (x86)/GNU Tools Arm Embedded/version13-3/bin/../lib/gcc/arm-none-eabi/13.3.1/thumb/v7e-m+dp/hard\libstdc++_nano.a(hashtable_c++0x.o)
 *fill*         0x0801140a        0x2 
 .rodata._ZNSt8__detail12__prime_listE
                0x0801140c      0x404 C:/Program Files (x86)/GNU Tools Arm Embedded/version13-3/bin/../lib/gcc/arm-none-eabi/13.3.1/thumb/v7e-m+dp/hard\libstdc++_nano.a(hashtable_c++0x.o)
                0x0801140c                std::__detail::__prime_list
 .rodata.__exp_data
                0x08011810      0x870 C:/Program Files (x86)/GNU Tools Arm Embedded/version13-3/bin/../lib/gcc/arm-none-eabi/13.3.1/thumb/v7e-m+dp/hard\libm.a(libm_a-exp_data.o)
                0x08011810                __exp_data
 .rodata.__pow_log_data