Archive member included to satisfy reference by file (symbol)

libDaisy/build\libdaisy.a(daisy_seed.o)
                              build/Blink.o (daisy::DaisySeed::Configure())
libDaisy/build\libdaisy.a(codec_ak4556.o)
                              libDaisy/build\libdaisy.a(daisy_seed.o) (daisy::Ak4556::Init(dsy_gpio_pin))
libDaisy/build\libdaisy.a(codec_wm8731.o)
                              libDaisy/build\libdaisy.a(daisy_seed.o) (daisy::Wm8731::Init(daisy::Wm8731::Config const&, daisy::I2CHandle))
libDaisy/build\libdaisy.a(sdram.o)
                              libDaisy/build\libdaisy.a(daisy_seed.o) (SdramHandle::Init())
libDaisy/build\libdaisy.a(audio.o)
                              libDaisy/build\libdaisy.a(daisy_seed.o) (daisy::AudioHandle::Init(daisy::AudioHandle::Config const&, daisy::SaiHandle))
libDaisy/build\libdaisy.a(dac.o)
                              build/Blink.o (daisy::DacHandle::Init(daisy::DacHandle::Config const&))
libDaisy/build\libdaisy.a(gpio.o)
                              build/Blink.o (daisy::GPIO::Init(daisy::GPIO::Config const&))
libDaisy/build\libdaisy.a(i2c.o)
                              libDaisy/build\libdaisy.a(daisy_seed.o) (daisy::I2CHandle::Init(daisy::I2CHandle::Config const&))
libDaisy/build\libdaisy.a(qspi.o)
                              libDaisy/build\libdaisy.a(daisy_seed.o) (daisy::QSPIHandle::Init(daisy::QSPIHandle::Config const&))
libDaisy/build\libdaisy.a(sai.o)
                              libDaisy/build\libdaisy.a(daisy_seed.o) (daisy::SaiHandle::Init(daisy::SaiHandle::Config const&))
libDaisy/build\libdaisy.a(system.o)
                              libDaisy/build\libdaisy.a(daisy_seed.o) (daisy::System::DeInit())
libDaisy/build\libdaisy.a(system_stm32h7xx.o)
                              build/startup_stm32h750xx.o (SystemInit)
libDaisy/build\libdaisy.a(usbd_conf.o)
                              libDaisy/build\libdaisy.a(system.o) (hpcd_USB_OTG_HS)
libDaisy/build\libdaisy.a(usbh_conf.o)
                              libDaisy/build\libdaisy.a(system.o) (hhcd_USB_OTG_HS)
libDaisy/build\libdaisy.a(hal_map.o)
                              libDaisy/build\libdaisy.a(gpio.o) (dsy_hal_map_get_port)
libDaisy/build\libdaisy.a(stm32h7xx_hal.o)
                              libDaisy/build\libdaisy.a(system.o) (HAL_Init)
libDaisy/build\libdaisy.a(stm32h7xx_hal_cortex.o)
                              libDaisy/build\libdaisy.a(stm32h7xx_hal.o) (HAL_NVIC_SetPriorityGrouping)
libDaisy/build\libdaisy.a(stm32h7xx_hal_dac.o)
                              libDaisy/build\libdaisy.a(dac.o) (HAL_DAC_Init)
libDaisy/build\libdaisy.a(stm32h7xx_hal_dac_ex.o)
                              libDaisy/build\libdaisy.a(stm32h7xx_hal_dac.o) (HAL_DACEx_DMAUnderrunCallbackCh2)
libDaisy/build\libdaisy.a(stm32h7xx_hal_dma.o)
                              libDaisy/build\libdaisy.a(dac.o) (HAL_DMA_Init)
libDaisy/build\libdaisy.a(stm32h7xx_hal_gpio.o)
                              libDaisy/build\libdaisy.a(sdram.o) (HAL_GPIO_Init)
libDaisy/build\libdaisy.a(stm32h7xx_hal_hcd.o)
                              libDaisy/build\libdaisy.a(usbh_conf.o) (HAL_HCD_HC_Init)
libDaisy/build\libdaisy.a(stm32h7xx_hal_i2c.o)
                              libDaisy/build\libdaisy.a(i2c.o) (HAL_I2C_Init)
libDaisy/build\libdaisy.a(stm32h7xx_hal_i2c_ex.o)
                              libDaisy/build\libdaisy.a(i2c.o) (HAL_I2CEx_ConfigAnalogFilter)
libDaisy/build\libdaisy.a(stm32h7xx_hal_pcd.o)
                              libDaisy/build\libdaisy.a(usbd_conf.o) (HAL_PCD_Init)
libDaisy/build\libdaisy.a(stm32h7xx_hal_pcd_ex.o)
                              libDaisy/build\libdaisy.a(usbd_conf.o) (HAL_PCDEx_SetTxFiFo)
libDaisy/build\libdaisy.a(stm32h7xx_hal_pwr_ex.o)
                              libDaisy/build\libdaisy.a(system.o) (HAL_PWREx_ConfigSupply)
libDaisy/build\libdaisy.a(stm32h7xx_hal_qspi.o)
                              libDaisy/build\libdaisy.a(qspi.o) (HAL_QSPI_Init)
libDaisy/build\libdaisy.a(stm32h7xx_hal_rcc.o)
                              libDaisy/build\libdaisy.a(system.o) (HAL_RCC_OscConfig)
libDaisy/build\libdaisy.a(stm32h7xx_hal_rcc_ex.o)
                              libDaisy/build\libdaisy.a(system.o) (HAL_RCCEx_PeriphCLKConfig)
libDaisy/build\libdaisy.a(stm32h7xx_hal_sai.o)
                              libDaisy/build\libdaisy.a(sai.o) (HAL_SAI_InitProtocol)
libDaisy/build\libdaisy.a(stm32h7xx_hal_sdram.o)
                              libDaisy/build\libdaisy.a(sdram.o) (HAL_SDRAM_Init)
libDaisy/build\libdaisy.a(stm32h7xx_hal_tim.o)
                              libDaisy/build\libdaisy.a(dac.o) (HAL_TIM_Base_Init)
libDaisy/build\libdaisy.a(stm32h7xx_hal_tim_ex.o)
                              libDaisy/build\libdaisy.a(stm32h7xx_hal_tim.o) (TIMEx_DMACommutationCplt)
libDaisy/build\libdaisy.a(stm32h7xx_ll_fmc.o)
                              libDaisy/build\libdaisy.a(stm32h7xx_hal_sdram.o) (FMC_SDRAM_Init)
libDaisy/build\libdaisy.a(stm32h7xx_ll_usb.o)
[...]
Memory Configuration

Name             Origin             Length             Attributes
FLASH            0x08000000         0x00020000         xr
DTCMRAM          0x20000000         0x00020000         xrw
SRAM             0x24000000         0x00080000         xrw
RAM_D2           0x30000000         0x00048000         xrw
RAM_D3           0x38000000         0x00010000         xrw
BACKUP_SRAM      0x38800000         0x00001000         xrw
ITCMRAM          0x00000000         0x00010000         xrw
SDRAM            0xc0000000         0x04000000         xrw
QSPIFLASH        0x90000000         0x00800000         xr
*default*        0x00000000         0xffffffff

Linker script and memory map

LOAD C:/Program Files (x86)/GNU Tools Arm Embedded/version13-3/bin/../lib/gcc/arm-none-eabi/13.3.1/thumb/v7e-m+dp/hard/crti.o
LOAD C:/Program Files (x86)/GNU Tools Arm Embedded/version13-3/bin/../lib/gcc/arm-none-eabi/13.3.1/thumb/v7e-m+dp/hard/crtbegin.o
LOAD C:/Program Files (x86)/GNU Tools Arm Embedded/version13-3/bin/../lib/gcc/arm-none-eabi/13.3.1/thumb/v7e-m+dp/hard/crt0.o
LOAD build/startup_stm32h750xx.o
LOAD build/Blink.o
LOAD build/key.o
LOAD build/keyboard.o
LOAD libDaisy/build\libdaisy.a
LOAD C:/Program Files (x86)/GNU Tools Arm Embedded/version13-3/bin/../lib/gcc/arm-none-eabi/13.3.1/thumb/v7e-m+dp/hard\libnosys.a
LOAD DaisySP/build\libdaisysp.a
LOAD C:/Program Files (x86)/GNU Tools Arm Embedded/version13-3/bin/../lib/gcc/arm-none-eabi/13.3.1/thumb/v7e-m+dp/hard\libstdc++_nano.a
LOAD C:/Program Files (x86)/GNU Tools Arm Embedded/version13-3/bin/../lib/gcc/arm-none-eabi/13.3.1/thumb/v7e-m+dp/hard\libm.a
LOAD C:/Program Files (x86)/GNU Tools Arm Embedded/version13-3/bin/../lib/gcc/arm-none-eabi/13.3.1/thumb/v7e-m+dp/hard\libc_nano.a
START GROUP
LOAD C:/Program Files (x86)/GNU Tools Arm Embedded/version13-3/bin/../lib/gcc/arm-none-eabi/13.3.1/thumb/v7e-m+dp/hard\libgcc.a
LOAD C:/Program Files (x86)/GNU Tools Arm Embedded/version13-3/bin/../lib/gcc/arm-none-eabi/13.3.1/thumb/v7e-m+dp/hard\libc_nano.a
END GROUP
START GROUP
LOAD C:/Program Files (x86)/GNU Tools Arm Embedded/version13-3/bin/../lib/gcc/arm-none-eabi/13.3.1/thumb/v7e-m+dp/hard\libgcc.a
LOAD C:/Program Files (x86)/GNU Tools Arm Embedded/version13-3/bin/../lib/gcc/arm-none-eabi/13.3.1/thumb/v7e-m+dp/hard\libc_nano.a
LOAD C:/Program Files (x86)/GNU Tools Arm Embedded/version13-3/bin/../lib/gcc/arm-none-eabi/13.3.1/thumb/v7e-m+dp/hard\libnosys.a
END GROUP
START GROUP
LOAD C:/Program Files (x86)/GNU Tools Arm Embedded/version13-3/bin/../lib/gcc/arm-none-eabi/13.3.1/thumb/v7e-m+dp/hard\libgcc.a
LOAD C:/Program Files (x86)/GNU Tools Arm Embedded/version13-3/bin/../lib/gcc/arm-none-eabi/13.3.1/thumb/v7e-m+dp/hard\libc_nano.a
LOAD C:/Program Files (x86)/GNU Tools Arm Embedded/version13-3/bin/../lib/gcc/arm-none-eabi/13.3.1/thumb/v7e-m+dp/hard\libnosys.a
END GROUP
LOAD C:/Program Files (x86)/GNU Tools Arm Embedded/version13-3/bin/../lib/gcc/arm-none-eabi/13.3.1/thumb/v7e-m+dp/hard/crtend.o
LOAD C:/Program Files (x86)/GNU Tools Arm Embedded/version13-3/bin/../lib/gcc/arm-none-eabi/13.3.1/thumb/v7e-m+dp/hard/crtn.o
                0x20020000                        _estack = 0x20020000

.isr_vector     0x08000000      0x298
                0x08000000                        . = ALIGN (0x4)
 *(.isr_vector)
 .isr_vector    0x08000000      0x298 build/startup_stm32h750xx.o
                0x08000000                g_pfnVectors
                0x08000298                        . = ALIGN (0x4)

.text           0x08000298    0x15570
                0x08000298                        . = ALIGN (0x4)
                0x08000298                        _stext = .
 *(.text)
 .text          0x08000298       0x30 C:/Program Files (x86)/GNU Tools Arm Embedded/version13-3/bin/../lib/gcc/arm-none-eabi/13.3.1/thumb/v7e-m+dp/hard\libgcc.a(_aeabi_uldivmod.o)
                0x08000298                __aeabi_uldivmod
 .text          0x080002c8        0x4 C:/Program Files (x86)/GNU Tools Arm Embedded/version13-3/bin/../lib/gcc/arm-none-eabi/13.3.1/thumb/v7e-m+dp/hard\libgcc.a(_dvmd_tls.o)
                0x080002c8                __aeabi_idiv0
                0x080002c8                __aeabi_ldiv0
 *(.text*)
 .text.deregister_tm_clones
                0x080002cc       0x1c C:/Program Files (x86)/GNU Tools Arm Embedded/version13-3/bin/../lib/gcc/arm-none-eabi/13.3.1/thumb/v7e-m+dp/hard/crtbegin.o
 .text.register_tm_clones
                0x080002e8       0x24 C:/Program Files (x86)/GNU Tools Arm Embedded/version13-3/bin/../lib/gcc/arm-none-eabi/13.3.1/thumb/v7e-m+dp/hard/crtbegin.o
 .text.__do_global_dtors_aux
                0x0800030c       0x28 C:/Program Files (x86)/GNU Tools Arm Embedded/version13-3/bin/../lib/gcc/arm-none-eabi/13.3.1/thumb/v7e-m+dp/hard/crtbegin.o
 .text.frame_dummy
                0x08000334       0x24 C:/Program Files (x86)/GNU Tools Arm Embedded/version13-3/bin/../lib/gcc/arm-none-eabi/13.3.1/thumb/v7e-m+dp/hard/crtbegin.o
 .text.Default_Handler
                0x08000358        0x4 build/startup_stm32h750xx.o
                0x08000358                RTC_Alarm_IRQHandler
                0x08000358                HASH_RNG_IRQHandler
                0x08000358                EXTI2_IRQHandler
                0x08000358                TIM8_CC_IRQHandler
                0x08000358                HRTIM1_Master_IRQHandler
                0x08000358                DebugMon_Handler
                0x08000358                TIM1_CC_IRQHandler
                0x08000358                BDMA_Channel6_IRQHandler
                0x08000358                DMA2_Stream5_IRQHandler
                0x08000358                HRTIM1_FLT_IRQHandler
                0x08000358                JPEG_IRQHandler
                0x08000358                BDMA_Channel1_IRQHandler
                0x08000358                HRTIM1_TIMD_IRQHandler
                0x08000358                TAMP_STAMP_IRQHandler
                0x08000358                PendSV_Handler
                0x08000358                NMI_Handler
                0x08000358                EXTI3_IRQHandler
                0x08000358                LPTIM4_IRQHandler
                0x08000358                TIM8_TRG_COM_TIM14_IRQHandler
                0x08000358                LPTIM2_IRQHandler
                0x08000358                DFSDM1_FLT1_IRQHandler
                0x08000358                DMAMUX2_OVR_IRQHandler
                0x08000358                TIM8_UP_TIM13_IRQHandler
                0x08000358                I2C3_ER_IRQHandler
                0x08000358                DFSDM1_FLT2_IRQHandler
                0x08000358                MDMA_IRQHandler
                0x08000358                LPTIM3_IRQHandler
                0x08000358                HSEM1_IRQHandler
                0x08000358                EXTI0_IRQHandler
                0x08000358                DMA1_Stream2_IRQHandler
                0x08000358                FPU_IRQHandler
                0x08000358                OTG_HS_WKUP_IRQHandler
                0x08000358                FDCAN1_IT1_IRQHandler
                0x08000358                UsageFault_Handler
                0x08000358                LTDC_ER_IRQHandler
                0x08000358                HRTIM1_TIME_IRQHandler
                0x08000358                DCMI_IRQHandler
                0x08000358                HRTIM1_TIMC_IRQHandler
                0x08000358                SAI2_IRQHandler
                0x08000358                DFSDM1_FLT3_IRQHandler
                0x08000358                TIM17_IRQHandler
                0x08000358                CRYP_IRQHandler
                0x08000358                BDMA_Channel7_IRQHandler
                0x08000358                LPTIM5_IRQHandler
                0x08000358                ADC3_IRQHandler
                0x08000358                BDMA_Channel2_IRQHandler
                0x08000358                DMAMUX1_OVR_IRQHandler
                0x08000358                TIM16_IRQHandler
                0x08000358                BDMA_Channel5_IRQHandler
                0x08000358                RCC_IRQHandler
                0x08000358                TIM8_BRK_TIM12_IRQHandler
                0x08000358                TIM1_TRG_COM_IRQHandler
                0x08000358                Default_Handler
                0x08000358                ECC_IRQHandler
                0x08000358                CEC_IRQHandler
                0x08000358                EXTI15_10_IRQHandler
                0x08000358                BDMA_Channel0_IRQHandler
                0x08000358                ADC_IRQHandler
                0x08000358                DMA1_Stream7_IRQHandler
                0x08000358                HRTIM1_TIMA_IRQHandler
                0x08000358                TIM7_IRQHandler
                0x08000358                SDMMC1_IRQHandler
                0x08000358                DMA2_Stream7_IRQHandler
                0x08000358                TIM15_IRQHandler
                0x08000358                PVD_AVD_IRQHandler
                0x08000358                EXTI9_5_IRQHandler
                0x08000358                RTC_WKUP_IRQHandler
                0x08000358                LTDC_IRQHandler
                0x08000358                SAI3_IRQHandler
                0x08000358                ETH_WKUP_IRQHandler
                0x08000358                SPDIF_RX_IRQHandler
                0x08000358                MemManage_Handler
                0x08000358                SVC_Handler
                0x08000358                CRS_IRQHandler
                0x08000358                EXTI4_IRQHandler
                0x08000358                HRTIM1_TIMB_IRQHandler
                0x08000358                FDCAN2_IT1_IRQHandler
                0x08000358                ETH_IRQHandler
                0x08000358                TIM1_UP_IRQHandler
                0x08000358                BDMA_Channel4_IRQHandler
                0x08000358                WWDG_IRQHandler
                0x08000358                SPI6_IRQHandler
                0x08000358                I2C4_EV_IRQHandler
                0x08000358                MDIOS_IRQHandler
                0x08000358                FDCAN2_IT0_IRQHandler
                0x08000358                FDCAN1_IT0_IRQHandler
                0x08000358                OTG_FS_WKUP_IRQHandler
                0x08000358                DMA2D_IRQHandler
                0x08000358                TIM1_BRK_IRQHandler
                0x08000358                EXTI1_IRQHandler
                0x08000358                SDMMC2_IRQHandler
                0x08000358                OTG_FS_EP1_OUT_IRQHandler
                0x08000358                BDMA_Channel3_IRQHandler
                0x08000358                MDIOS_WKUP_IRQHandler
                0x08000358                DFSDM1_FLT0_IRQHandler
                0x08000358                SAI4_IRQHandler
                0x08000358                I2C2_ER_IRQHandler
                0x08000358                FLASH_IRQHandler
                0x08000358                BusFault_Handler
                0x08000358                OTG_FS_IRQHandler
                0x08000358                WAKEUP_PIN_IRQHandler
                0x08000358                OTG_FS_EP1_IN_IRQHandler
                0x08000358                I2C1_ER_IRQHandler
                0x08000358                FMC_IRQHandler
                0x08000358                FDCAN_CAL_IRQHandler
                0x08000358                SWPMI1_IRQHandler
                0x08000358                COMP1_IRQHandler
                0x08000358                LPTIM1_IRQHandler
                0x08000358                I2C4_ER_IRQHandler
                0x08000358                DMA2_Stream6_IRQHandler
                0x08000358                SAI1_IRQHandler
 .text.Reset_Handler
                0x0800035c       0x44 build/startup_stm32h750xx.o
                0x0800035c                Reset_Handler
 .text._ZN5daisy9DaisySeedD2Ev
                0x080003a0        0x4 build/Blink.o
                0x080003a0                daisy::DaisySeed::~DaisySeed()
                0x080003a0                daisy::DaisySeed::~DaisySeed()
 *fill*         0x080003a4        0x4 
 .text._Z9null_freqd
                0x080003a8       0x10 build/Blink.o
                0x080003a8                null_freq(double)
 .text._Z17enclosure_Cf_funcd
                0x080003b8       0x48 build/Blink.o
                0x080003b8                enclosure_Cf_func(double)
 .text._Z18enclosure_Ch1_funcd
                0x08000400       0x48 build/Blink.o
                0x08000400                enclosure_Ch1_func(double)
 .text._Z18enclosure_Ch2_funcd
                0x08000448       0x48 build/Blink.o
                0x08000448                enclosure_Ch2_func(double)
 .text._Z18enclosure_Ch3_funcd
                0x08000490       0x48 build/Blink.o
                0x08000490                enclosure_Ch3_func(double)
 .text._Z18enclosure_Ch4_funcd
                0x080004d8       0x48 build/Blink.o
                0x080004d8                enclosure_Ch4_func(double)
 .text._Z23enclosure_C_Sharpf_funcd
                0x08000520       0x48 build/Blink.o
                0x08000520                enclosure_C_Sharpf_func(double)
 .text._Z24enclosure_C_Sharph1_funcd
                0x08000568       0x48 build/Blink.o
                0x08000568                enclosure_C_Sharph1_func(double)
 .text._Z24enclosure_C_Sharph2_funcd
                0x080005b0       0x48 build/Blink.o
                0x080005b0                enclosure_C_Sharph2_func(double)
 .text._Z24enclosure_C_Sharph3_funcd
                0x080005f8       0x48 build/Blink.o
                0x080005f8                enclosure_C_Sharph3_func(double)
 .text._Z24enclosure_C_Sharph4_funcd
                0x08000640       0x48 build/Blink.o
                0x08000640                enclosure_C_Sharph4_func(double)
 .text._Z17enclosure_Df_funcd
                0x08000688       0x48 build/Blink.o
                0x08000688                enclosure_Df_func(double)
 .text._Z18enclosure_Dh1_funcd
                0x080006d0       0x48 build/Blink.o
                0x080006d0                enclosure_Dh1_func(double)
 .text._Z18enclosure_Dh2_funcd
                0x08000718       0x48 build/Blink.o
                0x08000718                enclosure_Dh2_func(double)
 .text._Z18enclosure_Dh3_funcd
                0x08000760       0x48 build/Blink.o
                0x08000760                enclosure_Dh3_func(double)
 .text._Z18enclosure_Dh4_funcd
                0x080007a8       0x48 build/Blink.o
                0x080007a8                enclosure_Dh4_func(double)
 .text._Z23enclosure_D_Sharpf_funcd
                0x080007f0       0x48 build/Blink.o
                0x080007f0                enclosure_D_Sharpf_func(double)
 .text._Z24enclosure_D_Sharph1_funcd
                0x08000838       0x48 build/Blink.o
                0x08000838                enclosure_D_Sharph1_func(double)
 .text._Z24enclosure_D_Sharph2_funcd
                0x08000880       0x48 build/Blink.o
                0x08000880                enclosure_D_Sharph2_func(double)
 .text._Z24enclosure_D_Sharph3_funcd
                0x080008c8       0x48 build/Blink.o
                0x080008c8                enclosure_D_Sharph3_func(double)
 .text._Z24enclosure_D_Sharph4_funcd
                0x08000910       0x48 build/Blink.o
                0x08000910                enclosure_D_Sharph4_func(double)
 .text._Z17enclosure_Ef_funcd
                0x08000958       0x48 build/Blink.o
                0x08000958                enclosure_Ef_func(double)
 .text._Z18enclosure_Eh1_funcd
                0x080009a0       0x48 build/Blink.o
                0x080009a0                enclosure_Eh1_func(double)
 .text._Z18enclosure_Eh2_funcd
                0x080009e8       0x48 build/Blink.o
                0x080009e8                enclosure_Eh2_func(double)
 .text._Z18enclosure_Eh3_funcd
                0x08000a30       0x48 build/Blink.o
                0x08000a30                enclosure_Eh3_func(double)
 .text._Z18enclosure_Eh4_funcd
                0x08000a78       0x48 build/Blink.o
                0x08000a78                enclosure_Eh4_func(double)
 .text._Z17enclosure_Ff_funcd
                0x08000ac0       0x48 build/Blink.o
                0x08000ac0                enclosure_Ff_func(double)
 .text._Z18enclosure_Fh1_funcd
                0x08000b08       0x48 build/Blink.o
                0x08000b08                enclosure_Fh1_func(double)
 .text._Z18enclosure_Fh2_funcd
                0x08000b50       0x48 build/Blink.o
                0x08000b50                enclosure_Fh2_func(double)
 .text._Z18enclosure_Fh3_funcd
                0x08000b98       0x48 build/Blink.o
                0x08000b98                enclosure_Fh3_func(double)
 .text._Z18enclosure_Fh4_funcd
                0x08000be0       0x48 build/Blink.o
                0x08000be0                enclosure_Fh4_func(double)
 .text._Z23enclosure_F_Sharpf_funcd
                0x08000c28       0x48 build/Blink.o
                0x08000c28                enclosure_F_Sharpf_func(double)
 .text._Z24enclosure_F_Sharph1_funcd
                0x08000c70       0x48 build/Blink.o
                0x08000c70                enclosure_F_Sharph1_func(double)
 .text._Z24enclosure_F_Sharph2_funcd
                0x08000cb8       0x48 build/Blink.o
                0x08000cb8                enclosure_F_Sharph2_func(double)
 .text._Z24enclosure_F_Sharph3_funcd
                0x08000d00       0x48 build/Blink.o
                0x08000d00                enclosure_F_Sharph3_func(double)
 .text._Z24enclosure_F_Sharph4_funcd
                0x08000d48       0x48 build/Blink.o
                0x08000d48                enclosure_F_Sharph4_func(double)
 .text._Z17enclosure_Gf_funcd
                0x08000d90       0x48 build/Blink.o
                0x08000d90                enclosure_Gf_func(double)
 .text._Z18enclosure_Gh1_funcd
                0x08000dd8       0x48 build/Blink.o
                0x08000dd8                enclosure_Gh1_func(double)
 .text._Z18enclosure_Gh2_funcd
                0x08000e20       0x48 build/Blink.o
                0x08000e20                enclosure_Gh2_func(double)
 .text._Z18enclosure_Gh3_funcd
                0x08000e68       0x48 build/Blink.o
                0x08000e68                enclosure_Gh3_func(double)
 .text._Z18enclosure_Gh4_funcd
                0x08000eb0       0x48 build/Blink.o
                0x08000eb0                enclosure_Gh4_func(double)
 .text._Z23enclosure_G_Sharpf_funcd
                0x08000ef8       0x48 build/Blink.o
                0x08000ef8                enclosure_G_Sharpf_func(double)
 .text._Z24enclosure_G_Sharph1_funcd
                0x08000f40       0x48 build/Blink.o
                0x08000f40                enclosure_G_Sharph1_func(double)
 .text._Z24enclosure_G_Sharph2_funcd
                0x08000f88       0x48 build/Blink.o
                0x08000f88                enclosure_G_Sharph2_func(double)
 .text._Z24enclosure_G_Sharph3_funcd
                0x08000fd0       0x48 build/Blink.o
                0x08000fd0                enclosure_G_Sharph3_func(double)
 .text._Z24enclosure_G_Sharph4_funcd
                0x08001018       0x48 build/Blink.o
                0x08001018                enclosure_G_Sharph4_func(double)
 .text._Z17enclosure_Af_funcd
                0x08001060       0x48 build/Blink.o
                0x08001060                enclosure_Af_func(double)
 .text._Z18enclosure_Ah1_funcd
                0x080010a8       0x48 build/Blink.o
                0x080010a8                enclosure_Ah1_func(double)
 .text._Z18enclosure_Ah2_funcd
                0x080010f0       0x48 build/Blink.o
                0x080010f0                enclosure_Ah2_func(double)
 .text._Z18enclosure_Ah3_funcd
                0x08001138       0x48 build/Blink.o
                0x08001138                enclosure_Ah3_func(double)
 .text._Z18enclosure_Ah4_funcd
                0x08001180       0x48 build/Blink.o
                0x08001180                enclosure_Ah4_func(double)
 .text._Z23enclosure_A_Sharpf_funcd
                0x080011c8       0x48 build/Blink.o
                0x080011c8                enclosure_A_Sharpf_func(double)
 .text._Z24enclosure_A_Sharph1_funcd
                0x08001210       0x48 build/Blink.o
                0x08001210                enclosure_A_Sharph1_func(double)
 .text._Z24enclosure_A_Sharph2_funcd
                0x08001258       0x48 build/Blink.o
                0x08001258                enclosure_A_Sharph2_func(double)
 .text._Z24enclosure_A_Sharph3_funcd
                0x080012a0       0x48 build/Blink.o
                0x080012a0                enclosure_A_Sharph3_func(double)
 .text._Z24enclosure_A_Sharph4_funcd
                0x080012e8       0x48 build/Blink.o
                0x080012e8                enclosure_A_Sharph4_func(double)
 .text._Z17enclosure_Bf_funcd
                0x08001330       0x48 build/Blink.o
                0x08001330                enclosure_Bf_func(double)
 .text._Z18enclosure_Bh1_funcd
                0x08001378       0x48 build/Blink.o
                0x08001378                enclosure_Bh1_func(double)
 .text._Z18enclosure_Bh2_funcd
                0x080013c0       0x48 build/Blink.o
                0x080013c0                enclosure_Bh2_func(double)
 .text._Z18enclosure_Bh3_funcd
                0x08001408       0x48 build/Blink.o
                0x08001408                enclosure_Bh3_func(double)
 .text._Z18enclosure_Bh4_funcd
                0x08001450       0x48 build/Blink.o
                0x08001450                enclosure_Bh4_func(double)
 .text._Z19enclosure_C_Of_funcd
                0x08001498       0x48 build/Blink.o
                0x08001498                enclosure_C_Of_func(double)
 .text._Z20enclosure_C_Oh1_funcd
                0x080014e0       0x48 build/Blink.o
                0x080014e0                enclosure_C_Oh1_func(double)
 .text._Z20enclosure_C_Oh2_funcd
                0x08001528       0x48 build/Blink.o
                0x08001528                enclosure_C_Oh2_func(double)
 .text._Z20enclosure_C_Oh3_funcd
                0x08001570       0x48 build/Blink.o
                0x08001570                enclosure_C_Oh3_func(double)
 .text._Z20enclosure_C_Oh4_funcd
                0x080015b8       0x48 build/Blink.o
                0x080015b8                enclosure_C_Oh4_func(double)
 .text._Z25enclosure_C_O_Sharpf_funcd
                0x08001600       0x48 build/Blink.o
                0x08001600                enclosure_C_O_Sharpf_func(double)
 .text._Z26enclosure_C_O_Sharph1_funcd
                0x08001648       0x48 build/Blink.o
                0x08001648                enclosure_C_O_Sharph1_func(double)
 .text._Z26enclosure_C_O_Sharph2_funcd
                0x08001690       0x48 build/Blink.o
                0x08001690                enclosure_C_O_Sharph2_func(double)
 .text._Z26enclosure_C_O_Sharph3_funcd
                0x080016d8       0x48 build/Blink.o
                0x080016d8                enclosure_C_O_Sharph3_func(double)
 .text._Z26enclosure_C_O_Sharph4_funcd
                0x08001720       0x48 build/Blink.o
                0x08001720                enclosure_C_O_Sharph4_func(double)
 .text._Z19enclosure_D_Of_funcd
                0x08001768       0x48 build/Blink.o
                0x08001768                enclosure_D_Of_func(double)
 .text._Z20enclosure_D_Oh1_funcd
                0x080017b0       0x48 build/Blink.o
                0x080017b0                enclosure_D_Oh1_func(double)
 .text._Z20enclosure_D_Oh2_funcd
                0x080017f8       0x48 build/Blink.o
                0x080017f8                enclosure_D_Oh2_func(double)
 .text._Z20enclosure_D_Oh3_funcd
                0x08001840       0x48 build/Blink.o
                0x08001840                enclosure_D_Oh3_func(double)
 .text._Z20enclosure_D_Oh4_funcd
                0x08001888       0x48 build/Blink.o
                0x08001888                enclosure_D_Oh4_func(double)
 .text._Z25enclosure_D_O_Sharpf_funcd
                0x080018d0       0x48 build/Blink.o
                0x080018d0                enclosure_D_O_Sharpf_func(double)
 .text._Z26enclosure_D_O_Sharph1_funcd
                0x08001918       0x48 build/Blink.o
                0x08001918                enclosure_D_O_Sharph1_func(double)
 .text._Z26enclosure_D_O_Sharph2_funcd
                0x08001960       0x48 build/Blink.o
                0x08001960                enclosure_D_O_Sharph2_func(double)
 .text._Z26enclosure_D_O_Sharph3_funcd
                0x080019a8       0x48 build/Blink.o
                0x080019a8                enclosure_D_O_Sharph3_func(double)
 .text._Z26enclosure_D_O_Sharph4_funcd
                0x080019f0       0x48 build/Blink.o
                0x080019f0                enclosure_D_O_Sharph4_func(double)
 .text._Z19enclosure_E_Of_funcd
                0x08001a38       0x48 build/Blink.o
                0x08001a38                enclosure_E_Of_func(double)
 .text._Z20enclosure_E_Oh1_funcd
                0x08001a80       0x48 build/Blink.o
                0x08001a80                enclosure_E_Oh1_func(double)
 .text._Z20enclosure_E_Oh2_funcd
                0x08001ac8       0x48 build/Blink.o
                0x08001ac8                enclosure_E_Oh2_func(double)
 .text._Z20enclosure_E_Oh3_funcd
                0x08001b10       0x48 build/Blink.o
                0x08001b10                enclosure_E_Oh3_func(double)
 .text._Z20enclosure_E_Oh4_funcd
                0x08001b58       0x48 build/Blink.o
                0x08001b58                enclosure_E_Oh4_func(double)
 .text._Z19enclosure_F_Of_funcd
                0x08001ba0       0x48 build/Blink.o
                0x08001ba0                enclosure_F_Of_func(double)
 .text._Z20enclosure_F_Oh1_funcd
                0x08001be8       0x48 build/Blink.o
                0x08001be8                enclosure_F_Oh1_func(double)
 .text._Z20enclosure_F_Oh2_funcd
                0x08001c30       0x48 build/Blink.o
                0x08001c30                enclosure_F_Oh2_func(double)
 .text._Z20enclosure_F_Oh3_funcd
                0x08001c78       0x48 build/Blink.o
                0x08001c78                enclosure_F_Oh3_func(double)
 .text._Z20enclosure_F_Oh4_funcd
                0x08001cc0       0x48 build/Blink.o
                0x08001cc0                enclosure_F_Oh4_func(double)
 .text._Z25enclosure_F_O_Sharpf_funcd
                0x08001d08       0x48 build/Blink.o
                0x08001d08                enclosure_F_O_Sharpf_func(double)
 .text._Z26enclosure_F_O_Sharph1_funcd
                0x08001d50       0x48 build/Blink.o
                0x08001d50                enclosure_F_O_Sharph1_func(double)
 .text._Z26enclosure_F_O_Sharph2_funcd
                0x08001d98       0x48 build/Blink.o
                0x08001d98                enclosure_F_O_Sharph2_func(double)
 .text._Z26enclosure_F_O_Sharph3_funcd
                0x08001de0       0x48 build/Blink.o
                0x08001de0                enclosure_F_O_Sharph3_func(double)
 .text._Z26enclosure_F_O_Sharph4_funcd
                0x08001e28       0x48 build/Blink.o
                0x08001e28                enclosure_F_O_Sharph4_func(double)
 .text._Z19enclosure_G_Of_funcd
                0x08001e70       0x48 build/Blink.o
                0x08001e70                enclosure_G_Of_func(double)
 .text._Z20enclosure_G_Oh1_funcd
                0x08001eb8       0x48 build/Blink.o
                0x08001eb8                enclosure_G_Oh1_func(double)
 .text._Z20enclosure_G_Oh2_funcd
                0x08001f00       0x48 build/Blink.o
                0x08001f00                enclosure_G_Oh2_func(double)
 .text._Z20enclosure_G_Oh3_funcd
                0x08001f48       0x48 build/Blink.o
                0x08001f48                enclosure_G_Oh3_func(double)
 .text._Z20enclosure_G_Oh4_funcd
                0x08001f90       0x48 build/Blink.o
                0x08001f90                enclosure_G_Oh4_func(double)
 .text._Z25enclosure_G_O_Sharpf_funcd
                0x08001fd8       0x48 build/Blink.o
                0x08001fd8                enclosure_G_O_Sharpf_func(double)
 .text._Z26enclosure_G_O_Sharph1_funcd
                0x08002020       0x48 build/Blink.o
                0x08002020                enclosure_G_O_Sharph1_func(double)
 .text._Z26enclosure_G_O_Sharph2_funcd
                0x08002068       0x48 build/Blink.o
                0x08002068                enclosure_G_O_Sharph2_func(double)
 .text._Z26enclosure_G_O_Sharph4_funcd
                0x080020b0       0x48 build/Blink.o
                0x080020b0                enclosure_G_O_Sharph4_func(double)
 .text._Z19enclosure_A_Of_funcd
                0x080020f8       0x48 build/Blink.o
                0x080020f8                enclosure_A_Of_func(double)
 .text._Z20enclosure_A_Oh1_funcd
                0x08002140       0x48 build/Blink.o
                0x08002140                enclosure_A_Oh1_func(double)
 .text._Z20enclosure_A_Oh2_funcd
                0x08002188       0x48 build/Blink.o
                0x08002188                enclosure_A_Oh2_func(double)
 .text._Z20enclosure_A_Oh3_funcd
                0x080021d0       0x48 build/Blink.o
                0x080021d0                enclosure_A_Oh3_func(double)
 .text._Z20enclosure_A_Oh4_funcd
                0x08002218       0x48 build/Blink.o
                0x08002218                enclosure_A_Oh4_func(double)
 .text._Z25enclosure_A_O_Sharpf_funcd
                0x08002260       0x48 build/Blink.o
                0x08002260                enclosure_A_O_Sharpf_func(double)
 .text._Z26enclosure_A_O_Sharph1_funcd
                0x080022a8       0x48 build/Blink.o
                0x080022a8                enclosure_A_O_Sharph1_func(double)
 .text._Z26enclosure_A_O_Sharph2_funcd
                0x080022f0       0x48 build/Blink.o
                0x080022f0                enclosure_A_O_Sharph2_func(double)
 .text._Z26enclosure_A_O_Sharph3_funcd
                0x08002338       0x48 build/Blink.o
                0x08002338                enclosure_A_O_Sharph3_func(double)
 .text._Z19enclosure_B_Of_funcd
                0x08002380       0x48 build/Blink.o
                0x08002380                enclosure_B_Of_func(double)
 .text._Z20enclosure_B_Oh1_funcd
                0x080023c8       0x48 build/Blink.o
                0x080023c8                enclosure_B_Oh1_func(double)
 .text._Z20enclosure_B_Oh2_funcd
                0x08002410       0x48 build/Blink.o
                0x08002410                enclosure_B_Oh2_func(double)
 .text._Z20enclosure_B_Oh3_funcd
                0x08002458       0x48 build/Blink.o
                0x08002458                enclosure_B_Oh3_func(double)
 .text._Z20enclosure_B_Oh4_funcd
                0x080024a0       0x48 build/Blink.o
                0x080024a0                enclosure_B_Oh4_func(double)
 .text._ZNSt6vectorIN8Keyboard6note_tESaIS1_EE7reserveEj
                0x080024e8       0x64 build/Blink.o
                0x080024e8                std::vector<Keyboard::note_t, std::allocator<Keyboard::note_t> >::reserve(unsigned int)
 *fill*         0x0800254c        0x4 
 .text.startup.main
                0x08002550      0xa2c build/Blink.o
                0x08002550                main
 .text.startup._GLOBAL__sub_I__Z9null_freqd
                0x08002f7c       0x20 build/Blink.o
 .text._Z5dummyd
                0x08002f9c        0x8 build/key.o
                0x08002f9c                dummy(double)
 .text._ZN3KeyC2Eddddd
                0x08002fa4       0x28 build/key.o
                0x08002fa4                Key::Key(double, double, double, double, double)
                0x08002fa4                Key::Key(double, double, double, double, double)
 *fill*         0x08002fcc        0x4 
 .text._ZN3Key14get_curr_valueEd
                0x08002fd0       0xe8 build/key.o
                0x08002fd0                Key::get_curr_value(double)
 .text._ZN3Key13set_enclosureEPFddENS_21enclosure_selection_tE
                0x080030b8       0x24 build/key.o
                0x080030b8                Key::set_enclosure(double (*)(double), Key::enclosure_selection_t)
 .text._ZN8KeyboardC2EPNS_7freqs_tEPNS_17note_enclosures_tE
                0x080030dc      0x648 build/keyboard.o
                0x080030dc                Keyboard::Keyboard(Keyboard::freqs_t*, Keyboard::note_enclosures_t*)
                0x080030dc                Keyboard::Keyboard(Keyboard::freqs_t*, Keyboard::note_enclosures_t*)
 .text._ZN8Keyboard5pressENS_6note_tE
                0x08003724      0x270 build/keyboard.o
                0x08003724                Keyboard::press(Keyboard::note_t)
 .text._ZN8Keyboard7depressENS_6note_tE
                0x08003994       0xe8 build/keyboard.o
                0x08003994                Keyboard::depress(Keyboard::note_t)
 *fill*         0x08003a7c        0x4 
 .text._ZN8Keyboard9get_soundEv
                0x08003a80       0xd4 build/keyboard.o
                0x08003a80                Keyboard::get_sound()
 .text._ZN5daisy9DaisySeed9ConfigureEv
                0x08003b54        0x4 libDaisy/build\libdaisy.a(daisy_seed.o)
                0x08003b54                daisy::DaisySeed::Configure()
 .text._ZN5daisy9DaisySeed6SetLedEb
                0x08003b58        0x8 libDaisy/build\libdaisy.a(daisy_seed.o)
                0x08003b58                daisy::DaisySeed::SetLed(bool)
 .text._ZN5daisy9DaisySeed17CheckBoardVersionEv
                0x08003b60       0x6c libDaisy/build\libdaisy.a(daisy_seed.o)
                0x08003b60                daisy::DaisySeed::CheckBoardVersion()
 .text._ZN5daisy9DaisySeed14ConfigureAudioEv
                0x08003bcc      0x108 libDaisy/build\libdaisy.a(daisy_seed.o)
                0x08003bcc                daisy::DaisySeed::ConfigureAudio()
 .text._ZN5daisy9DaisySeed4InitEb
                0x08003cd4       0xf4 libDaisy/build\libdaisy.a(daisy_seed.o)
                0x08003cd4                daisy::DaisySeed::Init(bool)
 .text._ZN5daisy6Ak45564InitE12dsy_gpio_pin
                0x08003dc8       0x40 libDaisy/build\libdaisy.a(codec_ak4556.o)
                0x08003dc8                daisy::Ak4556::Init(dsy_gpio_pin)
 .text._ZN5daisy6Wm873120WriteControlRegisterEht
                0x08003e08       0x3c libDaisy/build\libdaisy.a(codec_wm8731.o)
                0x08003e08                daisy::Wm8731::WriteControlRegister(unsigned char, unsigned short)
 .text._ZN5daisy6Wm87314InitERKNS0_6ConfigENS_9I2CHandleE
                0x08003e44      0x1b4 libDaisy/build\libdaisy.a(codec_wm8731.o)
                0x08003e44                daisy::Wm8731::Init(daisy::Wm8731::Config const&, daisy::I2CHandle)
 .text._ZN11SdramHandle10DeviceInitEv
                0x08003ff8       0x8c libDaisy/build\libdaisy.a(sdram.o)
                0x08003ff8                SdramHandle::DeviceInit()
 *fill*         0x08004084        0x4 
 .text._ZN11SdramHandle4InitEv
                0x08004088       0x88 libDaisy/build\libdaisy.a(sdram.o)
                0x08004088                SdramHandle::Init()
 .text.HAL_SDRAM_MspInit
                0x08004110      0x19c libDaisy/build\libdaisy.a(sdram.o)
                0x08004110                HAL_SDRAM_MspInit
 .text._ZN5daisy11AudioHandle4InitERKNS0_6ConfigENS_9SaiHandleE
                0x080042ac       0x70 libDaisy/build\libdaisy.a(audio.o)
                0x080042ac                daisy::AudioHandle::Init(daisy::AudioHandle::Config const&, daisy::SaiHandle)
 .text._ZNK5daisy11AudioHandle9GetConfigEv
                0x0800431c        0x8 libDaisy/build\libdaisy.a(audio.o)
                0x0800431c                daisy::AudioHandle::GetConfig() const
 .text._ZN5daisy11AudioHandle13GetSampleRateEv
                0x08004324        0x8 libDaisy/build\libdaisy.a(audio.o)
                0x08004324                daisy::AudioHandle::GetSampleRate()
 .text.startup._GLOBAL__sub_I__ZN5daisy11AudioHandle4Impl4InitENS0_6ConfigENS_9SaiHandleE
                0x0800432c       0x20 libDaisy/build\libdaisy.a(audio.o)
 .text.HAL_DAC_MspInit
                0x0800434c      0x15c libDaisy/build\libdaisy.a(dac.o)
                0x0800434c                HAL_DAC_MspInit
 .text.DMA2_Stream0_IRQHandler
                0x080044a8        0xc libDaisy/build\libdaisy.a(dac.o)
                0x080044a8                DMA2_Stream0_IRQHandler
 .text.DMA2_Stream1_IRQHandler
                0x080044b4        0xc libDaisy/build\libdaisy.a(dac.o)
                0x080044b4                DMA2_Stream1_IRQHandler
 .text.TIM6_DAC_IRQHandler
                0x080044c0       0x1c libDaisy/build\libdaisy.a(dac.o)
                0x080044c0                TIM6_DAC_IRQHandler
 .text._ZN5daisy9DacHandle4InitERKNS0_6ConfigE
                0x080044dc       0xfc libDaisy/build\libdaisy.a(dac.o)
                0x080044dc                daisy::DacHandle::Init(daisy::DacHandle::Config const&)
 .text._ZN5daisy9DacHandle10WriteValueENS0_7ChannelEt
                0x080045d8       0x70 libDaisy/build\libdaisy.a(dac.o)
                0x080045d8                daisy::DacHandle::WriteValue(daisy::DacHandle::Channel, unsigned short)
 .text._ZN5daisy4GPIO4InitERKNS0_6ConfigE
                0x08004648      0x220 libDaisy/build\libdaisy.a(gpio.o)
                0x08004648                daisy::GPIO::Init(daisy::GPIO::Config const&)
 .text._ZN5daisy4GPIO4InitENS_3PinENS0_4ModeENS0_4PullENS0_5SpeedE
                0x08004868      0x21c libDaisy/build\libdaisy.a(gpio.o)
                0x08004868                daisy::GPIO::Init(daisy::Pin, daisy::GPIO::Mode, daisy::GPIO::Pull, daisy::GPIO::Speed)
 .text._ZN5daisy4GPIO4ReadEv
                0x08004a84       0x18 libDaisy/build\libdaisy.a(gpio.o)
                0x08004a84                daisy::GPIO::Read()
 .text._ZN5daisy4GPIO5WriteEb
                0x08004a9c       0x14 libDaisy/build\libdaisy.a(gpio.o)
                0x08004a9c                daisy::GPIO::Write(bool)
 .text.dsy_gpio_init
                0x08004ab0      0x1bc libDaisy/build\libdaisy.a(gpio.o)
                0x08004ab0                dsy_gpio_init
 .text.dsy_gpio_write
                0x08004c6c       0x24 libDaisy/build\libdaisy.a(gpio.o)
                0x08004c6c                dsy_gpio_write
 .text._ZN5daisy9I2CHandle4Impl8InitPinsEv
                0x08004c90       0x58 libDaisy/build\libdaisy.a(i2c.o)
                0x08004c90                daisy::I2CHandle::Impl::InitPins()
 .text.HAL_I2C_MspInit
                0x08004ce8      0x1b4 libDaisy/build\libdaisy.a(i2c.o)
                0x08004ce8                HAL_I2C_MspInit
 .text.dsy_i2c_global_init
                0x08004e9c       0x70 libDaisy/build\libdaisy.a(i2c.o)
                0x08004e9c                dsy_i2c_global_init
 .text.DMA1_Stream6_IRQHandler
                0x08004f0c       0x30 libDaisy/build\libdaisy.a(i2c.o)
                0x08004f0c                DMA1_Stream6_IRQHandler
 .text.I2C1_EV_IRQHandler
                0x08004f3c        0xc libDaisy/build\libdaisy.a(i2c.o)
                0x08004f3c                I2C1_EV_IRQHandler
 .text.I2C2_EV_IRQHandler
                0x08004f48        0xc libDaisy/build\libdaisy.a(i2c.o)
                0x08004f48                I2C2_EV_IRQHandler
 .text.I2C3_EV_IRQHandler
                0x08004f54        0xc libDaisy/build\libdaisy.a(i2c.o)
                0x08004f54                I2C3_EV_IRQHandler
 .text._ZN5daisy9I2CHandle4InitERKNS0_6ConfigE
                0x08004f60      0x120 libDaisy/build\libdaisy.a(i2c.o)
                0x08004f60                daisy::I2CHandle::Init(daisy::I2CHandle::Config const&)
 .text._ZN5daisy9I2CHandle16TransmitBlockingEtPhtm
                0x08005080       0x50 libDaisy/build\libdaisy.a(i2c.o)
                0x08005080                daisy::I2CHandle::TransmitBlocking(unsigned short, unsigned char*, unsigned short, unsigned long)
 .text.startup._GLOBAL__sub_I__ZN5daisy9I2CHandle4Impl10GlobalInitEv
                0x080050d0       0x18 libDaisy/build\libdaisy.a(i2c.o)
 .text._ZN5daisy10QSPIHandle4Impl11WriteEnableEv
                0x080050e8       0x88 libDaisy/build\libdaisy.a(qspi.o)
                0x080050e8                daisy::QSPIHandle::Impl::WriteEnable()
 .text._ZN5daisy10QSPIHandle4Impl17DummyCyclesConfigENS0_6Config6DeviceE
                0x08005170      0x108 libDaisy/build\libdaisy.a(qspi.o)
                0x08005170                daisy::QSPIHandle::Impl::DummyCyclesConfig(daisy::QSPIHandle::Config::Device)
 .text._ZN5daisy10QSPIHandle4Impl10QuadEnableEv
                0x08005278      0x140 libDaisy/build\libdaisy.a(qspi.o)
                0x08005278                daisy::QSPIHandle::Impl::QuadEnable()
 .text._ZN5daisy10QSPIHandle4InitERKNS0_6ConfigE
                0x080053b8      0x180 libDaisy/build\libdaisy.a(qspi.o)
                0x080053b8                daisy::QSPIHandle::Init(daisy::QSPIHandle::Config const&)
 .text.HAL_QSPI_MspInit
                0x08005538      0x11c libDaisy/build\libdaisy.a(qspi.o)
                0x08005538                HAL_QSPI_MspInit
 .text.HAL_QSPI_MspDeInit
                0x08005654       0x54 libDaisy/build\libdaisy.a(qspi.o)
                0x08005654                HAL_QSPI_MspDeInit
 .text.QUADSPI_IRQHandler
                0x080056a8        0xc libDaisy/build\libdaisy.a(qspi.o)
                0x080056a8                QUADSPI_IRQHandler
 .text.startup._GLOBAL__sub_I__ZN5daisy10QSPIHandle4Impl4InitERKNS0_6ConfigE
                0x080056b4       0x28 libDaisy/build\libdaisy.a(qspi.o)
 .text._ZN5daisy9SaiHandle4Impl8InitPinsEv
                0x080056dc       0xac libDaisy/build\libdaisy.a(sai.o)
                0x080056dc                daisy::SaiHandle::Impl::InitPins()
 .text.HAL_SAI_MspInit
                0x08005788      0x2a8 libDaisy/build\libdaisy.a(sai.o)
                0x08005788                HAL_SAI_MspInit
 .text.DMA1_Stream0_IRQHandler
                0x08005a30        0xc libDaisy/build\libdaisy.a(sai.o)
                0x08005a30                DMA1_Stream0_IRQHandler
 .text.DMA1_Stream1_IRQHandler
                0x08005a3c        0xc libDaisy/build\libdaisy.a(sai.o)
                0x08005a3c                DMA1_Stream1_IRQHandler
 .text.DMA1_Stream3_IRQHandler
                0x08005a48        0xc libDaisy/build\libdaisy.a(sai.o)
                0x08005a48                DMA1_Stream3_IRQHandler
 .text.DMA1_Stream4_IRQHandler
                0x08005a54        0xc libDaisy/build\libdaisy.a(sai.o)
                0x08005a54                DMA1_Stream4_IRQHandler
 .text._ZN5daisy9SaiHandle4InitERKNS0_6ConfigE
                0x08005a60      0x204 libDaisy/build\libdaisy.a(sai.o)
                0x08005a60                daisy::SaiHandle::Init(daisy::SaiHandle::Config const&)
 .text._ZNK5daisy9SaiHandle9GetConfigEv
                0x08005c64        0x4 libDaisy/build\libdaisy.a(sai.o)
                0x08005c64                daisy::SaiHandle::GetConfig() const
 .text._ZN5daisy9SaiHandle13GetSampleRateEv
                0x08005c68       0x24 libDaisy/build\libdaisy.a(sai.o)
                0x08005c68                daisy::SaiHandle::GetSampleRate()
 .text._ZN5daisy11TimerHandleD2Ev
                0x08005c8c        0x4 libDaisy/build\libdaisy.a(system.o)
                0x08005c8c                daisy::TimerHandle::~TimerHandle()
                0x08005c8c                daisy::TimerHandle::~TimerHandle()
 .text.SysTick_Handler
                0x08005c90       0x10 libDaisy/build\libdaisy.a(system.o)
                0x08005c90                SysTick_Handler
 .text.OTG_HS_EP1_OUT_IRQHandler
                0x08005ca0       0x24 libDaisy/build\libdaisy.a(system.o)
                0x08005ca0                OTG_HS_EP1_OUT_IRQHandler
 .text.OTG_HS_EP1_IN_IRQHandler
                0x08005cc4       0x24 libDaisy/build\libdaisy.a(system.o)
                0x08005cc4                OTG_HS_EP1_IN_IRQHandler
 .text.OTG_HS_IRQHandler
                0x08005ce8       0x24 libDaisy/build\libdaisy.a(system.o)
                0x08005ce8                OTG_HS_IRQHandler
 .text.HardFault_Handler
                0x08005d0c       0xe0 libDaisy/build\libdaisy.a(system.o)
                0x08005d0c                HardFault_Handler
 .text._ZN5daisy6System5GetUsEv
                0x08005dec        0xc libDaisy/build\libdaisy.a(system.o)
                0x08005dec                daisy::System::GetUs()
 .text._ZN5daisy6System5DelayEm
                0x08005df8        0x4 libDaisy/build\libdaisy.a(system.o)
                0x08005df8                daisy::System::Delay(unsigned long)
 .text._ZN5daisy6System20GetBootloaderVersionEv
                0x08005dfc       0x34 libDaisy/build\libdaisy.a(system.o)
                0x08005dfc                daisy::System::GetBootloaderVersion()
 .text._ZN5daisy6System15ConfigureClocksEv
                0x08005e30      0x188 libDaisy/build\libdaisy.a(system.o)
                0x08005e30                daisy::System::ConfigureClocks()
 .text._ZN5daisy6System12ConfigureMpuEv
                0x08005fb8       0x7c libDaisy/build\libdaisy.a(system.o)
                0x08005fb8                daisy::System::ConfigureMpu()
 .text._ZN5daisy6System4InitERKNS0_6ConfigE
                0x08006034       0xec libDaisy/build\libdaisy.a(system.o)
                0x08006034                daisy::System::Init(daisy::System::Config const&)
 .text._ZN5daisy6System12GetPClk1FreqEv
                0x08006120        0x4 libDaisy/build\libdaisy.a(system.o)
                0x08006120                daisy::System::GetPClk1Freq()
 .text._ZN5daisy6System12GetPClk2FreqEv
                0x08006124        0x4 libDaisy/build\libdaisy.a(system.o)
                0x08006124                daisy::System::GetPClk2Freq()
 .text._ZN5daisy6System22GetProgramMemoryRegionEv
                0x08006128       0x78 libDaisy/build\libdaisy.a(system.o)
                0x08006128                daisy::System::GetProgramMemoryRegion()
 .text.startup._GLOBAL__sub_I__ZN5daisy9boot_infoE
                0x080061a0       0x1c libDaisy/build\libdaisy.a(system.o)
 .text.SystemInit
                0x080061bc       0x98 libDaisy/build\libdaisy.a(system_stm32h7xx.o)
                0x080061bc                SystemInit
 .text.HAL_PCD_SetupStageCallback
                0x08006254        0xc libDaisy/build\libdaisy.a(usbd_conf.o)
                0x08006254                HAL_PCD_SetupStageCallback
 .text.HAL_PCD_DataOutStageCallback
                0x08006260       0x14 libDaisy/build\libdaisy.a(usbd_conf.o)
                0x08006260                HAL_PCD_DataOutStageCallback
 .text.HAL_PCD_DataInStageCallback
                0x08006274       0x14 libDaisy/build\libdaisy.a(usbd_conf.o)
                0x08006274                HAL_PCD_DataInStageCallback
 .text.HAL_PCD_SOFCallback
                0x08006288        0x8 libDaisy/build\libdaisy.a(usbd_conf.o)
                0x08006288                HAL_PCD_SOFCallback
 .text.HAL_PCD_ResetCallback
                0x08006290       0x24 libDaisy/build\libdaisy.a(usbd_conf.o)
                0x08006290                HAL_PCD_ResetCallback
 .text.HAL_PCD_SuspendCallback
                0x080062b4       0x30 libDaisy/build\libdaisy.a(usbd_conf.o)
                0x080062b4                HAL_PCD_SuspendCallback
 .text.HAL_PCD_ResumeCallback
                0x080062e4        0x8 libDaisy/build\libdaisy.a(usbd_conf.o)
                0x080062e4                HAL_PCD_ResumeCallback
 .text.HAL_PCD_ISOOUTIncompleteCallback
                0x080062ec        0x8 libDaisy/build\libdaisy.a(usbd_conf.o)
                0x080062ec                HAL_PCD_ISOOUTIncompleteCallback
 .text.HAL_PCD_ISOINIncompleteCallback
                0x080062f4        0x8 libDaisy/build\libdaisy.a(usbd_conf.o)
                0x080062f4                HAL_PCD_ISOINIncompleteCallback
 .text.HAL_PCD_ConnectCallback
                0x080062fc        0x8 libDaisy/build\libdaisy.a(usbd_conf.o)
                0x080062fc                HAL_PCD_ConnectCallback
 .text.HAL_PCD_DisconnectCallback
                0x08006304        0x8 libDaisy/build\libdaisy.a(usbd_conf.o)
                0x08006304                HAL_PCD_DisconnectCallback
 .text.USBD_LL_OpenEP
                0x0800630c       0x1c libDaisy/build\libdaisy.a(usbd_conf.o)
                0x0800630c                USBD_LL_OpenEP
 .text.USBD_LL_StallEP
                0x08006328       0x18 libDaisy/build\libdaisy.a(usbd_conf.o)
                0x08006328                USBD_LL_StallEP
 .text.USBD_LL_ClearStallEP
                0x08006340       0x18 libDaisy/build\libdaisy.a(usbd_conf.o)
                0x08006340                USBD_LL_ClearStallEP
 .text.USBD_LL_IsStallEP
                0x08006358       0x28 libDaisy/build\libdaisy.a(usbd_conf.o)
                0x08006358                USBD_LL_IsStallEP
 .text.USBD_LL_SetUSBAddress
                0x08006380       0x18 libDaisy/build\libdaisy.a(usbd_conf.o)
                0x08006380                USBD_LL_SetUSBAddress
 .text.USBD_LL_Transmit
                0x08006398       0x18 libDaisy/build\libdaisy.a(usbd_conf.o)
                0x08006398                USBD_LL_Transmit
 .text.USBD_LL_PrepareReceive
                0x080063b0       0x18 libDaisy/build\libdaisy.a(usbd_conf.o)
                0x080063b0                USBD_LL_PrepareReceive
 .text.HAL_HCD_SOF_Callback
                0x080063c8        0x8 libDaisy/build\libdaisy.a(usbh_conf.o)
                0x080063c8                HAL_HCD_SOF_Callback
 .text.HAL_HCD_Connect_Callback
                0x080063d0        0x8 libDaisy/build\libdaisy.a(usbh_conf.o)
                0x080063d0                HAL_HCD_Connect_Callback
 .text.HAL_HCD_Disconnect_Callback
                0x080063d8        0x8 libDaisy/build\libdaisy.a(usbh_conf.o)
                0x080063d8                HAL_HCD_Disconnect_Callback
 .text.HAL_HCD_HC_NotifyURBChange_Callback
                0x080063e0        0x4 libDaisy/build\libdaisy.a(usbh_conf.o)
                0x080063e0                HAL_HCD_HC_NotifyURBChange_Callback
 .text.HAL_HCD_PortEnabled_Callback
                0x080063e4        0x8 libDaisy/build\libdaisy.a(usbh_conf.o)
                0x080063e4                HAL_HCD_PortEnabled_Callback
 .text.HAL_HCD_PortDisabled_Callback
                0x080063ec        0x8 libDaisy/build\libdaisy.a(usbh_conf.o)
                0x080063ec                HAL_HCD_PortDisabled_Callback
 .text.USBH_LL_Stop
                0x080063f4       0x18 libDaisy/build\libdaisy.a(usbh_conf.o)
                0x080063f4                USBH_LL_Stop
 .text.dsy_hal_map_get_port
                0x0800640c       0x10 libDaisy/build\libdaisy.a(hal_map.o)
                0x0800640c                dsy_hal_map_get_port
 .text.dsy_hal_map_get_pin
                0x0800641c       0x10 libDaisy/build\libdaisy.a(hal_map.o)
                0x0800641c                dsy_hal_map_get_pin
 .text.dsy_hal_map_gpio_clk_enable
                0x0800642c      0x150 libDaisy/build\libdaisy.a(hal_map.o)
                0x0800642c                dsy_hal_map_gpio_clk_enable
 .text.HAL_MspInit
                0x0800657c        0x4 libDaisy/build\libdaisy.a(stm32h7xx_hal.o)
                0x0800657c                HAL_MspInit
 .text.HAL_InitTick
                0x08006580       0x4c libDaisy/build\libdaisy.a(stm32h7xx_hal.o)
                0x08006580                HAL_InitTick
 .text.HAL_Init
                0x080065cc       0x60 libDaisy/build\libdaisy.a(stm32h7xx_hal.o)
                0x080065cc                HAL_Init
 .text.HAL_IncTick
                0x0800662c       0x18 libDaisy/build\libdaisy.a(stm32h7xx_hal.o)
                0x0800662c                HAL_IncTick
 .text.HAL_GetTick
                0x08006644        0xc libDaisy/build\libdaisy.a(stm32h7xx_hal.o)
                0x08006644                HAL_GetTick
 .text.HAL_Delay
                0x08006650       0x24 libDaisy/build\libdaisy.a(stm32h7xx_hal.o)
                0x08006650                HAL_Delay
 .text.HAL_GetREVID
                0x08006674        0xc libDaisy/build\libdaisy.a(stm32h7xx_hal.o)
                0x08006674                HAL_GetREVID
 .text.HAL_NVIC_SetPriorityGrouping
                0x08006680       0x24 libDaisy/build\libdaisy.a(stm32h7xx_hal_cortex.o)
                0x08006680                HAL_NVIC_SetPriorityGrouping
 .text.HAL_NVIC_SetPriority
                0x080066a4       0x78 libDaisy/build\libdaisy.a(stm32h7xx_hal_cortex.o)
                0x080066a4                HAL_NVIC_SetPriority
 .text.HAL_NVIC_EnableIRQ
                0x0800671c       0x1c libDaisy/build\libdaisy.a(stm32h7xx_hal_cortex.o)
                0x0800671c                HAL_NVIC_EnableIRQ
 .text.HAL_NVIC_DisableIRQ
                0x08006738       0x24 libDaisy/build\libdaisy.a(stm32h7xx_hal_cortex.o)
                0x08006738                HAL_NVIC_DisableIRQ
 .text.HAL_SYSTICK_Config
                0x0800675c       0x2c libDaisy/build\libdaisy.a(stm32h7xx_hal_cortex.o)
                0x0800675c                HAL_SYSTICK_Config
 .text.HAL_MPU_Disable
                0x08006788       0x1c libDaisy/build\libdaisy.a(stm32h7xx_hal_cortex.o)
                0x08006788                HAL_MPU_Disable
 .text.HAL_MPU_Enable
                0x080067a4       0x20 libDaisy/build\libdaisy.a(stm32h7xx_hal_cortex.o)
                0x080067a4                HAL_MPU_Enable
 .text.HAL_MPU_ConfigRegion
                0x080067c4       0x64 libDaisy/build\libdaisy.a(stm32h7xx_hal_cortex.o)
                0x080067c4                HAL_MPU_ConfigRegion
 .text.HAL_SYSTICK_Callback
                0x08006828        0x4 libDaisy/build\libdaisy.a(stm32h7xx_hal_cortex.o)
                0x08006828                HAL_SYSTICK_Callback
 .text.HAL_SYSTICK_IRQHandler
                0x0800682c        0x8 libDaisy/build\libdaisy.a(stm32h7xx_hal_cortex.o)
                0x0800682c                HAL_SYSTICK_IRQHandler
 .text.HAL_DAC_Init
                0x08006834       0x2c libDaisy/build\libdaisy.a(stm32h7xx_hal_dac.o)
                0x08006834                HAL_DAC_Init
 .text.HAL_DAC_Start
                0x08006860       0x5c libDaisy/build\libdaisy.a(stm32h7xx_hal_dac.o)
                0x08006860                HAL_DAC_Start
 .text.HAL_DAC_SetValue
                0x080068bc       0x30 libDaisy/build\libdaisy.a(stm32h7xx_hal_dac.o)
                0x080068bc                HAL_DAC_SetValue
 .text.HAL_DAC_DMAUnderrunCallbackCh1
                0x080068ec        0x4 libDaisy/build\libdaisy.a(stm32h7xx_hal_dac.o)
                0x080068ec                HAL_DAC_DMAUnderrunCallbackCh1
 .text.HAL_DAC_IRQHandler
                0x080068f0       0x68 libDaisy/build\libdaisy.a(stm32h7xx_hal_dac.o)
                0x080068f0                HAL_DAC_IRQHandler
 .text.HAL_DAC_ConfigChannel
                0x08006958      0x128 libDaisy/build\libdaisy.a(stm32h7xx_hal_dac.o)
                0x08006958                HAL_DAC_ConfigChannel
 .text.HAL_DACEx_DMAUnderrunCallbackCh2
                0x08006a80        0x4 libDaisy/build\libdaisy.a(stm32h7xx_hal_dac_ex.o)
                0x08006a80                HAL_DACEx_DMAUnderrunCallbackCh2
 .text.DMA_CalcBaseAndBitshift
                0x08006a84      0x100 libDaisy/build\libdaisy.a(stm32h7xx_hal_dma.o)
 .text.DMA_CalcDMAMUXChannelBaseAndMask
                0x08006b84       0xd4 libDaisy/build\libdaisy.a(stm32h7xx_hal_dma.o)
 .text.HAL_DMA_Init
                0x08006c58      0x368 libDaisy/build\libdaisy.a(stm32h7xx_hal_dma.o)
                0x08006c58                HAL_DMA_Init
 .text.HAL_DMA_Start_IT
                0x08006fc0      0x288 libDaisy/build\libdaisy.a(stm32h7xx_hal_dma.o)
                0x08006fc0                HAL_DMA_Start_IT
 .text.HAL_DMA_Abort_IT
                0x08007248      0x134 libDaisy/build\libdaisy.a(stm32h7xx_hal_dma.o)
                0x08007248                HAL_DMA_Abort_IT
 .text.HAL_DMA_IRQHandler
                0x0800737c      0x424 libDaisy/build\libdaisy.a(stm32h7xx_hal_dma.o)
                0x0800737c                HAL_DMA_IRQHandler
 .text.HAL_DMA_GetError
                0x080077a0        0x4 libDaisy/build\libdaisy.a(stm32h7xx_hal_dma.o)
                0x080077a0                HAL_DMA_GetError
 .text.HAL_GPIO_Init
                0x080077a4      0x41c libDaisy/build\libdaisy.a(stm32h7xx_hal_gpio.o)
                0x080077a4                HAL_GPIO_Init
 .text.HAL_GPIO_DeInit
                0x08007bc0      0x258 libDaisy/build\libdaisy.a(stm32h7xx_hal_gpio.o)
                0x08007bc0                HAL_GPIO_DeInit
 .text.HAL_GPIO_ReadPin
                0x08007e18        0xc libDaisy/build\libdaisy.a(stm32h7xx_hal_gpio.o)
                0x08007e18                HAL_GPIO_ReadPin
 .text.HAL_GPIO_WritePin
                0x08007e24        0x8 libDaisy/build\libdaisy.a(stm32h7xx_hal_gpio.o)
                0x08007e24                HAL_GPIO_WritePin
 .text.HAL_HCD_IRQHandler
                0x08007e2c      0x764 libDaisy/build\libdaisy.a(stm32h7xx_hal_hcd.o)
                0x08007e2c                HAL_HCD_IRQHandler
 .text.HAL_HCD_Stop
                0x08008590       0x28 libDaisy/build\libdaisy.a(stm32h7xx_hal_hcd.o)
                0x08008590                HAL_HCD_Stop
 .text.I2C_WaitOnTXISFlagUntilTimeout
                0x080085b8       0xbc libDaisy/build\libdaisy.a(stm32h7xx_hal_i2c.o)
 .text.I2C_WaitOnSTOPFlagUntilTimeout
                0x08008674       0xa8 libDaisy/build\libdaisy.a(stm32h7xx_hal_i2c.o)
 .text.HAL_I2C_Init
                0x0800871c       0xac libDaisy/build\libdaisy.a(stm32h7xx_hal_i2c.o)
                0x0800871c                HAL_I2C_Init
 .text.HAL_I2C_Master_Transmit
                0x080087c8      0x198 libDaisy/build\libdaisy.a(stm32h7xx_hal_i2c.o)
                0x080087c8                HAL_I2C_Master_Transmit
 .text.HAL_I2C_Slave_Transmit
                0x08008960      0x1cc libDaisy/build\libdaisy.a(stm32h7xx_hal_i2c.o)
                0x08008960                HAL_I2C_Slave_Transmit
 .text.HAL_I2C_EV_IRQHandler
                0x08008b2c       0x10 libDaisy/build\libdaisy.a(stm32h7xx_hal_i2c.o)
                0x08008b2c                HAL_I2C_EV_IRQHandler
 .text.HAL_I2C_GetState
                0x08008b3c        0x8 libDaisy/build\libdaisy.a(stm32h7xx_hal_i2c.o)
                0x08008b3c                HAL_I2C_GetState
 .text.HAL_I2CEx_ConfigAnalogFilter
                0x08008b44       0x54 libDaisy/build\libdaisy.a(stm32h7xx_hal_i2c_ex.o)
                0x08008b44                HAL_I2CEx_ConfigAnalogFilter
 .text.HAL_I2CEx_ConfigDigitalFilter
                0x08008b98       0x58 libDaisy/build\libdaisy.a(stm32h7xx_hal_i2c_ex.o)
                0x08008b98                HAL_I2CEx_ConfigDigitalFilter
 .text.HAL_PCD_IRQHandler
                0x08008bf0      0x6c4 libDaisy/build\libdaisy.a(stm32h7xx_hal_pcd.o)
                0x08008bf0                HAL_PCD_IRQHandler
 .text.HAL_PCD_SetAddress
                0x080092b4       0x2c libDaisy/build\libdaisy.a(stm32h7xx_hal_pcd.o)
                0x080092b4                HAL_PCD_SetAddress
 .text.HAL_PCD_EP_Open
                0x080092e0       0x7c libDaisy/build\libdaisy.a(stm32h7xx_hal_pcd.o)
                0x080092e0                HAL_PCD_EP_Open
 .text.HAL_PCD_EP_Receive
                0x0800935c       0x50 libDaisy/build\libdaisy.a(stm32h7xx_hal_pcd.o)
                0x0800935c                HAL_PCD_EP_Receive
 .text.HAL_PCD_EP_Transmit
                0x080093ac       0x50 libDaisy/build\libdaisy.a(stm32h7xx_hal_pcd.o)
                0x080093ac                HAL_PCD_EP_Transmit
 .text.HAL_PCD_EP_SetStall
                0x080093fc       0x88 libDaisy/build\libdaisy.a(stm32h7xx_hal_pcd.o)
                0x080093fc                HAL_PCD_EP_SetStall
 .text.HAL_PCD_EP_ClrStall
                0x08009484       0x78 libDaisy/build\libdaisy.a(stm32h7xx_hal_pcd.o)
                0x08009484                HAL_PCD_EP_ClrStall
 .text.HAL_PCDEx_LPM_Callback
                0x080094fc        0x4 libDaisy/build\libdaisy.a(stm32h7xx_hal_pcd_ex.o)
                0x080094fc                HAL_PCDEx_LPM_Callback
 .text.HAL_PWREx_ConfigSupply
                0x08009500       0x4c libDaisy/build\libdaisy.a(stm32h7xx_hal_pwr_ex.o)
                0x08009500                HAL_PWREx_ConfigSupply
 .text.HAL_PWREx_EnableUSBVoltageDetector
                0x0800954c       0x10 libDaisy/build\libdaisy.a(stm32h7xx_hal_pwr_ex.o)
                0x0800954c                HAL_PWREx_EnableUSBVoltageDetector
 .text.QSPI_Config
                0x0800955c      0x188 libDaisy/build\libdaisy.a(stm32h7xx_hal_qspi.o)
 .text.HAL_QSPI_Init
                0x080096e4       0xdc libDaisy/build\libdaisy.a(stm32h7xx_hal_qspi.o)
                0x080096e4                HAL_QSPI_Init
 .text.HAL_QSPI_DeInit
                0x080097c0       0x3c libDaisy/build\libdaisy.a(stm32h7xx_hal_qspi.o)
                0x080097c0                HAL_QSPI_DeInit
 .text.HAL_QSPI_Command
                0x080097fc       0xdc libDaisy/build\libdaisy.a(stm32h7xx_hal_qspi.o)
                0x080097fc                HAL_QSPI_Command
 .text.HAL_QSPI_Transmit
                0x080098d8      0x11c libDaisy/build\libdaisy.a(stm32h7xx_hal_qspi.o)
                0x080098d8                HAL_QSPI_Transmit
 .text.HAL_QSPI_Receive
                0x080099f4      0x128 libDaisy/build\libdaisy.a(stm32h7xx_hal_qspi.o)
                0x080099f4                HAL_QSPI_Receive
 .text.HAL_QSPI_AutoPolling
                0x08009b1c      0x11c libDaisy/build\libdaisy.a(stm32h7xx_hal_qspi.o)
                0x08009b1c                HAL_QSPI_AutoPolling
 .text.HAL_QSPI_MemoryMapped
                0x08009c38       0xc4 libDaisy/build\libdaisy.a(stm32h7xx_hal_qspi.o)
                0x08009c38                HAL_QSPI_MemoryMapped
 .text.HAL_QSPI_ErrorCallback
                0x08009cfc        0x4 libDaisy/build\libdaisy.a(stm32h7xx_hal_qspi.o)
                0x08009cfc                HAL_QSPI_ErrorCallback
 .text.QSPI_DMAAbortCplt
                0x08009d00       0x38 libDaisy/build\libdaisy.a(stm32h7xx_hal_qspi.o)
 .text.HAL_QSPI_AbortCpltCallback
                0x08009d38        0x4 libDaisy/build\libdaisy.a(stm32h7xx_hal_qspi.o)
                0x08009d38                HAL_QSPI_AbortCpltCallback
 .text.HAL_QSPI_CmdCpltCallback
                0x08009d3c        0x4 libDaisy/build\libdaisy.a(stm32h7xx_hal_qspi.o)
                0x08009d3c                HAL_QSPI_CmdCpltCallback
 .text.HAL_QSPI_RxCpltCallback
                0x08009d40        0x4 libDaisy/build\libdaisy.a(stm32h7xx_hal_qspi.o)
                0x08009d40                HAL_QSPI_RxCpltCallback
 .text.HAL_QSPI_TxCpltCallback
                0x08009d44        0x4 libDaisy/build\libdaisy.a(stm32h7xx_hal_qspi.o)
                0x08009d44                HAL_QSPI_TxCpltCallback
 .text.HAL_QSPI_FifoThresholdCallback
                0x08009d48        0x4 libDaisy/build\libdaisy.a(stm32h7xx_hal_qspi.o)
                0x08009d48                HAL_QSPI_FifoThresholdCallback
 .text.HAL_QSPI_StatusMatchCallback
                0x08009d4c        0x4 libDaisy/build\libdaisy.a(stm32h7xx_hal_qspi.o)
                0x08009d4c                HAL_QSPI_StatusMatchCallback
 .text.HAL_QSPI_TimeOutCallback
                0x08009d50        0x4 libDaisy/build\libdaisy.a(stm32h7xx_hal_qspi.o)
                0x08009d50                HAL_QSPI_TimeOutCallback
 .text.HAL_QSPI_IRQHandler
                0x08009d54      0x210 libDaisy/build\libdaisy.a(stm32h7xx_hal_qspi.o)
                0x08009d54                HAL_QSPI_IRQHandler
 .text.HAL_RCC_OscConfig
                0x08009f64      0x518 libDaisy/build\libdaisy.a(stm32h7xx_hal_rcc.o)
                0x08009f64                HAL_RCC_OscConfig
 .text.HAL_RCC_GetSysClockFreq
                0x0800a47c      0x11c libDaisy/build\libdaisy.a(stm32h7xx_hal_rcc.o)
                0x0800a47c                HAL_RCC_GetSysClockFreq
 .text.HAL_RCC_ClockConfig
                0x0800a598      0x238 libDaisy/build\libdaisy.a(stm32h7xx_hal_rcc.o)
                0x0800a598                HAL_RCC_ClockConfig
 .text.HAL_RCC_GetHCLKFreq
                0x0800a7d0       0x2c libDaisy/build\libdaisy.a(stm32h7xx_hal_rcc.o)
                0x0800a7d0                HAL_RCC_GetHCLKFreq
 .text.HAL_RCC_GetPCLK1Freq
                0x0800a7fc       0x38 libDaisy/build\libdaisy.a(stm32h7xx_hal_rcc.o)
                0x0800a7fc                HAL_RCC_GetPCLK1Freq
 .text.HAL_RCC_GetPCLK2Freq
                0x0800a834       0x38 libDaisy/build\libdaisy.a(stm32h7xx_hal_rcc.o)
                0x0800a834                HAL_RCC_GetPCLK2Freq
 .text.RCCEx_PLL2_Config.part.0
                0x0800a86c       0xe0 libDaisy/build\libdaisy.a(stm32h7xx_hal_rcc_ex.o)
 .text.RCCEx_PLL3_Config.part.0
                0x0800a94c       0xe0 libDaisy/build\libdaisy.a(stm32h7xx_hal_rcc_ex.o)
 .text.HAL_RCCEx_PeriphCLKConfig
                0x0800aa2c      0xcc4 libDaisy/build\libdaisy.a(stm32h7xx_hal_rcc_ex.o)
                0x0800aa2c                HAL_RCCEx_PeriphCLKConfig
 .text.HAL_RCCEx_GetD3PCLK1Freq
                0x0800b6f0       0x24 libDaisy/build\libdaisy.a(stm32h7xx_hal_rcc_ex.o)
                0x0800b6f0                HAL_RCCEx_GetD3PCLK1Freq
 .text.HAL_RCCEx_GetPLL2ClockFreq
                0x0800b714      0x134 libDaisy/build\libdaisy.a(stm32h7xx_hal_rcc_ex.o)
                0x0800b714                HAL_RCCEx_GetPLL2ClockFreq
 .text.HAL_RCCEx_GetPLL3ClockFreq
                0x0800b848      0x134 libDaisy/build\libdaisy.a(stm32h7xx_hal_rcc_ex.o)
                0x0800b848                HAL_RCCEx_GetPLL3ClockFreq
 .text.HAL_RCCEx_GetPLL1ClockFreq
                0x0800b97c      0x134 libDaisy/build\libdaisy.a(stm32h7xx_hal_rcc_ex.o)
                0x0800b97c                HAL_RCCEx_GetPLL1ClockFreq
 .text.HAL_RCCEx_GetPeriphCLKFreq
                0x0800bab0      0x150 libDaisy/build\libdaisy.a(stm32h7xx_hal_rcc_ex.o)
                0x0800bab0                HAL_RCCEx_GetPeriphCLKFreq
 .text.HAL_RCCEx_GetD1SysClockFreq
                0x0800bc00       0x2c libDaisy/build\libdaisy.a(stm32h7xx_hal_rcc_ex.o)
                0x0800bc00                HAL_RCCEx_GetD1SysClockFreq
 .text.HAL_SAI_Init
                0x0800bc2c      0x380 libDaisy/build\libdaisy.a(stm32h7xx_hal_sai.o)
                0x0800bc2c                HAL_SAI_Init
 .text.HAL_SAI_InitProtocol
                0x0800bfac      0x15c libDaisy/build\libdaisy.a(stm32h7xx_hal_sai.o)
                0x0800bfac                HAL_SAI_InitProtocol
 .text.HAL_SDRAM_Init
                0x0800c108       0x54 libDaisy/build\libdaisy.a(stm32h7xx_hal_sdram.o)
                0x0800c108                HAL_SDRAM_Init
 .text.HAL_SDRAM_SendCommand
                0x0800c15c       0x40 libDaisy/build\libdaisy.a(stm32h7xx_hal_sdram.o)
                0x0800c15c                HAL_SDRAM_SendCommand
 .text.HAL_SDRAM_ProgramRefreshRate
                0x0800c19c       0x30 libDaisy/build\libdaisy.a(stm32h7xx_hal_sdram.o)
                0x0800c19c                HAL_SDRAM_ProgramRefreshRate
 .text.HAL_TIM_Base_Init
                0x0800c1cc      0x114 libDaisy/build\libdaisy.a(stm32h7xx_hal_tim.o)
                0x0800c1cc                HAL_TIM_Base_Init
 .text.HAL_TIM_Base_Start
                0x0800c2e0       0x34 libDaisy/build\libdaisy.a(stm32h7xx_hal_tim.o)
                0x0800c2e0                HAL_TIM_Base_Start
 .text.HAL_TIM_Base_Start_IT
                0x0800c314       0x2c libDaisy/build\libdaisy.a(stm32h7xx_hal_tim.o)
                0x0800c314                HAL_TIM_Base_Start_IT
 .text.HAL_TIM_ConfigClockSource
                0x0800c340      0x17c libDaisy/build\libdaisy.a(stm32h7xx_hal_tim.o)
                0x0800c340                HAL_TIM_ConfigClockSource
 .text.HAL_TIM_OC_DelayElapsedCallback
                0x0800c4bc        0x4 libDaisy/build\libdaisy.a(stm32h7xx_hal_tim.o)
                0x0800c4bc                HAL_TIM_OC_DelayElapsedCallback
 .text.HAL_TIM_IC_CaptureCallback
                0x0800c4c0        0x4 libDaisy/build\libdaisy.a(stm32h7xx_hal_tim.o)
                0x0800c4c0                HAL_TIM_IC_CaptureCallback
 .text.HAL_TIM_PWM_PulseFinishedCallback
                0x0800c4c4        0x4 libDaisy/build\libdaisy.a(stm32h7xx_hal_tim.o)
                0x0800c4c4                HAL_TIM_PWM_PulseFinishedCallback
 .text.HAL_TIM_TriggerCallback
                0x0800c4c8        0x4 libDaisy/build\libdaisy.a(stm32h7xx_hal_tim.o)
                0x0800c4c8                HAL_TIM_TriggerCallback
 .text.HAL_TIM_IRQHandler
                0x0800c4cc      0x170 libDaisy/build\libdaisy.a(stm32h7xx_hal_tim.o)
                0x0800c4cc                HAL_TIM_IRQHandler
 .text.HAL_TIMEx_MasterConfigSynchronization
                0x0800c63c       0x64 libDaisy/build\libdaisy.a(stm32h7xx_hal_tim_ex.o)
                0x0800c63c                HAL_TIMEx_MasterConfigSynchronization
 .text.HAL_TIMEx_CommutCallback
                0x0800c6a0        0x4 libDaisy/build\libdaisy.a(stm32h7xx_hal_tim_ex.o)
                0x0800c6a0                HAL_TIMEx_CommutCallback
 .text.HAL_TIMEx_BreakCallback
                0x0800c6a4        0x4 libDaisy/build\libdaisy.a(stm32h7xx_hal_tim_ex.o)
                0x0800c6a4                HAL_TIMEx_BreakCallback
 .text.HAL_TIMEx_Break2Callback
                0x0800c6a8        0x4 libDaisy/build\libdaisy.a(stm32h7xx_hal_tim_ex.o)
                0x0800c6a8                HAL_TIMEx_Break2Callback
 .text.FMC_SDRAM_Init
                0x0800c6ac       0x6c libDaisy/build\libdaisy.a(stm32h7xx_ll_fmc.o)
                0x0800c6ac                FMC_SDRAM_Init
 .text.FMC_SDRAM_Timing_Init
                0x0800c718       0x7c libDaisy/build\libdaisy.a(stm32h7xx_ll_fmc.o)
                0x0800c718                FMC_SDRAM_Timing_Init
 .text.FMC_SDRAM_SendCommand
                0x0800c794       0x28 libDaisy/build\libdaisy.a(stm32h7xx_ll_fmc.o)
                0x0800c794                FMC_SDRAM_SendCommand
 .text.FMC_SDRAM_ProgramRefreshRate
                0x0800c7bc       0x14 libDaisy/build\libdaisy.a(stm32h7xx_ll_fmc.o)
                0x0800c7bc                FMC_SDRAM_ProgramRefreshRate
 .text.USB_SetTurnaroundTime
                0x0800c7d0      0x104 libDaisy/build\libdaisy.a(stm32h7xx_ll_usb.o)
                0x0800c7d0                USB_SetTurnaroundTime
 .text.USB_FlushTxFifo
                0x0800c8d4       0x34 libDaisy/build\libdaisy.a(stm32h7xx_ll_usb.o)
                0x0800c8d4                USB_FlushTxFifo
 .text.USB_GetDevSpeed
                0x0800c908       0x24 libDaisy/build\libdaisy.a(stm32h7xx_ll_usb.o)
                0x0800c908                USB_GetDevSpeed
 .text.USB_ActivateEndpoint
                0x0800c92c       0x8c libDaisy/build\libdaisy.a(stm32h7xx_ll_usb.o)
                0x0800c92c                USB_ActivateEndpoint
 .text.USB_EPStartXfer
                0x0800c9b8      0x214 libDaisy/build\libdaisy.a(stm32h7xx_ll_usb.o)
                0x0800c9b8                USB_EPStartXfer
 .text.USB_EP0StartXfer
                0x0800cbcc       0xf8 libDaisy/build\libdaisy.a(stm32h7xx_ll_usb.o)
                0x0800cbcc                USB_EP0StartXfer
 .text.USB_WritePacket
                0x0800ccc4       0x2c libDaisy/build\libdaisy.a(stm32h7xx_ll_usb.o)
                0x0800ccc4                USB_WritePacket
 .text.USB_ReadPacket
                0x0800ccf0       0x20 libDaisy/build\libdaisy.a(stm32h7xx_ll_usb.o)
                0x0800ccf0                USB_ReadPacket
 .text.USB_EPSetStall
                0x0800cd10       0x70 libDaisy/build\libdaisy.a(stm32h7xx_ll_usb.o)
                0x0800cd10                USB_EPSetStall
 .text.USB_EPClearStall
                0x0800cd80       0x58 libDaisy/build\libdaisy.a(stm32h7xx_ll_usb.o)
                0x0800cd80                USB_EPClearStall
 .text.USB_SetDevAddress
                0x0800cdd8       0x24 libDaisy/build\libdaisy.a(stm32h7xx_ll_usb.o)
                0x0800cdd8                USB_SetDevAddress
 .text.USB_ReadInterrupts
                0x0800cdfc       0x14 libDaisy/build\libdaisy.a(stm32h7xx_ll_usb.o)
                0x0800cdfc                USB_ReadInterrupts
 .text.USB_ReadDevAllOutEpInterrupt
                0x0800ce10       0x1c libDaisy/build\libdaisy.a(stm32h7xx_ll_usb.o)
                0x0800ce10                USB_ReadDevAllOutEpInterrupt
 .text.USB_ReadDevAllInEpInterrupt
                0x0800ce2c       0x1c libDaisy/build\libdaisy.a(stm32h7xx_ll_usb.o)
                0x0800ce2c                USB_ReadDevAllInEpInterrupt
 .text.USB_ReadDevOutEPInterrupt
                0x0800ce48       0x1c libDaisy/build\libdaisy.a(stm32h7xx_ll_usb.o)
                0x0800ce48                USB_ReadDevOutEPInterrupt
 .text.USB_ReadDevInEPInterrupt
                0x0800ce64       0x38 libDaisy/build\libdaisy.a(stm32h7xx_ll_usb.o)
                0x0800ce64                USB_ReadDevInEPInterrupt
 .text.USB_GetMode
                0x0800ce9c        0x8 libDaisy/build\libdaisy.a(stm32h7xx_ll_usb.o)
                0x0800ce9c                USB_GetMode
 .text.USB_ActivateSetup
                0x0800cea4       0x34 libDaisy/build\libdaisy.a(stm32h7xx_ll_usb.o)
                0x0800cea4                USB_ActivateSetup
 .text.USB_EP0_OutStart
                0x0800ced8       0x50 libDaisy/build\libdaisy.a(stm32h7xx_ll_usb.o)
                0x0800ced8                USB_EP0_OutStart
 .text.USB_InitFSLSPClkSel
                0x0800cf28       0x44 libDaisy/build\libdaisy.a(stm32h7xx_ll_usb.o)
                0x0800cf28                USB_InitFSLSPClkSel
 .text.USB_HC_ReadInterrupt
                0x0800cf6c        0x8 libDaisy/build\libdaisy.a(stm32h7xx_ll_usb.o)
                0x0800cf6c                USB_HC_ReadInterrupt
 .text.USB_HC_Halt
                0x0800cf74       0xc0 libDaisy/build\libdaisy.a(stm32h7xx_ll_usb.o)
                0x0800cf74                USB_HC_Halt
 .text.USB_StopHost
                0x0800d034      0x2ec libDaisy/build\libdaisy.a(stm32h7xx_ll_usb.o)
                0x0800d034                USB_StopHost
 .text.USBD_SetClassConfig
                0x0800d320       0x1c libDaisy/build\libdaisy.a(usbd_core.o)
                0x0800d320                USBD_SetClassConfig
 .text.USBD_ClrClassConfig
                0x0800d33c       0x10 libDaisy/build\libdaisy.a(usbd_core.o)
                0x0800d33c                USBD_ClrClassConfig
 .text.USBD_LL_SetupStage
                0x0800d34c       0x5c libDaisy/build\libdaisy.a(usbd_core.o)
                0x0800d34c                USBD_LL_SetupStage
 .text.USBD_LL_DataOutStage
                0x0800d3a8       0x74 libDaisy/build\libdaisy.a(usbd_core.o)
                0x0800d3a8                USBD_LL_DataOutStage
 .text.USBD_LL_DataInStage
                0x0800d41c       0xc4 libDaisy/build\libdaisy.a(usbd_core.o)
                0x0800d41c                USBD_LL_DataInStage
 .text.USBD_LL_Reset
                0x0800d4e0       0x50 libDaisy/build\libdaisy.a(usbd_core.o)
                0x0800d4e0                USBD_LL_Reset
 .text.USBD_LL_SetSpeed
                0x0800d530        0x8 libDaisy/build\libdaisy.a(usbd_core.o)
                0x0800d530                USBD_LL_SetSpeed
 .text.USBD_LL_Suspend
                0x0800d538       0x14 libDaisy/build\libdaisy.a(usbd_core.o)
                0x0800d538                USBD_LL_Suspend
 .text.USBD_LL_Resume
                0x0800d54c       0x10 libDaisy/build\libdaisy.a(usbd_core.o)
                0x0800d54c                USBD_LL_Resume
 .text.USBD_LL_SOF
                0x0800d55c       0x1c libDaisy/build\libdaisy.a(usbd_core.o)
                0x0800d55c                USBD_LL_SOF
 .text.USBD_LL_IsoINIncomplete
                0x0800d578        0x4 libDaisy/build\libdaisy.a(usbd_core.o)
                0x0800d578                USBD_LL_IsoINIncomplete
 .text.USBD_LL_IsoOUTIncomplete
                0x0800d57c        0x4 libDaisy/build\libdaisy.a(usbd_core.o)
                0x0800d57c                USBD_LL_IsoOUTIncomplete
 .text.USBD_LL_DevConnected
                0x0800d580        0x4 libDaisy/build\libdaisy.a(usbd_core.o)
                0x0800d580                USBD_LL_DevConnected
 .text.USBD_LL_DevDisconnected
                0x0800d584       0x18 libDaisy/build\libdaisy.a(usbd_core.o)
                0x0800d584                USBD_LL_DevDisconnected
 .text.USBD_StdDevReq
                0x0800d59c      0x300 libDaisy/build\libdaisy.a(usbd_ctlreq.o)
                0x0800d59c                USBD_StdDevReq
 .text.USBD_StdItfReq
                0x0800d89c       0x68 libDaisy/build\libdaisy.a(usbd_ctlreq.o)
                0x0800d89c                USBD_StdItfReq
 .text.USBD_StdEPReq
                0x0800d904      0x134 libDaisy/build\libdaisy.a(usbd_ctlreq.o)
                0x0800d904                USBD_StdEPReq
 .text.USBD_ParseSetupRequest
                0x0800da38       0x18 libDaisy/build\libdaisy.a(usbd_ctlreq.o)
                0x0800da38                USBD_ParseSetupRequest
 .text.USBD_CtlSendData
                0x0800da50       0x1c libDaisy/build\libdaisy.a(usbd_ioreq.o)
                0x0800da50                USBD_CtlSendData
 .text.USBD_CtlContinueSendData
                0x0800da6c       0x14 libDaisy/build\libdaisy.a(usbd_ioreq.o)
                0x0800da6c                USBD_CtlContinueSendData
 .text.USBD_CtlContinueRx
                0x0800da80       0x14 libDaisy/build\libdaisy.a(usbd_ioreq.o)
                0x0800da80                USBD_CtlContinueRx
 .text.USBD_CtlSendStatus
                0x0800da94       0x18 libDaisy/build\libdaisy.a(usbd_ioreq.o)
                0x0800da94                USBD_CtlSendStatus
 .text.USBD_CtlReceiveStatus
                0x0800daac       0x18 libDaisy/build\libdaisy.a(usbd_ioreq.o)
                0x0800daac                USBD_CtlReceiveStatus
 .text.USBH_LL_IncTimer
                0x0800dac4       0x20 libDaisy/build\libdaisy.a(usbh_core.o)
                0x0800dac4                USBH_LL_IncTimer
 .text.USBH_LL_PortEnabled
                0x0800dae4        0x8 libDaisy/build\libdaisy.a(usbh_core.o)
                0x0800dae4                USBH_LL_PortEnabled
 .text.USBH_LL_PortDisabled
                0x0800daec        0x8 libDaisy/build\libdaisy.a(usbh_core.o)
                0x0800daec                USBH_LL_PortDisabled
 .text.USBH_LL_Connect
                0x0800daf4       0x18 libDaisy/build\libdaisy.a(usbh_core.o)
                0x0800daf4                USBH_LL_Connect
 .text.USBH_LL_Disconnect
                0x0800db0c       0x2c libDaisy/build\libdaisy.a(usbh_core.o)
                0x0800db0c                USBH_LL_Disconnect
 .text.USBH_FreePipe
                0x0800db38       0x18 libDaisy/build\libdaisy.a(usbh_pipes.o)
                0x0800db38                USBH_FreePipe
 .text._ZN5daisy6Random4InitEv
                0x0800db50       0x3c libDaisy/build\libdaisy.a(rng.o)
                0x0800db50                daisy::Random::Init()
 .text._ZN5daisy9SpiHandle4Impl7InitDmaEv
                0x0800db8c       0xec libDaisy/build\libdaisy.a(spi.o)
                0x0800db8c                daisy::SpiHandle::Impl::InitDma()
 .text._ZN5daisy9SpiHandle4Impl10StartDmaTxEPhjPFvPvEPFvS3_NS0_6ResultEES3_
                0x0800dc78       0xbc libDaisy/build\libdaisy.a(spi.o)
                0x0800dc78                daisy::SpiHandle::Impl::StartDmaTx(unsigned char*, unsigned int, void (*)(void*), void (*)(void*, daisy::SpiHandle::Result), void*)
 .text._ZN5daisy9SpiHandle4Impl10StartDmaRxEPhjPFvPvEPFvS3_NS0_6ResultEES3_
                0x0800dd34       0xbc libDaisy/build\libdaisy.a(spi.o)
                0x0800dd34                daisy::SpiHandle::Impl::StartDmaRx(unsigned char*, unsigned int, void (*)(void*), void (*)(void*, daisy::SpiHandle::Result), void*)
 .text._ZN5daisy9SpiHandle4Impl12StartDmaRxTxEPhS2_jPFvPvEPFvS3_NS0_6ResultEES3_
                0x0800ddf0       0xbc libDaisy/build\libdaisy.a(spi.o)
                0x0800ddf0                daisy::SpiHandle::Impl::StartDmaRxTx(unsigned char*, unsigned char*, unsigned int, void (*)(void*), void (*)(void*, daisy::SpiHandle::Result), void*)
 .text._ZN5daisy9SpiHandle4Impl8InitPinsEv
                0x0800deac      0x214 libDaisy/build\libdaisy.a(spi.o)
                0x0800deac                daisy::SpiHandle::Impl::InitPins()
 .text.HAL_SPI_MspInit
                0x0800e0c0      0x1a8 libDaisy/build\libdaisy.a(spi.o)
                0x0800e0c0                HAL_SPI_MspInit
 .text.dsy_spi_global_init
                0x0800e268       0x80 libDaisy/build\libdaisy.a(spi.o)
                0x0800e268                dsy_spi_global_init
 .text.SPI1_IRQHandler
                0x0800e2e8        0xc libDaisy/build\libdaisy.a(spi.o)
                0x0800e2e8                SPI1_IRQHandler
 .text.SPI2_IRQHandler
                0x0800e2f4        0xc libDaisy/build\libdaisy.a(spi.o)
                0x0800e2f4                SPI2_IRQHandler
 .text.SPI3_IRQHandler
                0x0800e300        0xc libDaisy/build\libdaisy.a(spi.o)
                0x0800e300                SPI3_IRQHandler
 .text.SPI4_IRQHandler
                0x0800e30c        0xc libDaisy/build\libdaisy.a(spi.o)
                0x0800e30c                SPI4_IRQHandler
 .text.SPI5_IRQHandler
                0x0800e318        0xc libDaisy/build\libdaisy.a(spi.o)
                0x0800e318                SPI5_IRQHandler
 .text.DMA2_Stream2_IRQHandler
                0x0800e324       0x34 libDaisy/build\libdaisy.a(spi.o)
                0x0800e324                DMA2_Stream2_IRQHandler
 .text.DMA2_Stream3_IRQHandler
                0x0800e358       0x34 libDaisy/build\libdaisy.a(spi.o)
                0x0800e358                DMA2_Stream3_IRQHandler
 .text.HAL_SPI_TxCpltCallback
                0x0800e38c       0xc0 libDaisy/build\libdaisy.a(spi.o)
                0x0800e38c                HAL_SPI_TxCpltCallback
 .text.HAL_SPI_RxCpltCallback
                0x0800e44c       0xc0 libDaisy/build\libdaisy.a(spi.o)
                0x0800e44c                HAL_SPI_RxCpltCallback
 .text.HAL_SPI_TxRxCpltCallback
                0x0800e50c       0xc0 libDaisy/build\libdaisy.a(spi.o)
                0x0800e50c                HAL_SPI_TxRxCpltCallback
 .text.HAL_SPI_ErrorCallback
                0x0800e5cc       0xc4 libDaisy/build\libdaisy.a(spi.o)
                0x0800e5cc                HAL_SPI_ErrorCallback
 .text.startup._GLOBAL__sub_I__Z19MapInstanceToHandleP11SPI_TypeDef
                0x0800e690      0x1bc libDaisy/build\libdaisy.a(spi.o)
 .text.HAL_TIM_Base_MspInit
                0x0800e84c      0x19c libDaisy/build\libdaisy.a(tim.o)
                0x0800e84c                HAL_TIM_Base_MspInit
 .text.HAL_TIM_PeriodElapsedCallback
                0x0800e9e8       0x44 libDaisy/build\libdaisy.a(tim.o)
                0x0800e9e8                HAL_TIM_PeriodElapsedCallback
 .text.TIM2_IRQHandler
                0x0800ea2c        0xc libDaisy/build\libdaisy.a(tim.o)
                0x0800ea2c                TIM2_IRQHandler
 .text.TIM3_IRQHandler
                0x0800ea38        0xc libDaisy/build\libdaisy.a(tim.o)
                0x0800ea38                TIM3_IRQHandler
 .text.TIM4_IRQHandler
                0x0800ea44        0xc libDaisy/build\libdaisy.a(tim.o)
                0x0800ea44                TIM4_IRQHandler
 .text.TIM5_IRQHandler
                0x0800ea50        0xc libDaisy/build\libdaisy.a(tim.o)
                0x0800ea50                TIM5_IRQHandler
 .text._ZN5daisy11TimerHandle4InitERKNS0_6ConfigE
                0x0800ea5c       0xd0 libDaisy/build\libdaisy.a(tim.o)
                0x0800ea5c                daisy::TimerHandle::Init(daisy::TimerHandle::Config const&)
 .text._ZN5daisy11TimerHandle5StartEv
                0x0800eb2c       0x24 libDaisy/build\libdaisy.a(tim.o)
                0x0800eb2c                daisy::TimerHandle::Start()
 .text._ZN5daisy11TimerHandle5GetUsEv
                0x0800eb50       0x2c libDaisy/build\libdaisy.a(tim.o)
                0x0800eb50                daisy::TimerHandle::GetUs()
 *fill*         0x0800eb7c        0x4 
 .text.startup._GLOBAL__sub_I__ZN5daisy11TimerHandle4Impl4InitERKNS0_6ConfigE
                0x0800eb80       0x44 libDaisy/build\libdaisy.a(tim.o)
 .text._ZL20UART_CheckRxListenerPN5daisy11UartHandler4ImplE
                0x0800ebc4       0x84 libDaisy/build\libdaisy.a(uart.o)
 .text._ZN5daisy11UartHandler4Impl10StartDmaTxEPhjPFvPvEPFvS3_NS0_6ResultEES3_
                0x0800ec48      0x174 libDaisy/build\libdaisy.a(uart.o)
                0x0800ec48                daisy::UartHandler::Impl::StartDmaTx(unsigned char*, unsigned int, void (*)(void*), void (*)(void*, daisy::UartHandler::Result), void*)
 .text._ZN5daisy11UartHandler4Impl10StartDmaRxEPhjPFvPvEPFvS3_NS0_6ResultEES3_
                0x0800edbc      0x174 libDaisy/build\libdaisy.a(uart.o)
                0x0800edbc                daisy::UartHandler::Impl::StartDmaRx(unsigned char*, unsigned int, void (*)(void*), void (*)(void*, daisy::UartHandler::Result), void*)
 .text._ZN5daisy11UartHandler4Impl19DmaTransferFinishedEP20__UART_HandleTypeDefNS0_6ResultE
                0x0800ef30       0xc0 libDaisy/build\libdaisy.a(uart.o)
                0x0800ef30                daisy::UartHandler::Impl::DmaTransferFinished(__UART_HandleTypeDef*, daisy::UartHandler::Result)
 .text._ZN5daisy11UartHandler4Impl8InitPinsEv
                0x0800eff0      0x154 libDaisy/build\libdaisy.a(uart.o)
                0x0800eff0                daisy::UartHandler::Impl::InitPins()
 .text.HAL_UART_MspInit
                0x0800f144      0x210 libDaisy/build\libdaisy.a(uart.o)
                0x0800f144                HAL_UART_MspInit
 .text.dsy_uart_global_init
                0x0800f354       0xfc libDaisy/build\libdaisy.a(uart.o)
                0x0800f354                dsy_uart_global_init
 .text.USART1_IRQHandler
                0x0800f450       0x30 libDaisy/build\libdaisy.a(uart.o)
                0x0800f450                USART1_IRQHandler
 .text.USART2_IRQHandler
                0x0800f480       0x38 libDaisy/build\libdaisy.a(uart.o)
                0x0800f480                USART2_IRQHandler
 .text.USART3_IRQHandler
                0x0800f4b8       0x38 libDaisy/build\libdaisy.a(uart.o)
                0x0800f4b8                USART3_IRQHandler
 .text.UART4_IRQHandler
                0x0800f4f0       0x38 libDaisy/build\libdaisy.a(uart.o)
                0x0800f4f0                UART4_IRQHandler
 .text.UART5_IRQHandler
                0x0800f528       0x38 libDaisy/build\libdaisy.a(uart.o)
                0x0800f528                UART5_IRQHandler
 .text.USART6_IRQHandler
                0x0800f560       0x38 libDaisy/build\libdaisy.a(uart.o)
                0x0800f560                USART6_IRQHandler
 .text.UART7_IRQHandler
                0x0800f598       0x38 libDaisy/build\libdaisy.a(uart.o)
                0x0800f598                UART7_IRQHandler
 .text.UART8_IRQHandler
                0x0800f5d0       0x38 libDaisy/build\libdaisy.a(uart.o)
                0x0800f5d0                UART8_IRQHandler
 .text.LPUART1_IRQHandler
                0x0800f608       0x38 libDaisy/build\libdaisy.a(uart.o)
                0x0800f608                LPUART1_IRQHandler
 .text.DMA1_Stream5_IRQHandler
                0x0800f640       0x34 libDaisy/build\libdaisy.a(uart.o)
                0x0800f640                DMA1_Stream5_IRQHandler
 .text.DMA2_Stream4_IRQHandler
                0x0800f674       0x34 libDaisy/build\libdaisy.a(uart.o)
                0x0800f674                DMA2_Stream4_IRQHandler
 .text.HAL_UART_TxCpltCallback
                0x0800f6a8        0x8 libDaisy/build\libdaisy.a(uart.o)
                0x0800f6a8                HAL_UART_TxCpltCallback
 .text.HAL_UART_RxCpltCallback
                0x0800f6b0       0x94 libDaisy/build\libdaisy.a(uart.o)
                0x0800f6b0                HAL_UART_RxCpltCallback
 .text.HAL_UART_RxHalfCpltCallback
                0x0800f744       0x90 libDaisy/build\libdaisy.a(uart.o)
                0x0800f744                HAL_UART_RxHalfCpltCallback
 .text.HAL_UART_ErrorCallback
                0x0800f7d4        0x8 libDaisy/build\libdaisy.a(uart.o)
                0x0800f7d4                HAL_UART_ErrorCallback
 *fill*         0x0800f7dc        0x4 
 .text.startup._GLOBAL__sub_I__Z19MapInstanceToHandleP13USART_TypeDef
                0x0800f7e0      0x19c libDaisy/build\libdaisy.a(uart.o)
 .text.dsy_dma_init
                0x0800f97c      0x100 libDaisy/build\libdaisy.a(dma.o)
                0x0800f97c                dsy_dma_init
 .text.dsy_dma_invalidate_cache_for_buffer
                0x0800fa7c       0x2c libDaisy/build\libdaisy.a(dma.o)
                0x0800fa7c                dsy_dma_invalidate_cache_for_buffer
 .text.HAL_MDMA_Abort_IT
                0x0800faa8       0x28 libDaisy/build\libdaisy.a(stm32h7xx_hal_mdma.o)
                0x0800faa8                HAL_MDMA_Abort_IT
 .text.SPI_CloseTransfer
                0x0800fad0       0xb8 libDaisy/build\libdaisy.a(stm32h7xx_hal_spi.o)
 .text.HAL_SPI_Init
                0x0800fb88      0x154 libDaisy/build\libdaisy.a(stm32h7xx_hal_spi.o)
                0x0800fb88                HAL_SPI_Init
 .text.HAL_SPI_Transmit_DMA
                0x0800fcdc      0x160 libDaisy/build\libdaisy.a(stm32h7xx_hal_spi.o)
                0x0800fcdc                HAL_SPI_Transmit_DMA
 .text.HAL_SPI_TransmitReceive_DMA
                0x0800fe3c      0x1fc libDaisy/build\libdaisy.a(stm32h7xx_hal_spi.o)
                0x0800fe3c                HAL_SPI_TransmitReceive_DMA
 .text.HAL_SPI_Receive_DMA
                0x08010038      0x198 libDaisy/build\libdaisy.a(stm32h7xx_hal_spi.o)
                0x08010038                HAL_SPI_Receive_DMA
 .text.SPI_DMATransmitCplt
                0x080101d0       0x28 libDaisy/build\libdaisy.a(stm32h7xx_hal_spi.o)
 .text.SPI_DMAReceiveCplt
                0x080101f8       0x28 libDaisy/build\libdaisy.a(stm32h7xx_hal_spi.o)
 .text.SPI_DMATransmitReceiveCplt
                0x08010220       0x28 libDaisy/build\libdaisy.a(stm32h7xx_hal_spi.o)
 .text.HAL_SPI_TxHalfCpltCallback
                0x08010248        0x4 libDaisy/build\libdaisy.a(stm32h7xx_hal_spi.o)
                0x08010248                HAL_SPI_TxHalfCpltCallback
 .text.SPI_DMAHalfTransmitCplt
                0x0801024c        0xc libDaisy/build\libdaisy.a(stm32h7xx_hal_spi.o)
 .text.HAL_SPI_RxHalfCpltCallback
                0x08010258        0x4 libDaisy/build\libdaisy.a(stm32h7xx_hal_spi.o)
                0x08010258                HAL_SPI_RxHalfCpltCallback
 .text.SPI_DMAHalfReceiveCplt
                0x0801025c        0xc libDaisy/build\libdaisy.a(stm32h7xx_hal_spi.o)
 .text.HAL_SPI_TxRxHalfCpltCallback
                0x08010268        0x4 libDaisy/build\libdaisy.a(stm32h7xx_hal_spi.o)
                0x08010268                HAL_SPI_TxRxHalfCpltCallback
 .text.SPI_DMAHalfTransmitReceiveCplt
                0x0801026c        0xc libDaisy/build\libdaisy.a(stm32h7xx_hal_spi.o)
 .text.SPI_DMAError
                0x08010278       0xd8 libDaisy/build\libdaisy.a(stm32h7xx_hal_spi.o)
 .text.HAL_SPI_IRQHandler
                0x08010350      0x238 libDaisy/build\libdaisy.a(stm32h7xx_hal_spi.o)
                0x08010350                HAL_SPI_IRQHandler
 .text.SPI_DMAAbortOnError
                0x08010588       0x1c libDaisy/build\libdaisy.a(stm32h7xx_hal_spi.o)
 .text.HAL_SPI_GetState
                0x080105a4        0x8 libDaisy/build\libdaisy.a(stm32h7xx_hal_spi.o)
                0x080105a4                HAL_SPI_GetState
 .text.HAL_UART_Transmit_DMA
                0x080105ac       0x90 libDaisy/build\libdaisy.a(stm32h7xx_hal_uart.o)
                0x080105ac                HAL_UART_Transmit_DMA
 .text.HAL_UART_Receive_DMA
                0x0801063c       0x9c libDaisy/build\libdaisy.a(stm32h7xx_hal_uart.o)
                0x0801063c                HAL_UART_Receive_DMA
 .text.UART_DMATransmitCplt
                0x080106d8       0x2c libDaisy/build\libdaisy.a(stm32h7xx_hal_uart.o)
 .text.HAL_UART_TxHalfCpltCallback
                0x08010704        0x4 libDaisy/build\libdaisy.a(stm32h7xx_hal_uart.o)
                0x08010704                HAL_UART_TxHalfCpltCallback
 .text.UART_DMATxHalfCplt
                0x08010708        0xc libDaisy/build\libdaisy.a(stm32h7xx_hal_uart.o)
 .text.UART_DMAReceiveCplt
                0x08010714       0x38 libDaisy/build\libdaisy.a(stm32h7xx_hal_uart.o)
 .text.UART_DMARxHalfCplt
                0x0801074c        0xc libDaisy/build\libdaisy.a(stm32h7xx_hal_uart.o)
 .text.UART_DMAError
                0x08010758       0x78 libDaisy/build\libdaisy.a(stm32h7xx_hal_uart.o)
 .text.HAL_UART_IRQHandler
                0x080107d0      0x1e4 libDaisy/build\libdaisy.a(stm32h7xx_hal_uart.o)
                0x080107d0                HAL_UART_IRQHandler
 .text.UART_DMAAbortOnError
                0x080109b4       0x14 libDaisy/build\libdaisy.a(stm32h7xx_hal_uart.o)
 .text.HAL_UART_GetState
                0x080109c8        0xc libDaisy/build\libdaisy.a(stm32h7xx_hal_uart.o)
                0x080109c8                HAL_UART_GetState
 .text.UART_SetConfig
                0x080109d4      0x82c libDaisy/build\libdaisy.a(stm32h7xx_hal_uart.o)
                0x080109d4                UART_SetConfig
 .text.UART_AdvFeatureConfig
                0x08011200       0xb0 libDaisy/build\libdaisy.a(stm32h7xx_hal_uart.o)
                0x08011200                UART_AdvFeatureConfig
 .text.UART_CheckIdleState
                0x080112b0       0x80 libDaisy/build\libdaisy.a(stm32h7xx_hal_uart.o)
                0x080112b0                UART_CheckIdleState
 .text.HAL_UART_Init
                0x08011330       0x68 libDaisy/build\libdaisy.a(stm32h7xx_hal_uart.o)
                0x08011330                HAL_UART_Init
 .text.HAL_UARTEx_WakeupCallback
                0x08011398        0x4 libDaisy/build\libdaisy.a(stm32h7xx_hal_uart_ex.o)
                0x08011398                HAL_UARTEx_WakeupCallback
 .text.HAL_UARTEx_RxFifoFullCallback
                0x0801139c        0x4 libDaisy/build\libdaisy.a(stm32h7xx_hal_uart_ex.o)
                0x0801139c                HAL_UARTEx_RxFifoFullCallback
 .text.HAL_UARTEx_TxFifoEmptyCallback
                0x080113a0        0x4 libDaisy/build\libdaisy.a(stm32h7xx_hal_uart_ex.o)
                0x080113a0                HAL_UARTEx_TxFifoEmptyCallback
 .text.__aeabi_atexit